******************************************************************************
                  TI ARM Linker Unix v5.2.7                    
******************************************************************************
>> Linked Mon Apr 18 18:07:12 2016

OUTPUT FILE NAME:   <FlowerCare.out>
ENTRY POINT SYMBOL: "_c_int00"  address: 2001561d


MEMORY CONFIGURATION

         name            origin    length      used     unused   attr    fill
----------------------  --------  ---------  --------  --------  ----  --------
  SRAM_CODE             20004000   00016fff  0001636e  00000c91  RW X
  SRAM_DATA             2001b000   00015000  0000c92c  000086d4  RW X


SEGMENT ALLOCATION MAP

run origin  load origin   length   init length attrs members
----------  ----------- ---------- ----------- ----- -------
20004000    20004000    00016378   00016378    r-x
  20004000    20004000    0000030c   0000030c    r-- .resetVecs
  20004310    20004310    00013482   00013482    r-x .text
  20017794    20017794    00002780   00002780    r-- .const
  20019f18    20019f18    00000460   00000460    r-- .cinit
2001b000    2001b000    0000a92c   00000000    rw-
  2001b000    2001b000    0000a280   00000000    rw- .bss
  20025280    20025280    000006ac   00000000    rw- .data
2002e000    2002e000    00002000   00000000    rw-
  2002e000    2002e000    00002000   00000000    rw- .stack


SECTION ALLOCATION MAP

 output                                  attributes/
section   page    origin      length       input sections
--------  ----  ----------  ----------   ----------------
.init_array 
*          0    20004000    00000000     UNINITIALIZED

.text      0    20004310    00013482     
                  20004310    000025c4     mqtt.a : mqtt_client.obj (.text)
                  200068d4    000012c8     network_if.obj (.text)
                  20007b9c    000010a6     rtsv7M4_T_le_eabi.lib : _printfi.obj (.text)
                  20008c42    00000002     driverlib.a : interrupt.obj (.text:IntDefaultHandler)
                  20008c44    00000a2c     mqttstuff.obj (.text)
                  20009670    00000a0a     mqtt.a : mqtt_common.obj (.text)
                  2000a07a    00000002     rtsv7M4_T_le_eabi.lib : i_div0.obj (.text)
                  2000a07c    00000978     mqtt.a : sl_mqtt_client.obj (.text)
                  2000a9f4    000006bc            : cc31xx_sl_net.obj (.text)
                  2000b0b0    000005ec     simplelink.a : driver.obj (.text:_SlDrvMsgRead)
                  2000b69c    00000544     ti_rtos.a : osi_tirtos.obj (.text)
                  2000bbe0    00000430     sysbios.aem4 : BIOS.obj (.text:ti_sysbios_family_arm_m3_Hwi_excDumpRegs__I)
                  2000c010    00000394     gpio_if.obj (.text)
                  2000c3a4    0000034c     ti.targets.arm.rtsarm.aem4 : System.oem4 (.text:xdc_runtime_System_doPrint__I)
                  2000c6f0    00000314     sysbios.aem4 : BIOS.obj (.text:ti_sysbios_knl_Semaphore_pend__E)
                  2000ca04    000002d4     rtsv7M4_T_le_eabi.lib : trgdrv.obj (.text)
                  2000ccd8    00000280     uart_if.obj (.text)
                  2000cf58    00000254     sysbios.aem4 : BIOS.obj (.text:ti_sysbios_heaps_HeapMem_free__E)
                  2000d1ac    00000248     simplelink.a : driver.obj (.text:_SlDrvRxHdrRead)
                  2000d3f4    00000004     app_pem4.oem4 (.text:ti_sysbios_BIOS_RtsGateProxy_enter__E)
                  2000d3f8    00000248     sysbios.aem4 : BIOS.obj (.text:ti_sysbios_heaps_HeapMem_alloc__E)
                  2000d640    00000244     simplelink.a : wlan.obj (.text:sl_WlanConnect)
                  2000d884    00000004     app_pem4.oem4 (.text:ti_sysbios_BIOS_RtsGateProxy_leave__E)
                  2000d888    0000022c     sysbios.aem4 : BIOS.obj (.text:ti_sysbios_knl_Task_Instance_finalize__E)
                  2000dab4    00000004     app_pem4.oem4 (.text:ti_sysbios_family_arm_m3_Hwi_delete)
                  2000dab8    00000200     sysbios.aem4 : BIOS.obj (.text:ti_sysbios_knl_Task_sleep__E)
                  2000dcb8    000001fc                  : BIOS.obj (.text:ti_sysbios_family_arm_m3_Hwi_excHandlerMax__I)
                  2000deb4    000001f4     rtsv7M4_T_le_eabi.lib : ull_div_t2.obj (.text)
                  2000e0a8    000001d0     simplelink.a : driver.obj (.text:_SlDrvReleasePoolObj)
                  2000e278    000001cc                  : driver.obj (.text:_SlDrvMsgWrite)
                  2000e444    00000004     app_pem4.oem4 (.text:ti_sysbios_family_arm_m3_TaskSupport_Module__startupDone__S)
                  2000e448    000001c8     sysbios.aem4 : BIOS.obj (.text:ti_sysbios_knl_Task_Instance_init__E)
                  2000e610    000001c0     timer_if.obj (.text)
                  2000e7d0    000001b6     rtsv7M4_T_le_eabi.lib : fd_add_t2.obj (.text)
                  2000e986    00000002     app_pem4.oem4 (.text:ti_sysbios_BIOS_nullFunc__I)
                  2000e988    0000019c     sysbios.aem4 : BIOS.obj (.text:ti_sysbios_knl_Task_Module_startup__E)
                  2000eb24    00000190     simplelink.a : driver.obj (.text:_SlDrvWaitForPoolObj)
                  2000ecb4    00000174                  : driver.obj (.text:_SlDrvDriverCBInit)
                  2000ee28    00000174     sysbios.aem4 : BIOS.obj (.text:ti_sysbios_family_arm_m3_Hwi_excBusFault__I)
                  2000ef9c    00000170     simplelink.a : driver.obj (.text:_SlFindAndSetActiveObj)
                  2000f10c    00000004     app_pem4.oem4 (.text:ti_sysbios_heaps_HeapMem_Module_GateProxy_enter__E)
                  2000f110    00000164     sysbios.aem4 : BIOS.obj (.text:ti_sysbios_family_arm_m3_Hwi_excUsageFault__I)
                  2000f274    00000004     app_pem4.oem4 (.text:ti_sysbios_heaps_HeapMem_Module_GateProxy_leave__E)
                  2000f278    00000158     sysbios.aem4 : BIOS.obj (.text:ti_sysbios_knl_Mailbox_Instance_init__E)
                  2000f3d0    00000150     button_if.obj (.text)
                  2000f520    0000014c     simplelink.a : cc_pal.obj (.text:spi_Open)
                  2000f66c    00000004     app_pem4.oem4 (.text:ti_sysbios_knl_Clock_TimerProxy_getMaxTicks__E)
                  2000f670    00000148     sysbios.aem4 : BIOS.obj (.text:ti_sysbios_family_arm_m3_Hwi_excMemFault__I)
                  2000f7b8    00000140                  : BIOS.obj (.text:ti_sysbios_knl_Semaphore_post__E)
                  2000f8f8    0000013c     simplelink.a : socket.obj (.text:sl_Select)
                  2000fa34    00000004     app_pem4.oem4 (.text:ti_sysbios_knl_Mailbox_delete)
                  2000fa38    0000013c     sysbios.aem4 : BIOS.obj (.text:ti_sysbios_heaps_HeapMem_Instance_init__E)
                  2000fb74    00000138     simplelink.a : socket.obj (.text:sl_Accept)
                  2000fcac    00000004     app_pem4.oem4 (.text:ti_sysbios_knl_Queue_destruct)
                  2000fcb0    00000138     sysbios.aem4 : BIOS.obj (.text:ti_sysbios_family_arm_m3_Hwi_dispatchC__I)
                  2000fde8    00000138     ti.targets.arm.rtsarm.aem4 : LoggerBuf.oem4 (.text:xdc_runtime_LoggerBuf_write8__E)
                  2000ff20    00000136     rtsv7M4_T_le_eabi.lib : fd_div_t2.obj (.text)
                  20010056    00000002     app_pem4.oem4 (.text:xdc_runtime_Startup_reset__I)
                  20010058    00000134     driverlib.a : prcm.obj (.text:PRCMCC3200MCUInit)
                  2001018c    00000004     app_pem4.oem4 (.text:ti_sysbios_knl_Semaphore_delete)
                  20010190    00000134     sysbios.aem4 : BIOS.obj (.text:ti_sysbios_knl_Clock_workFunc__E)
                  200102c4    00000128     simplelink.a : driver.obj (.text:_SlDrvDataReadOp)
                  200103ec    00000004     app_pem4.oem4 (.text:ti_sysbios_knl_Semaphore_destruct)
                  200103f0    0000011c     sysbios.aem4 : BIOS.obj (.text:ti_sysbios_knl_Swi_run__I)
                  2001050c    00000118     simplelink.a : socket.obj (.text:sl_SendTo)
                  20010624    00000118     ti.targets.arm.rtsarm.aem4 : Error.oem4 (.text:xdc_runtime_Error_policyDefault__E)
                  2001073c    00000110     rtsv7M4_T_le_eabi.lib : xdscale.obj (.text)
                  2001084c    0000010c     simplelink.a : socket.obj (.text:sl_RecvFrom)
                  20010958    00000108                  : socket.obj (.text:sl_Connect)
                  20010a60    00000108                  : socket.obj (.text:sl_Send)
                  20010b68    00000104                  : driver.obj (.text:_SlDrvDataWriteOp)
                  20010c6c    00000104                  : netapp.obj (.text:sl_NetAppDnsGetHostByName)
                  20010d70    00000100     main.obj (.text)
                  20010e70    00000100     ti.targets.arm.rtsarm.aem4 : Core-mem.oem4 (.text:xdc_runtime_Core_createObject__I)
                  20010f70    000000fe     simplelink.a : netapp.obj (.text:_SlDrvNetAppEventHandler)
                  2001106e    000000fc     rtsv7M4_T_le_eabi.lib : fd_mul_t2.obj (.text)
                  2001116a    00000002     --HOLE-- [fill = 0]
                  2001116c    000000f8     ti.targets.arm.rtsarm.aem4 : Startup.oem4 (.text:xdc_runtime_Startup_startMods__I)
                  20011264    000000f8     app_pem4.oem4 (.text:xdc_runtime_System_printfExtend__I)
                  2001135c    000000f4     simplelink.a : driver.obj (.text:_SlDrvDriverCBDeinit)
                  20011450    000000f0     driverlib.a : udma.obj (.text:uDMAChannelTransferSet)
                  20011540    000000dc     simplelink.a : cc_pal.obj (.text:spi_Read)
                  2001161c    000000d8                  : driver.obj (.text:_SlDrvClassifyRxMsg)
                  200116f4    000000d4                  : device.obj (.text:sl_Stop)
                  200117c8    000000d4     ti.targets.arm.rtsarm.aem4 : LoggerBuf.oem4 (.text:xdc_runtime_LoggerBuf_write4__E)
                  2001189c    00000004     app_pem4.oem4 (.text:ti_sysbios_knl_Task_delete)
                  200118a0    000000d0     sysbios.aem4 : BIOS.obj (.text:ti_sysbios_family_arm_m3_Hwi_Module_startup__E)
                  20011970    000000d0                  : m3_Hwi_asm.obj (.text:ti_sysbios_family_arm_m3_Hwi_dispatch__I)
                  20011a40    000000cc                  : BIOS.obj (.text:ti_sysbios_knl_Task_schedule__I)
                  20011b0c    000000cc     ti.targets.arm.rtsarm.aem4 : Core-smem.oem4 (.text:xdc_runtime_Core_constructObject__I)
                  20011bd8    000000c8     simplelink.a : netapp.obj (.text:_sl_HandleAsync_DnsGetHostByService)
                  20011ca0    000000c0                  : driver.obj (.text:_SlRemoveFromList)
                  20011d60    000000be     rtsv7M4_T_le_eabi.lib : xdnorm.obj (.text)
                  20011e1e    00000002     --HOLE-- [fill = 0]
                  20011e20    000000bc     simplelink.a : driver.obj (.text:_SlDrvMsgReadCmdCtx)
                  20011edc    000000bc                  : device.obj (.text:sl_Start)
                  20011f98    000000bc     sysbios.aem4 : BIOS.obj (.text:ti_sysbios_family_arm_m3_Hwi_excDebugMon__I)
                  20012054    00000004     ti.targets.arm.rtsarm.aem4 : Error.oem4 (.text:xdc_runtime_Error_getSite__E)
                  20012058    000000bc     sysbios.aem4 : BIOS.obj (.text:ti_sysbios_family_arm_m3_Hwi_excHardFault__I)
                  20012114    00000004     app_pem4.oem4 (.text:xdc_runtime_LoggerBuf_Module_GateProxy_enter__E)
                  20012118    000000bc     sysbios.aem4 : BIOS.obj (.text:ti_sysbios_knl_Task_startCore__E)
                  200121d4    000000b8     simplelink.a : driver.obj (.text:_SlAsyncEventGenericHandler)
                  2001228c    000000b4                  : netapp.obj (.text:sl_NetAppMDNSRegisterUnregisterService)
                  20012340    000000b4     sysbios.aem4 : BIOS.obj (.text:ti_sysbios_gates_GateMutex_enter__E)
                  200123f4    00000004     app_pem4.oem4 (.text:xdc_runtime_LoggerBuf_Module_GateProxy_leave__E)
                  200123f8    000000b4     sysbios.aem4 : BIOS.obj (.text:ti_sysbios_knl_Task_checkStacks__E)
                  200124ac    00000004     app_pem4.oem4 (.text:xdc_runtime_System_Module_GateProxy_enter__E)
                  200124b0    000000b4     sysbios.aem4 : BIOS.obj (.text:ti_sysbios_knl_Task_yield__E)
                  20012564    00000004     app_pem4.oem4 (.text:xdc_runtime_System_Module_GateProxy_leave__E)
                  20012568    000000ac     sysbios.aem4 : BIOS.obj (.text:ti_sysbios_knl_Swi_post__E)
                  20012614    000000a8     driverlib.a : interrupt.obj (.text:IntDisable)
                  200126bc    000000a8                 : interrupt.obj (.text:IntEnable)
                  20012764    000000a8     simplelink.a : netcfg.obj (.text:sl_NetCfgGet)
                  2001280c    00000004     ti.targets.arm.rtsarm.aem4 : System.oem4 (.text:xdc_runtime_System_aprintf_va__F)
                  20012810    000000a8     sysbios.aem4 : BIOS.obj (.text:ti_sysbios_knl_Task_blockI__E)
                  200128b8    000000a8                  : BIOS.obj (.text:ti_sysbios_knl_Task_postInit__I)
                  20012960    000000a0     driverlib.a : spi.obj (.text:SPIConfigSetExpClk)
                  20012a00    000000a0     auto_init.aem4 : auto_init.oem4 (.text)
                  20012aa0    000000a0     ti.targets.arm.rtsarm.aem4 : Text.oem4 (.text:xdc_runtime_Text_putMod__E)
                  20012b40    0000009c     simplelink.a : driver.obj (.text:_SlDrvMsgReadSpawnCtx)
                  20012bdc    0000009c     rtsv7M4_T_le_eabi.lib : memcpy_t2.obj (.text)
                  20012c78    0000009c     simplelink.a : device.obj (.text:sl_DevGet)
                  20012d14    00000004     ti.targets.arm.rtsarm.aem4 : System.oem4 (.text:xdc_runtime_System_printf_va__F)
                  20012d18    0000009c     sysbios.aem4 : BIOS.obj (.text:ti_sysbios_knl_Semaphore_Instance_init__E)
                  20012db4    0000009c     ti.targets.arm.rtsarm.aem4 : LoggerBuf.oem4 (.text:xdc_runtime_LoggerBuf_setFilterLevel__E)
                  20012e50    0000009a                                : Text.oem4 (.text:xdc_runtime_Text_putSite__E)
                  20012eea    00000002     --HOLE-- [fill = 0]
                  20012eec    00000098     pinmux.obj (.text)
                  20012f84    00000004     --HOLE-- [fill = 0]
                  20012f88    00000098     sysbios.aem4 : BIOS.obj (.text:ti_sysbios_knl_Mailbox_post__E)
                  20013020    00000094     driverlib.a : prcm.obj (.text:PRCMPeripheralClockGet)
                  200130b4    00000004     --HOLE-- [fill = 0]
                  200130b8    00000094     sysbios.aem4 : BIOS.obj (.text:ti_sysbios_family_arm_m3_Hwi_Instance_init__E)
                  2001314c    00000004     --HOLE-- [fill = 0]
                  20013150    00000094                  : BIOS.obj (.text:ti_sysbios_knl_Task_exit__E)
                  200131e4    00000004     --HOLE-- [fill = 0]
                  200131e8    00000090                  : BIOS.obj (.text:ti_sysbios_knl_Task_unblockI__E)
                  20013278    0000008c     simplelink.a : cc_pal.obj (.text:SetupDMAReceive)
                  20013304    0000008c                  : cc_pal.obj (.text:SetupDMASend)
                  20013390    0000008c                  : netapp.obj (.text:_sl_HandleAsync_DnsGetHostByName)
                  2001341c    0000008c                  : netapp.obj (.text:_sl_HandleAsync_PingResponse)
                  200134a8    0000008c                  : cc_pal.obj (.text:spi_Write)
                  20013534    00000004     --HOLE-- [fill = 0]
                  20013538    0000008c     sysbios.aem4 : BIOS.obj (.text:ti_sysbios_knl_Mailbox_pend__E)
                  200135c4    00000088     driverlib.a : pin.obj (.text:PinConfigSet)
                  2001364c    00000088     rtsv7M4_T_le_eabi.lib : vsnprintf.obj (.text)
                  200136d4    00000088     simplelink.a : socket.obj (.text:sl_Bind)
                  2001375c    00000004     --HOLE-- [fill = 0]
                  20013760    00000088     sysbios.aem4 : BIOS.obj (.text:ti_sysbios_family_arm_m3_Hwi_initNVIC__E)
                  200137e8    00000088                  : BIOS.obj (.text:ti_sysbios_knl_Mailbox_Module_startup__E)
                  20013870    00000086     rtsv7M4_T_le_eabi.lib : fd_cmp_t2.obj (.text:__aeabi_cdcmple)
                  200138f6    00000086                           : fd_cmp_t2.obj (.text:__aeabi_cdrcmple)
                  2001397c    00000084     simplelink.a : cc_pal.obj (.text:NwpPowerOnPreamble)
                  20013a00    00000084     sysbios.aem4 : BIOS.obj (.text:ti_sysbios_family_arm_m3_Hwi_postInit__I)
                  20013a84    00000082     driverlib.a : gpio.obj (.text:GPIOIntTypeSet)
                  20013b06    00000002     --HOLE-- [fill = 0]
                  20013b08    00000080     simplelink.a : driver.obj (.text:_SlDrvCmdOp)
                  20013b88    00000080                  : cc_pal.obj (.text:spi_Read_CPU)
                  20013c08    00000080                  : cc_pal.obj (.text:spi_Write_CPU)
                  20013c88    0000007c     driverlib.a : prcm.obj (.text:PRCMRTCGet)
                  20013d04    0000007c     simplelink.a : device.obj (.text:_sl_HandleAsync_InitComplete)
                  20013d80    0000007c     sysbios.aem4 : BIOS.obj (.text:ti_sysbios_family_arm_m3_TimestampProvider_get64__E)
                  20013dfc    0000007a     rtsv7M4_T_le_eabi.lib : memset_t2.obj (.text)
                  20013e76    00000002     --HOLE-- [fill = 0]
                  20013e78    00000078     simplelink.a : socket.obj (.text:_sl_HandleAsync_Connect)
                  20013ef0    00000078                  : cc_pal.obj (.text:spi_Close)
                  20013f68    00000076     driverlib.a : uart.obj (.text:UARTConfigSetExpClk)
                  20013fde    00000002     --HOLE-- [fill = 0]
                  20013fe0    00000074     simplelink.a : socket.obj (.text:sl_Recv)
                  20014054    00000074     ti.targets.arm.rtsarm.aem4 : LoggerBuf.oem4 (.text:xdc_runtime_LoggerBuf_getFilterLevel__E)
                  200140c8    00000070     sysbios.aem4 : BIOS.obj (.text:ti_sysbios_knl_Mailbox_Instance_finalize__E)
                  20014138    0000006d     ti.targets.arm.rtsarm.aem4 : System.oem4 (.text:xdc_runtime_System_formatNum__I)
                  200141a5    00000003     --HOLE-- [fill = 0]
                  200141a8    0000006c     simplelink.a : driver.obj (.text:_SlDrvCmdSend)
                  20014214    00000004     --HOLE-- [fill = 0]
                  20014218    0000006c     sysbios.aem4 : BIOS.obj (.text:ti_sysbios_knl_Swi_restoreHwi__E)
                  20014284    0000006c     ti.targets.arm.rtsarm.aem4 : Error.oem4 (.text:xdc_runtime_Error_print__E)
                  200142f0    0000006c                                : Memory.oem4 (.text:xdc_runtime_Memory_alloc__E)
                  2001435c    0000006a     rtsv7M4_T_le_eabi.lib : copy_decompress_rle.obj (.text)
                  200143c6    00000002     --HOLE-- [fill = 0]
                  200143c8    00000068     driverlib.a : timer.obj (.text:TimerIntUnregister)
                  20014430    00000068     simplelink.a : netapp.obj (.text:_sl_NetAppSendTokenValue)
                  20014498    00000068     rtsv7M4_T_le_eabi.lib : trgmsg.obj (.text)
                  20014500    00000068     simplelink.a : netcfg.obj (.text:sl_NetCfgSet)
                  20014568    00000068                  : socket.obj (.text:sl_SetSockOpt)
                  200145d0    00000068                  : wlan.obj (.text:sl_WlanSet)
                  20014638    00000066     rtsv7M4_T_le_eabi.lib : xdunscal.obj (.text)
                  2001469e    00000066     ti.targets.arm.rtsarm.aem4 : Core-mem.oem4 (.text:xdc_runtime_Core_deleteObject__I)
                  20014704    00000064     app_pem4.oem4 (.text:ti_sysbios_family_arm_m3_Hwi_create)
                  20014768    00000064     app_pem4.oem4 (.text:ti_sysbios_knl_Mailbox_create)
                  200147cc    00000064     driverlib.a : udma.obj (.text:uDMAChannelAttributeDisable)
                  20014830    00000064                 : udma.obj (.text:uDMAChannelAttributeEnable)
                  20014894    00000060     simplelink.a : socket.obj (.text:_sl_HandleAsync_Accept)
                  200148f4    00000060                  : wlan.obj (.text:sl_WlanPolicySet)
                  20014954    00000004     --HOLE-- [fill = 0]
                  20014958    00000060     sysbios.aem4 : BIOS.obj (.text:ti_sysbios_knl_Clock_logTick__E)
                  200149b8    0000005c     simplelink.a : socket.obj (.text:sl_Socket)
                  20014a14    00000004     --HOLE-- [fill = 0]
                  20014a18    0000005c     sysbios.aem4 : BIOS.obj (.text:ti_sysbios_knl_Swi_schedule__I)
                  20014a74    0000005c     app_pem4.oem4 (.text:ti_sysbios_knl_Task_create)
                  20014ad0    0000005c     app_pem4.oem4 (.text:xdc_runtime_LoggerBuf_Object__create__S)
                  20014b2c    0000005b     ti.targets.arm.rtsarm.aem4 : Text.oem4 (.text:xdc_runtime_Text_putLab__E)
                  20014b87    00000001     --HOLE-- [fill = 0]
                  20014b88    00000058     driverlib.a : interrupt.obj (.text:IntPendClear)
                  20014be0    00000058                 : prcm.obj (.text:PRCMPeripheralReset)
                  20014c38    00000058     sysbios.aem4 : BIOS.obj (.text:ti_sysbios_family_arm_m3_Timer_setPeriod__E)
                  20014c90    00000056     rtsv7M4_T_le_eabi.lib : ltoa.obj (.text)
                  20014ce6    00000002     --HOLE-- [fill = 0]
                  20014ce8    00000054     simplelink.a : socket.obj (.text:_sl_HandleAsync_Select)
                  20014d3c    00000054                  : wlan.obj (.text:sl_WlanRxFilterSet)
                  20014d90    00000054     sysbios.aem4 : BIOS.obj (.text:ti_sysbios_family_arm_m3_Timer_start__E)
                  20014de4    00000054     ti.targets.arm.rtsarm.aem4 : Assert.oem4 (.text:xdc_runtime_Assert_raise__I)
                  20014e38    00000050     driverlib.a : prcm.obj (.text:PRCMSlowClkCtrGet)
                  20014e88    00000050     simplelink.a : device.obj (.text:_sl_HandleAsync_Stop)
                  20014ed8    00000050     ti.targets.arm.rtsarm.aem4 : Startup.oem4 (.text:xdc_runtime_Startup_exec__E)
                  20014f28    00000050                                : Text.oem4 (.text:xdc_runtime_Text_visitRope2__I)
                  20014f78    0000004c     driverlib.a : spi.obj (.text:SPIIntEnable)
                  20014fc4    0000004c     simplelink.a : driver.obj (.text:_SlDrvProtectAsyncRespSetting)
                  20015010    0000004c                  : driver.obj (.text:_SlDrvRxIrqHandler)
                  2001505c    0000004c                  : socket.obj (.text:_sl_BuildAddress)
                  200150a8    0000004c     rtsv7M4_T_le_eabi.lib : atoi.obj (.text)
                  200150f4    0000004c                           : cpy_tbl.obj (.text)
                  20015140    0000004c     sysbios.aem4 : m3_TaskSupport_asm.obj (.text:ti_sysbios_family_arm_m3_TaskSupport_buildTaskStack)
                  2001518c    00000004     --HOLE-- [fill = 0]
                  20015190    0000004c                  : BIOS.obj (.text:ti_sysbios_heaps_HeapMem_getStats__E)
                  200151dc    00000004     --HOLE-- [fill = 0]
                  200151e0    0000004c                  : BIOS.obj (.text:ti_sysbios_knl_Swi_runLoop__I)
                  2001522c    00000004     --HOLE-- [fill = 0]
                  20015230    0000004c                  : BIOS.obj (.text:ti_sysbios_knl_Task_allBlockedFunction__I)
                  2001527c    0000004c     driverlib.a : udma.obj (.text:uDMAChannelAssign)
                  200152c8    00000048                 : spi.obj (.text:SPIIntClear)
                  20015310    00000048     simplelink.a : driver.obj (.text:_SlDrvBasicCmd)
                  20015358    00000048     rtsv7M4_T_le_eabi.lib : fd_toi_t2.obj (.text)
                  200153a0    00000048     sysbios.aem4 : BIOS.obj (.text:ti_sysbios_family_arm_m3_Hwi_disableInterrupt__E)
                  200153e8    00000048                  : BIOS.obj (.text:ti_sysbios_family_arm_m3_Hwi_enableInterrupt__E)
                  20015430    00000048                  : BIOS.obj (.text:ti_sysbios_family_arm_m3_Hwi_excReserved__I)
                  20015478    00000048                  : m3_Hwi_asm_switch.obj (.text:ti_sysbios_family_arm_m3_Hwi_initStacks__E)
                  200154c0    00000048                  : BIOS.obj (.text:ti_sysbios_family_arm_m3_Timer_initDevice__I)
                  20015508    00000046     rtsv7M4_T_le_eabi.lib : ldexp.obj (.text)
                  2001554e    00000046     ti.targets.arm.rtsarm.aem4 : Core-params.oem4 (.text:xdc_runtime_Core_assignParams__I)
                  20015594    00000044     driverlib.a : spi.obj (.text:SPIDmaMaskGet)
                  200155d8    00000044                 : timer.obj (.text:TimerConfigure)
                  2001561c    00000044     boot.aem4 : boot.oem4 (.text)
                  20015660    00000044     simplelink.a : cc_pal.obj (.text:cc_SetupTransfer)
                  200156a4    00000044     rtsv7M4_T_le_eabi.lib : exit.obj (.text)
                  200156e8    00000044     sysbios.aem4 : BIOS.obj (.text:ti_sysbios_family_arm_m3_Hwi_getStackInfo__E)
                  2001572c    00000004     --HOLE-- [fill = 0]
                  20015730    00000044                  : BIOS.obj (.text:ti_sysbios_knl_Mailbox_postInit__I)
                  20015774    00000044     ti.targets.arm.rtsarm.aem4 : Error.oem4 (.text:xdc_runtime_Error_setX__E)
                  200157b8    00000044                                : LoggerBuf.oem4 (.text:xdc_runtime_LoggerBuf_filterOutEvent__I)
                  200157fc    00000044                                : SysMin.oem4 (.text:xdc_runtime_SysMin_flush__E)
                  20015840    00000044                                : Text.oem4 (.text:xdc_runtime_Text_xprintf__I)
                  20015884    00000042     simplelink.a : socket.obj (.text:sl_Htonl)
                  200158c6    00000002     --HOLE-- [fill = 0]
                  200158c8    00000040     driverlib.a : pin.obj (.text:PinModeSet)
                  20015908    00000040     rtsv7M4_T_le_eabi.lib : signal.obj (.text)
                  20015948    00000040                           : strtok.obj (.text)
                  20015988    00000040                           : u_divt2.obj (.text)
                  200159c8    00000040     sysbios.aem4 : BIOS.obj (.text:ti_sysbios_family_arm_m3_Timer_Module_startup__E)
                  20015a08    0000003e     app_pem4.oem4 (.text:realloc)
                  20015a46    0000003c     simplelink.a : netapp.obj (.text:CopyPingResultsToReport)
                  20015a82    00000002     --HOLE-- [fill = 0]
                  20015a84    0000003c     driverlib.a : prcm.obj (.text:PRCMPeripheralClkEnable)
                  20015ac0    0000003c     simplelink.a : socket.obj (.text:_sl_TruncatePayloadByProtocol)
                  20015afc    0000003c                  : socket.obj (.text:sl_Htons)
                  20015b38    0000003c                  : socket.obj (.text:sl_Listen)
                  20015b74    00000004     --HOLE-- [fill = 0]
                  20015b78    0000003c     sysbios.aem4 : BIOS.obj (.text:ti_sysbios_family_arm_m3_Hwi_excSvCall__I)
                  20015bb4    00000004     --HOLE-- [fill = 0]
                  20015bb8    0000003c                  : BIOS.obj (.text:ti_sysbios_heaps_HeapMem_init__I)
                  20015bf4    00000004     --HOLE-- [fill = 0]
                  20015bf8    0000003c                  : BIOS.obj (.text:ti_sysbios_knl_Swi_startup__E)
                  20015c34    0000003c     driverlib.a : udma.obj (.text:uDMAChannelControlSet)
                  20015c70    0000003a     ti.targets.arm.rtsarm.aem4 : LoggerBuf.oem4 (.text:xdc_runtime_LoggerBuf_Instance_init__E)
                  20015caa    00000002     --HOLE-- [fill = 0]
                  20015cac    00000038     simplelink.a : cc_pal.obj (.text:NwpPowerOff)
                  20015ce4    00000004     --HOLE-- [fill = 0]
                  20015ce8    00000038     sysbios.aem4 : BIOS.obj (.text:ti_sysbios_family_arm_m3_Hwi_excNoIsr__I)
                  20015d20    00000038                  : BIOS.obj (.text:ti_sysbios_knl_Task_processVitalTaskFlag__I)
                  20015d58    00000038     ti.targets.arm.rtsarm.aem4 : SysMin.oem4 (.text:xdc_runtime_SysMin_putch__E)
                  20015d90    00000038                                : System.oem4 (.text:xdc_runtime_System_atexit__E)
                  20015dc8    00000036     driverlib.a : gpio.obj (.text:GPIODirModeSet)
                  20015dfe    00000036     simplelink.a : netapp.obj (.text:sl_NetAppMDNSUnRegisterService)
                  20015e34    00000034     driverlib.a : prcm.obj (.text:PRCMPeripheralStatusGet)
                  20015e68    00000034                 : spi.obj (.text:SPIFIFOLevelSet)
                  20015e9c    00000034     rtsv7M4_T_le_eabi.lib : feraiseexcept.obj (.text)
                  20015ed0    00000034     sysbios.aem4 : BIOS.obj (.text:ti_sysbios_family_arm_m3_Hwi_Instance_finalize__E)
                  20015f04    00000004     --HOLE-- [fill = 0]
                  20015f08    00000034                  : BIOS.obj (.text:ti_sysbios_family_arm_m3_Hwi_excNmi__I)
                  20015f3c    00000004     --HOLE-- [fill = 0]
                  20015f40    00000034                  : BIOS.obj (.text:ti_sysbios_family_arm_m3_Timer_periodicStub__I)
                  20015f74    00000004     --HOLE-- [fill = 0]
                  20015f78    00000034                  : BIOS.obj (.text:ti_sysbios_hal_Hwi_checkStack)
                  20015fac    00000034     app_pem4.oem4 (.text:ti_sysbios_knl_Semaphore_create)
                  20015fe0    00000034     ti.targets.arm.rtsarm.aem4 : Core-label.oem4 (.text:xdc_runtime_Core_assignLabel__I)
                  20016014    00000033                                : Text.oem4 (.text:xdc_runtime_Text_printVisFxn__I)
                  20016047    00000001     --HOLE-- [fill = 0]
                  20016048    00000032     sysbios.aem4 : BIOS.obj (.text:ti_sysbios_hal_Hwi_initStack)
                  2001607a    00000006     driverlib.a : utils.obj (.text:UtilsDelay)
                  20016080    00000032     sysbios.aem4 : BIOS.obj (.text:ti_sysbios_knl_Semaphore_pendTimeout__I)
                  200160b2    00000030     driverlib.a : pin.obj (.text:PinTypeGPIO)
                  200160e2    00000002     --HOLE-- [fill = 0]
                  200160e4    00000030                 : uart.obj (.text:UARTDisable)
                  20016114    00000030     simplelink.a : device.obj (.text:_SlDrvDeviceEventHandler)
                  20016144    00000030     rtsv7M4_T_le_eabi.lib : strncpy.obj (.text)
                  20016174    00000030                           : xferaise.obj (.text)
                  200161a4    00000030     simplelink.a : socket.obj (.text:sl_Close)
                  200161d4    00000030                  : wlan.obj (.text:sl_WlanProfileDel)
                  20016204    00000030                  : wlan.obj (.text:sl_WlanSetMode)
                  20016234    00000030     app_pem4.oem4 (.text:ti_sysbios_BIOS_atExitFunc__I)
                  20016264    00000004     --HOLE-- [fill = 0]
                  20016268    00000030     sysbios.aem4 : BIOS.obj (.text:ti_sysbios_family_arm_m3_TaskSupport_start__E)
                  20016298    00000030     app_pem4.oem4 (.text:ti_sysbios_gates_GateHwi_Object__create__S)
                  200162c8    00000030     app_pem4.oem4 (.text:ti_sysbios_gates_GateMutex_Object__create__S)
                  200162f8    00000030     app_pem4.oem4 (.text:ti_sysbios_heaps_HeapMem_Object__create__S)
                  20016328    00000030     app_pem4.oem4 (.text:ti_sysbios_knl_Semaphore_construct)
                  20016358    00000030     ti.targets.arm.rtsarm.aem4 : SysMin.oem4 (.text:xdc_runtime_SysMin_abort__E)
                  20016388    00000030                                : System.oem4 (.text:xdc_runtime_System_processAtExit__E)
                  200163b8    0000002e     app_pem4.oem4 (.text:malloc)
                  200163e6    0000002e     rtsv7M4_T_le_eabi.lib : i_tofd_t2.obj (.text)
                  20016414    0000002e                           : raise.obj (.text)
                  20016442    00000002     --HOLE-- [fill = 0]
                  20016444    0000002c     simplelink.a : cc_pal.obj (.text:DmaSpiSwIntHandler)
                  20016470    0000002c                  : cc_pal.obj (.text:NwpPowerOn)
                  2001649c    0000002c     driverlib.a : prcm.obj (.text:PRCMSysResetCauseGet)
                  200164c8    0000002c     app_pem4.oem4 (.text:ti_sysbios_knl_Clock_doTick__I)
                  200164f4    0000002c     app_pem4.oem4 (.text:ti_sysbios_knl_Queue_construct)
                  20016520    0000002c     sysbios.aem4 : BIOS.obj (.text:ti_sysbios_knl_Task_restore__E)
                  2001654c    0000002c     ti.targets.arm.rtsarm.aem4 : Text.oem4 (.text:xdc_runtime_Text_cordText__E)
                  20016578    0000002a     driverlib.a : timer.obj (.text:TimerLoadSet)
                  200165a2    0000002a                 : timer.obj (.text:TimerPrescaleSet)
                  200165cc    0000002a     rtsv7M4_T_le_eabi.lib : strspn.obj (.text)
                  200165f6    0000002a                           : xdclass.obj (.text)
                  20016620    0000002a     ti.targets.arm.rtsarm.aem4 : System.oem4 (.text:xdc_runtime_System_putchar__I)
                  2001664a    00000002     --HOLE-- [fill = 0]
                  2001664c    00000028     driverlib.a : prcm.obj (.text:IsRTCUsed)
                  20016674    00000028                 : prcm.obj (.text:PRCMPeripheralClkDisable)
                  2001669c    00000028     simplelink.a : socket.obj (.text:SL_FD_ISSET)
                  200166c4    00000004     --HOLE-- [fill = 0]
                  200166c8    00000028     sysbios.aem4 : BIOS.obj (.text:ti_sysbios_knl_Swi_Module_startup__E)
                  200166f0    00000028     ti.targets.arm.rtsarm.aem4 : LoggerBuf.oem4 (.text:xdc_runtime_LoggerBuf_Module_startup__E)
                  20016718    00000026     simplelink.a : cc_pal.obj (.text:NwpRegisterInterruptHandler)
                  2001673e    00000026     rtsv7M4_T_le_eabi.lib : strncmp.obj (.text)
                  20016764    00000026     ti.targets.arm.rtsarm.aem4 : System.oem4 (.text:xdc_runtime_System_avprintf__E)
                  2001678a    00000002     --HOLE-- [fill = 0]
                  2001678c    00000024     driverlib.a : interrupt.obj (.text:IntUnregister)
                  200167b0    00000024                 : prcm.obj (.text:RTCU16MSecRegRead)
                  200167d4    00000024                 : prcm.obj (.text:RTCUseSet)
                  200167f8    00000024                 : uart.obj (.text:UARTEnable)
                  2001681c    00000024     simplelink.a : driver.obj (.text:_SlDrvProtectionObjLockWaitForever)
                  20016840    00000024     rtsv7M4_T_le_eabi.lib : memmov.obj (.text)
                  20016864    00000024                           : strcspn.obj (.text)
                  20016888    00000024     app_pem4.oem4 (.text:ti_sysbios_BIOS_errorRaiseHook__I)
                  200168ac    00000024     app_pem4.oem4 (.text:ti_sysbios_BIOS_registerRTSLock__I)
                  200168d0    00000024     app_pem4.oem4 (.text:ti_sysbios_BIOS_removeRTSLock__I)
                  200168f4    00000024     app_pem4.oem4 (.text:ti_sysbios_BIOS_startFunc__I)
                  20016918    00000024     sysbios.aem4 : BIOS.obj (.text:ti_sysbios_family_arm_m3_Hwi_doTaskRestore__I)
                  2001693c    00000004     --HOLE-- [fill = 0]
                  20016940    00000024                  : BIOS.obj (.text:ti_sysbios_family_arm_m3_Timer_startup__E)
                  20016964    00000024     app_pem4.oem4 (.text:ti_sysbios_gates_GateMutex_Object__delete__S)
                  20016988    00000024     sysbios.aem4 : BIOS.obj (.text:ti_sysbios_knl_Clock_Module_startup__E)
                  200169ac    00000024     app_pem4.oem4 (.text:ti_sysbios_knl_Semaphore_Object__delete__S)
                  200169d0    00000024     ti.targets.arm.rtsarm.aem4 : System.oem4 (.text:xdc_runtime_System_vprintf__E)
                  200169f4    00000022     driverlib.a : gpio.obj (.text:GPIOIntStatus)
                  20016a16    00000022     simplelink.a : socket.obj (.text:SL_FD_SET)
                  20016a38    00000022     driverlib.a : spi.obj (.text:SPIReset)
                  20016a5a    00000022                 : spi.obj (.text:SPIWordCountSet)
                  20016a7c    00000022     rtsv7M4_T_le_eabi.lib : frexp.obj (.text)
                  20016a9e    00000022     app_pem4.oem4 (.text:xdc_runtime_SysMin_output__I)
                  20016ac0    00000020     driverlib.a : gpio.obj (.text:GPIOPinWrite)
                  20016ae0    00000020     simplelink.a : driver.obj (.text:_SlDrvProtectionObjUnLock)
                  20016b00    00000020     mqtt.a : cc3200_platform.obj (.text)
                  20016b20    00000020     app_pem4.oem4 (.text:ti_sysbios_BIOS_rtsLock__I)
                  20016b40    00000020     app_pem4.oem4 (.text:ti_sysbios_family_arm_m3_Hwi_Object__delete__S)
                  20016b60    00000020     sysbios.aem4 : m3_Hwi_asm.obj (.text:ti_sysbios_family_arm_m3_Hwi_excHandlerAsm__I)
                  20016b80    00000020                  : BIOS.obj (.text:ti_sysbios_family_arm_m3_Hwi_excHandler__I)
                  20016ba0    00000020                  : BIOS.obj (.text:ti_sysbios_family_arm_m3_TimestampProvider_Module_startup__E)
                  20016bc0    00000020     app_pem4.oem4 (.text:ti_sysbios_gates_GateHwi_Object__delete__S)
                  20016be0    00000020     app_pem4.oem4 (.text:ti_sysbios_heaps_HeapMem_Object__delete__S)
                  20016c00    00000020     sysbios.aem4 : BIOS.obj (.text:ti_sysbios_knl_Idle_run__E)
                  20016c20    00000020     app_pem4.oem4 (.text:ti_sysbios_knl_Mailbox_Object__delete__S)
                  20016c40    00000020     app_pem4.oem4 (.text:ti_sysbios_knl_Semaphore_Object__destruct__S)
                  20016c60    00000020     app_pem4.oem4 (.text:ti_sysbios_knl_Task_Object__delete__S)
                  20016c80    00000020     app_pem4.oem4 (.text:xdc_runtime_LoggerBuf_Object__delete__S)
                  20016ca0    00000020     ti.targets.arm.rtsarm.aem4 : LoggerBuf.oem4 (.text:xdc_runtime_LoggerBuf_reset__E)
                  20016cc0    00000020                                : Registry.oem4 (.text:xdc_runtime_Registry_findById__E)
                  20016ce0    00000020                                : SysMin.oem4 (.text:xdc_runtime_SysMin_Module_startup__E)
                  20016d00    0000001e     driverlib.a : timer.obj (.text:TimerDisable)
                  20016d1e    0000001e                 : timer.obj (.text:TimerEnable)
                  20016d3c    0000001e                 : timer.obj (.text:TimerIntStatus)
                  20016d5a    0000001e                 : uart.obj (.text:UARTCharPut)
                  20016d78    0000001e     simplelink.a : cc_pal.obj (.text:cc_UDMAChannelSelect)
                  20016d96    0000001e     sysbios.aem4 : m3_Hwi_asm_switch.obj (.text:ti_sysbios_family_xxx_Hwi_switchAndRunFunc)
                  20016db4    0000001c     driverlib.a : timer.obj (.text:TimerValueGet)
                  20016dd0    0000001c                 : uart.obj (.text:UARTCharGetNonBlocking)
                  20016dec    0000001c     simplelink.a : driver.obj (.text:_SlDrvObjLockWaitForever)
                  20016e08    0000001c                  : driver.obj (.text:_SlDrvSyncObjWaitForever)
                  20016e24    0000001c     rtsv7M4_T_le_eabi.lib : memccpy.obj (.text)
                  20016e40    0000001c     sysbios.aem4 : BIOS.obj (.text:ti_sysbios_family_arm_m3_Hwi_setPriority__E)
                  20016e5c    00000004     --HOLE-- [fill = 0]
                  20016e60    0000001c                  : BIOS.obj (.text:ti_sysbios_gates_GateMutex_Instance_init__E)
                  20016e7c    0000001c     app_pem4.oem4 (.text:ti_sysbios_knl_Queue_Object__destruct__S)
                  20016e98    0000001c     sysbios.aem4 : BIOS.obj (.text:ti_sysbios_knl_Task_enter__I)
                  20016eb4    0000001c     driverlib.a : udma.obj (.text:uDMAChannelEnable)
                  20016ed0    0000001c     ti.targets.arm.rtsarm.aem4 : Error.oem4 (.text:xdc_runtime_Error_raiseX__E)
                  20016eec    0000001c                                : Memory.oem4 (.text:xdc_runtime_Memory_valloc__E)
                  20016f08    0000001c                                : SysMin.oem4 (.text:xdc_runtime_SysMin_exit__E)
                  20016f24    0000001c                                : System.oem4 (.text:xdc_runtime_System_abort__E)
                  20016f40    0000001a     driverlib.a : gpio.obj (.text:GPIOIntDisable)
                  20016f5a    0000001a                 : gpio.obj (.text:GPIOIntEnable)
                  20016f74    0000001a                 : pin.obj (.text:PinTypeUART)
                  20016f8e    0000001a                 : spi.obj (.text:SPIDmaDisable)
                  20016fa8    0000001a                 : spi.obj (.text:SPIDmaEnable)
                  20016fc2    0000001a                 : spi.obj (.text:SPIFIFODisable)
                  20016fdc    0000001a                 : spi.obj (.text:SPIFIFOEnable)
                  20016ff6    0000001a     app_pem4.oem4 (.text:ti_sysbios_family_arm_m3_Hwi_Handle__label__S)
                  20017010    0000001a     sysbios.aem4 : m3_Hwi_asm.obj (.text:ti_sysbios_family_arm_m3_Hwi_pendSV__I)
                  2001702a    0000001a     app_pem4.oem4 (.text:ti_sysbios_gates_GateHwi_Handle__label__S)
                  20017044    0000001a     app_pem4.oem4 (.text:ti_sysbios_gates_GateMutex_Handle__label__S)
                  2001705e    0000001a     app_pem4.oem4 (.text:ti_sysbios_heaps_HeapMem_Handle__label__S)
                  20017078    0000001a     app_pem4.oem4 (.text:ti_sysbios_knl_Swi_Handle__label__S)
                  20017092    0000001a     app_pem4.oem4 (.text:ti_sysbios_knl_Task_Handle__label__S)
                  200170ac    00000004     --HOLE-- [fill = 0]
                  200170b0    0000001a     sysbios.aem4 : BIOS.obj (.text:ti_sysbios_knl_Task_sleepTimeout__I)
                  200170ca    0000001a     app_pem4.oem4 (.text:xdc_runtime_LoggerBuf_Handle__label__S)
                  200170e4    0000001a     app_pem4.oem4 (.text:xdc_runtime_System_aprintf__E)
                  200170fe    0000001a     app_pem4.oem4 (.text:xdc_runtime_System_printf__E)
                  20017118    00000018     driverlib.a : gpio.obj (.text:GPIOPinRead)
                  20017130    00000018                 : spi.obj (.text:SPICSDisable)
                  20017148    00000018                 : spi.obj (.text:SPICSEnable)
                  20017160    00000018                 : spi.obj (.text:SPIDisable)
                  20017178    00000018                 : spi.obj (.text:SPIEnable)
                  20017190    00000018                 : timer.obj (.text:TimerIntDisable)
                  200171a8    00000018                 : timer.obj (.text:TimerIntEnable)
                  200171c0    00000018                 : uart.obj (.text:UARTCharsAvail)
                  200171d8    00000018     simplelink.a : driver.obj (.text:_SlDrvObjUnLock)
                  200171f0    00000018                  : driver.obj (.text:_SlDrvSyncObjSignal)
                  20017208    00000018                  : device.obj (.text:_sl_GetStartResponseConvert)
                  20017220    00000018     app_pem4.oem4 (.text:free)
                  20017238    00000018     rtsv7M4_T_le_eabi.lib : args_main.obj (.text)
                  20017250    00000018     app_pem4.oem4 (.text:ti_sysbios_BIOS_rtsUnlock__I)
                  20017268    00000018     app_pem4.oem4 (.text:ti_sysbios_family_arm_m3_Hwi_Module__startupDone__F)
                  20017280    00000018     app_pem4.oem4 (.text:ti_sysbios_family_arm_m3_Timer_Module__startupDone__F)
                  20017298    00000018     sysbios.aem4 : BIOS.obj (.text:ti_sysbios_gates_GateMutex_leave__E)
                  200172b0    00000018     ti.targets.arm.rtsarm.aem4 : Error.oem4 (.text:xdc_runtime_Error_check__E)
                  200172c8    00000018                                : System.oem4 (.text:xdc_runtime_System_exit__E)
                  200172e0    00000018                                : Text.oem4 (.text:xdc_runtime_Text_ropeText__E)
                  200172f8    00000016     driverlib.a : prcm.obj (.text:PRCMHIBRegRead)
                  2001730e    00000016                 : prcm.obj (.text:PRCMHIBRegWrite)
                  20017324    00000016     simplelink.a : driver.obj (.text:_SlDrvMemZero)
                  2001733a    00000016     rtsv7M4_T_le_eabi.lib : strchr.obj (.text)
                  20017350    00000016     app_pem4.oem4 (.text:ti_sysbios_BIOS_exitFunc__I)
                  20017366    00000014     driverlib.a : cpu.obj (.text:CPUcpsie)
                  2001737a    00000014                 : gpio.obj (.text:GPIOIntClear)
                  2001738e    00000002     --HOLE-- [fill = 0]
                  20017390    00000014     rtsv7M4_T_le_eabi.lib : _lock.obj (.text)
                  200173a4    00000014                           : strcpy.obj (.text)
                  200173b8    00000014                           : strlen.obj (.text)
                  200173cc    00000014     app_pem4.oem4 (.text:ti_sysbios_family_arm_m3_Hwi_Object__get__S)
                  200173e0    00000014     sysbios.aem4 : BIOS.obj (.text:ti_sysbios_family_arm_m3_Hwi_switchFromBootStack__E)
                  200173f4    00000014     app_pem4.oem4 (.text:ti_sysbios_heaps_HeapMem_Object__get__S)
                  20017408    00000014     app_pem4.oem4 (.text:ti_sysbios_knl_Swi_Object__get__S)
                  2001741c    00000014     app_pem4.oem4 (.text:xdc_runtime_LoggerBuf_Object__get__S)
                  20017430    00000012     driverlib.a : timer.obj (.text:TimerIntClear)
                  20017442    00000006     ti.targets.arm.rtsarm.aem4 : xdc_noinit.oem4 (.text:__xdc__init)
                  20017448    00000012     sysbios.aem4 : BIOS.obj (.text:ti_sysbios_hal_Hwi_Module_startup__E)
                  2001745a    00000006     rtsv7M4_T_le_eabi.lib : copy_decompress_rle.obj (.text:decompress:rle24)
                  20017460    00000012     sysbios.aem4 : BIOS.obj (.text:ti_sysbios_hal_Timer_Module_startup__E)
                  20017472    00000012     ti.targets.arm.rtsarm.aem4 : LoggerBuf.oem4 (.text:xdc_runtime_LoggerBuf_Instance_finalize__E)
                  20017484    00000012                                : LoggerBuf.oem4 (.text:xdc_runtime_LoggerBuf_write1__E)
                  20017496    00000012                                : LoggerBuf.oem4 (.text:xdc_runtime_LoggerBuf_write2__E)
                  200174a8    00000012     app_pem4.oem4 (.text:xdc_runtime_Startup_exec__I)
                  200174ba    00000002     --HOLE-- [fill = 0]
                  200174bc    00000010     driverlib.a : prcm.obj (.text:RTCU32SecRegRead)
                  200174cc    00000010     simplelink.a : socket.obj (.text:SL_FD_ZERO)
                  200174dc    00000004     --HOLE-- [fill = 0]
                  200174e0    00000010     sysbios.aem4 : BIOS.obj (.text:ti_sysbios_BIOS_setThreadType__E)
                  200174f0    00000010                  : BIOS.obj (.text:ti_sysbios_BIOS_start__E)
                  20017500    00000010                  : BIOS.obj (.text:ti_sysbios_family_arm_m3_Hwi_getHandle__E)
                  20017510    00000010                  : m3_TaskSupport_asm.obj (.text:ti_sysbios_family_arm_m3_TaskSupport_glue)
                  20017520    00000010                  : m3_TaskSupport_asm.obj (.text:ti_sysbios_family_arm_m3_TaskSupport_swap__E)
                  20017530    00000010                  : BIOS.obj (.text:ti_sysbios_gates_GateMutex_Instance_finalize__E)
                  20017540    00000010     app_pem4.oem4 (.text:ti_sysbios_knl_Mailbox_Object__get__S)
                  20017550    00000010     sysbios.aem4 : BIOS.obj (.text:ti_sysbios_knl_Semaphore_Instance_finalize__E)
                  20017560    00000010                  : BIOS.obj (.text:ti_sysbios_knl_Swi_disable__E)
                  20017570    00000010     app_pem4.oem4 (.text:ti_sysbios_knl_Task_Object__get__S)
                  20017580    00000010     sysbios.aem4 : BIOS.obj (.text:ti_sysbios_knl_Task_disable__E)
                  20017590    00000010     ti.targets.arm.rtsarm.aem4 : Gate.oem4 (.text:xdc_runtime_Gate_leaveSystem__E)
                  200175a0    00000010                                : LoggerBuf.oem4 (.text:xdc_runtime_LoggerBuf_write0__E)
                  200175b0    00000010                                : Memory.oem4 (.text:xdc_runtime_Memory_free__E)
                  200175c0    00000010                                : SysMin.oem4 (.text:xdc_runtime_SysMin_ready__E)
                  200175d0    00000010                                : System.oem4 (.text:xdc_runtime_System_vsnprintf__E)
                  200175e0    00000010     app_pem4.oem4 (.text:xdc_runtime_Text_visitRope__I)
                  200175f0    0000000e     simplelink.a : driver.obj (.text:_SlDrvResetCmdExt)
                  200175fe    0000000e     rtsv7M4_T_le_eabi.lib : copy_decompress_none.obj (.text:decompress:none)
                  2001760c    00000004     --HOLE-- [fill = 0]
                  20017610    0000000e     sysbios.aem4 : BIOS.obj (.text:ti_sysbios_knl_Idle_loop__E)
                  2001761e    00000002     --HOLE-- [fill = 0]
                  20017620    0000000e                  : BIOS.obj (.text:ti_sysbios_knl_Queue_empty__E)
                  2001762e    00000002     --HOLE-- [fill = 0]
                  20017630    0000000c     simplelink.a : cc_pal.obj (.text:NwpMaskInterrupt)
                  2001763c    0000000c                  : cc_pal.obj (.text:NwpUnMaskInterrupt)
                  20017648    0000000c     rtsv7M4_T_le_eabi.lib : copy_zero_init.obj (.text:decompress:ZI)
                  20017654    0000000c     simplelink.a : wlan.obj (.text:sl_WlanDisconnect)
                  20017660    0000000c     app_pem4.oem4 (.text:ti_sysbios_family_arm_m3_Hwi_Params__init__S)
                  2001766c    00000004     --HOLE-- [fill = 0]
                  20017670    0000000c     sysbios.aem4 : BIOS.obj (.text:ti_sysbios_family_arm_m3_Hwi_disableFxn__E)
                  2001767c    00000004     --HOLE-- [fill = 0]
                  20017680    0000000c                  : BIOS.obj (.text:ti_sysbios_family_arm_m3_TaskSupport_checkStack__E)
                  2001768c    00000004     --HOLE-- [fill = 0]
                  20017690    0000000c                  : BIOS.obj (.text:ti_sysbios_family_arm_m3_TaskSupport_getStackAlignment__E)
                  2001769c    00000004     --HOLE-- [fill = 0]
                  200176a0    0000000c                  : BIOS.obj (.text:ti_sysbios_gates_GateHwi_enter__E)
                  200176ac    0000000c     app_pem4.oem4 (.text:ti_sysbios_knl_Queue_Object__get__S)
                  200176b8    0000000c     app_pem4.oem4 (.text:ti_sysbios_knl_Semaphore_Params__init__S)
                  200176c4    0000000c     app_pem4.oem4 (.text:ti_sysbios_knl_Task_Params__init__S)
                  200176d0    0000000c     ti.targets.arm.rtsarm.aem4 : Error.oem4 (.text:xdc_runtime_Error_init__E)
                  200176dc    0000000c                                : Gate.oem4 (.text:xdc_runtime_Gate_enterSystem__E)
                  200176e8    0000000c                                : Memory.oem4 (.text:xdc_runtime_Memory_calloc__E)
                  200176f4    0000000c                                : Memory.oem4 (.text:xdc_runtime_Memory_getMaxDefaultTypeAlign__E)
                  20017700    0000000a     driverlib.a : interrupt.obj (.text:IntMasterEnable)
                  2001770a    0000000a     app_pem4.oem4 (.text:xdc_runtime_IHeap_alloc)
                  20017714    0000000a     app_pem4.oem4 (.text:xdc_runtime_IHeap_free)
                  2001771e    0000000a     ti.targets.arm.rtsarm.aem4 : LoggerBuf.oem4 (.text:xdc_runtime_LoggerBuf_disable__E)
                  20017728    0000000a                                : LoggerBuf.oem4 (.text:xdc_runtime_LoggerBuf_enable__E)
                  20017732    00000008     driverlib.a : prcm.obj (.text:PRCMRTCInUseSet)
                  2001773a    00000006     ti.targets.arm.rtsarm.aem4 : System.oem4 (.text:xdc_runtime_System_Module_startup__E)
                  20017740    00000008     sysbios.aem4 : BIOS.obj (.text:ti_sysbios_family_arm_m3_Hwi_doSwiRestore__I)
                  20017748    00000008                  : BIOS.obj (.text:ti_sysbios_family_arm_m3_Hwi_startup__E)
                  20017750    00000006                  : BIOS.obj (.text:ti_sysbios_family_arm_m3_Hwi_restoreFxn__E)
                  20017756    00000002     --HOLE-- [fill = 0]
                  20017758    00000006                  : BIOS.obj (.text:ti_sysbios_gates_GateHwi_leave__E)
                  2001775e    00000002     --HOLE-- [fill = 0]
                  20017760    00000006                  : BIOS.obj (.text:ti_sysbios_heaps_HeapMem_isBlocking__E)
                  20017766    00000002     --HOLE-- [fill = 0]
                  20017768    00000006                  : BIOS.obj (.text:ti_sysbios_knl_Queue_Instance_init__E)
                  2001776e    00000002     --HOLE-- [fill = 0]
                  20017770    00000004                  : BIOS.obj (.text:ti_sysbios_family_arm_m3_Timer_getMaxTicks__E)
                  20017774    00000004     --HOLE-- [fill = 0]
                  20017778    00000004                  : BIOS.obj (.text:ti_sysbios_gates_GateHwi_query__E)
                  2001777c    00000004     --HOLE-- [fill = 0]
                  20017780    00000004                  : BIOS.obj (.text:ti_sysbios_gates_GateMutex_query__E)
                  20017784    00000004     --HOLE-- [fill = 0]
                  20017788    00000004                  : BIOS.obj (.text:ti_sysbios_knl_Task_startup__E)
                  2001778c    00000004     --HOLE-- [fill = 0]
                  20017790    00000002                  : BIOS.obj (.text:ti_sysbios_gates_GateHwi_Instance_init__E)

.const     0    20017794    00002780     
                  20017794    000018cb     app_pem4.oem4 (.const:xdc_runtime_Text_charTab__A)
                  2001905f    00000001     app_pem4.oem4 (.const:xdc_runtime_Error_policy__C)
                  20019060    00000108     mqttstuff.obj (.const:.string)
                  20019168    00000101     rtsv7M4_T_le_eabi.lib : ctype.obj (.const:.string:_ctypes_)
                  20019269    00000003     mqtt.a : sl_mqtt_client.obj (.const)
                  2001926c    00000100     driverlib.a : pin.obj (.const:g_ulPinToPadMap)
                  2001936c    000000b8     app_pem4.oem4 (.const:xdc_runtime_Text_nodeTab__A)
                  20019424    000000b0     simplelink.a : wlan.obj (.const:$P$T0$1)
                  200194d4    000000a8     driverlib.a : prcm.obj (.const:PRCM_PeriphRegsList)
                  2001957c    00000080                 : interrupt.obj (.const)
                  200195fc    00000062     network_if.obj (.const:.string)
                  2001965e    00000002     app_pem4.oem4 (.const:ti_sysbios_family_arm_m3_Hwi_Module__id__C)
                  20019660    00000048     app_pem4.oem4 (.const:.string)
                  200196a8    0000003c     simplelink.a : driver.obj (.const:OpcodeTranslateTable)
                  200196e4    0000003c                  : wlan.obj (.const)
                  20019720    0000003c     app_pem4.oem4 (.const:ti_sysbios_knl_Task_Object__PARAMS__C)
                  2001975c    0000003c     app_pem4.oem4 (.const:xdc_runtime_LoggerBuf_Module__FXNS__C)
                  20019798    00000038     simplelink.a : driver.obj (.const:_SlActionLookupTable)
                  200197d0    00000034                  : driver.obj (.const)
                  20019804    00000034                  : socket.obj (.const)
                  20019838    00000034     app_pem4.oem4 (.const:ti_sysbios_knl_Mailbox_Object__PARAMS__C)
                  2001986c    00000030     app_pem4.oem4 (.const:ti_sysbios_family_arm_m3_Hwi_Object__PARAMS__C)
                  2001989c    00000030     app_pem4.oem4 (.const:xdc_runtime_Startup_sfxnTab__A)
                  200198cc    0000002c     network_if.obj (.const:$P$T1$2)
                  200198f8    00000028     simplelink.a : netapp.obj (.const)
                  20019920    00000028     app_pem4.oem4 (.const:ti_sysbios_heaps_HeapMem_Module__FXNS__C)
                  20019948    00000024     network_if.obj (.const)
                  2001996c    00000024     app_pem4.oem4 (.const:ti_sysbios_gates_GateHwi_Module__FXNS__C)
                  20019990    00000024     app_pem4.oem4 (.const:ti_sysbios_gates_GateMutex_Module__FXNS__C)
                  200199b4    00000024     app_pem4.oem4 (.const:ti_sysbios_heaps_HeapMem_Object__PARAMS__C)
                  200199d8    00000024     app_pem4.oem4 (.const:ti_sysbios_knl_Semaphore_Object__PARAMS__C)
                  200199fc    00000024     app_pem4.oem4 (.const:xdc_runtime_LoggerBuf_Object__PARAMS__C)
                  20019a20    00000022     network_if.obj (.const:.string:$P$T0$1)
                  20019a42    00000002     app_pem4.oem4 (.const:ti_sysbios_family_arm_m3_Hwi_Module__loggerDefined__C)
                  20019a44    00000020     mqtt.a : cc31xx_sl_net.obj (.const)
                  20019a64    00000020     app_pem4.oem4 (.const:ti_sysbios_family_arm_m3_Hwi_Object__DESC__C)
                  20019a84    00000020     app_pem4.oem4 (.const:ti_sysbios_gates_GateHwi_Object__DESC__C)
                  20019aa4    00000020     app_pem4.oem4 (.const:ti_sysbios_gates_GateMutex_Object__DESC__C)
                  20019ac4    00000020     app_pem4.oem4 (.const:ti_sysbios_heaps_HeapMem_Object__DESC__C)
                  20019ae4    00000020     app_pem4.oem4 (.const:ti_sysbios_knl_Mailbox_Object__DESC__C)
                  20019b04    00000020     app_pem4.oem4 (.const:ti_sysbios_knl_Queue_Object__DESC__C)
                  20019b24    00000020     app_pem4.oem4 (.const:ti_sysbios_knl_Semaphore_Object__DESC__C)
                  20019b44    00000020     app_pem4.oem4 (.const:ti_sysbios_knl_Task_Object__DESC__C)
                  20019b64    00000020     app_pem4.oem4 (.const:xdc_runtime_LoggerBuf_Object__DESC__C)
                  20019b84    00000018     driverlib.a : spi.obj (.const)
                  20019b9c    00000018     app_pem4.oem4 (.const:ti_sysbios_gates_GateHwi_Object__PARAMS__C)
                  20019bb4    00000018     app_pem4.oem4 (.const:ti_sysbios_gates_GateMutex_Object__PARAMS__C)
                  20019bcc    00000018     app_pem4.oem4 (.const:ti_sysbios_knl_Queue_Object__PARAMS__C)
                  20019be4    00000018     app_pem4.oem4 (.const:xdc_runtime_Startup_sfxnRts__A)
                  20019bfc    00000014     simplelink.a : device.obj (.const)
                  20019c10    00000010                  : socket.obj (.const:.string)
                  20019c20    0000000c     app_pem4.oem4 (.const:xdc_runtime_Startup_firstFxns__A)
                  20019c2c    0000000b     mqtt.a : mqtt_client.obj (.const:.string)
                  20019c37    00000008     simplelink.a : device.obj (.const:.string)
                  20019c3f    00000001     --HOLE-- [fill = 0]
                  20019c40    00000008                  : netcfg.obj (.const)
                  20019c48    00000008     app_pem4.oem4 (.const:ti_sysbios_family_arm_m3_Hwi_excHookFuncs__A)
                  20019c50    00000008     app_pem4.oem4 (.const:ti_sysbios_knl_Idle_funcList__C)
                  20019c58    00000008     app_pem4.oem4 (.const:xdc_runtime_Startup_firstFxns__C)
                  20019c60    00000008     app_pem4.oem4 (.const:xdc_runtime_Startup_lastFxns__C)
                  20019c68    00000005     main.obj (.const:.string)
                  20019c6d    00000001     --HOLE-- [fill = 0]
                  20019c6e    00000002     app_pem4.oem4 (.const:ti_sysbios_family_arm_m3_Timer_Module__id__C)
                  20019c70    00000004     app_pem4.oem4 (.const:ti_sysbios_family_arm_m3_Hwi_E_NMI__C)
                  20019c74    00000004     app_pem4.oem4 (.const:ti_sysbios_family_arm_m3_Hwi_E_alreadyDefined__C)
                  20019c78    00000004     app_pem4.oem4 (.const:ti_sysbios_family_arm_m3_Hwi_E_busFault__C)
                  20019c7c    00000004     app_pem4.oem4 (.const:ti_sysbios_family_arm_m3_Hwi_E_debugMon__C)
                  20019c80    00000004     app_pem4.oem4 (.const:ti_sysbios_family_arm_m3_Hwi_E_hardFault__C)
                  20019c84    00000004     app_pem4.oem4 (.const:ti_sysbios_family_arm_m3_Hwi_E_memFault__C)
                  20019c88    00000004     app_pem4.oem4 (.const:ti_sysbios_family_arm_m3_Hwi_E_noIsr__C)
                  20019c8c    00000004     app_pem4.oem4 (.const:ti_sysbios_family_arm_m3_Hwi_E_reserved__C)
                  20019c90    00000004     app_pem4.oem4 (.const:ti_sysbios_family_arm_m3_Hwi_E_svCall__C)
                  20019c94    00000004     app_pem4.oem4 (.const:ti_sysbios_family_arm_m3_Hwi_E_usageFault__C)
                  20019c98    00000004     app_pem4.oem4 (.const:ti_sysbios_family_arm_m3_Hwi_LD_end__C)
                  20019c9c    00000004     app_pem4.oem4 (.const:ti_sysbios_family_arm_m3_Hwi_LM_begin__C)
                  20019ca0    00000004     app_pem4.oem4 (.const:ti_sysbios_family_arm_m3_Hwi_Module__diagsEnabled__C)
                  20019ca4    00000004     app_pem4.oem4 (.const:ti_sysbios_family_arm_m3_Hwi_Module__diagsIncluded__C)
                  20019ca8    00000004     app_pem4.oem4 (.const:ti_sysbios_family_arm_m3_Hwi_Module__diagsMask__C)
                  20019cac    00000004     app_pem4.oem4 (.const:ti_sysbios_family_arm_m3_Hwi_Module__loggerFxn1__C)
                  20019cb0    00000004     app_pem4.oem4 (.const:ti_sysbios_family_arm_m3_Hwi_Module__loggerFxn8__C)
                  20019cb4    00000004     app_pem4.oem4 (.const:ti_sysbios_family_arm_m3_Hwi_Module__loggerObj__C)
                  20019cb8    00000004     app_pem4.oem4 (.const:ti_sysbios_family_arm_m3_Hwi_NUM_INTERRUPTS__C)
                  20019cbc    00000004     app_pem4.oem4 (.const:ti_sysbios_family_arm_m3_Hwi_Object__count__C)
                  20019cc0    00000004     app_pem4.oem4 (.const:ti_sysbios_family_arm_m3_Hwi_ccr__C)
                  20019cc4    00000004     app_pem4.oem4 (.const:ti_sysbios_family_arm_m3_Hwi_excHandlerFunc__C)
                  20019cc8    00000004     app_pem4.oem4 (.const:ti_sysbios_family_arm_m3_Hwi_excHookFuncs__C)
                  20019ccc    00000004     app_pem4.oem4 (.const:ti_sysbios_family_arm_m3_Hwi_nullIsrFunc__C)
                  20019cd0    00000004     app_pem4.oem4 (.const:ti_sysbios_family_arm_m3_Hwi_priGroup__C)
                  20019cd4    00000004     app_pem4.oem4 (.const:ti_sysbios_family_arm_m3_TaskSupport_stackAlignment__C)
                  20019cd8    00000004     app_pem4.oem4 (.const:ti_sysbios_family_arm_m3_Timer_E_cannotSupport__C)
                  20019cdc    00000004     app_pem4.oem4 (.const:ti_sysbios_family_arm_m3_Timer_startupNeeded__C)
                  20019ce0    00000004     app_pem4.oem4 (.const:ti_sysbios_gates_GateMutex_A_badContext__C)
                  20019ce4    00000004     app_pem4.oem4 (.const:ti_sysbios_gates_GateMutex_Instance_State_sem__O)
                  20019ce8    00000004     app_pem4.oem4 (.const:ti_sysbios_gates_GateMutex_Module__diagsEnabled__C)
                  20019cec    00000004     app_pem4.oem4 (.const:ti_sysbios_gates_GateMutex_Module__diagsIncluded__C)
                  20019cf0    00000004     app_pem4.oem4 (.const:ti_sysbios_gates_GateMutex_Module__diagsMask__C)
                  20019cf4    00000004     app_pem4.oem4 (.const:ti_sysbios_hal_Hwi_E_stackOverflow__C)
                  20019cf8    00000004     app_pem4.oem4 (.const:ti_sysbios_heaps_HeapMem_A_align__C)
                  20019cfc    00000004     app_pem4.oem4 (.const:ti_sysbios_heaps_HeapMem_A_heapSize__C)
                  20019d00    00000004     app_pem4.oem4 (.const:ti_sysbios_heaps_HeapMem_A_invalidFree__C)
                  20019d04    00000004     app_pem4.oem4 (.const:ti_sysbios_heaps_HeapMem_A_zeroBlock__C)
                  20019d08    00000004     app_pem4.oem4 (.const:ti_sysbios_heaps_HeapMem_E_memory__C)
                  20019d0c    00000004     app_pem4.oem4 (.const:ti_sysbios_heaps_HeapMem_Module__diagsEnabled__C)
                  20019d10    00000004     app_pem4.oem4 (.const:ti_sysbios_heaps_HeapMem_Module__diagsIncluded__C)
                  20019d14    00000004     app_pem4.oem4 (.const:ti_sysbios_heaps_HeapMem_Module__diagsMask__C)
                  20019d18    00000004     app_pem4.oem4 (.const:ti_sysbios_heaps_HeapMem_Module__gateObj__C)
                  20019d1c    00000004     app_pem4.oem4 (.const:ti_sysbios_heaps_HeapMem_Object__count__C)
                  20019d20    00000004     app_pem4.oem4 (.const:ti_sysbios_heaps_HeapMem_reqAlign__C)
                  20019d24    00000004     app_pem4.oem4 (.const:ti_sysbios_knl_Clock_LM_begin__C)
                  20019d28    00000004     app_pem4.oem4 (.const:ti_sysbios_knl_Clock_LM_tick__C)
                  20019d2c    00000004     app_pem4.oem4 (.const:ti_sysbios_knl_Clock_LW_delayed__C)
                  20019d30    00000004     app_pem4.oem4 (.const:ti_sysbios_knl_Clock_Module_State_clockQ__O)
                  20019d34    00000004     app_pem4.oem4 (.const:ti_sysbios_knl_Clock_Module__diagsEnabled__C)
                  20019d38    00000004     app_pem4.oem4 (.const:ti_sysbios_knl_Clock_Module__diagsIncluded__C)
                  20019d3c    00000004     app_pem4.oem4 (.const:ti_sysbios_knl_Clock_Module__diagsMask__C)
                  20019d40    00000004     app_pem4.oem4 (.const:ti_sysbios_knl_Clock_Module__loggerFxn1__C)
                  20019d44    00000004     app_pem4.oem4 (.const:ti_sysbios_knl_Clock_Module__loggerFxn2__C)
                  20019d48    00000004     app_pem4.oem4 (.const:ti_sysbios_knl_Clock_Module__loggerObj__C)
                  20019d4c    00000004     app_pem4.oem4 (.const:ti_sysbios_knl_Clock_tickPeriod__C)
                  20019d50    00000004     app_pem4.oem4 (.const:ti_sysbios_knl_Idle_funcList__A)
                  20019d54    00000004     app_pem4.oem4 (.const:ti_sysbios_knl_Mailbox_A_invalidBufSize__C)
                  20019d58    00000004     app_pem4.oem4 (.const:ti_sysbios_knl_Mailbox_Instance_State_dataQue__O)
                  20019d5c    00000004     app_pem4.oem4 (.const:ti_sysbios_knl_Mailbox_Instance_State_dataSem__O)
                  20019d60    00000004     app_pem4.oem4 (.const:ti_sysbios_knl_Mailbox_Instance_State_freeQue__O)
                  20019d64    00000004     app_pem4.oem4 (.const:ti_sysbios_knl_Mailbox_Instance_State_freeSem__O)
                  20019d68    00000004     app_pem4.oem4 (.const:ti_sysbios_knl_Mailbox_Module__diagsEnabled__C)
                  20019d6c    00000004     app_pem4.oem4 (.const:ti_sysbios_knl_Mailbox_Module__diagsIncluded__C)
                  20019d70    00000004     app_pem4.oem4 (.const:ti_sysbios_knl_Mailbox_Module__diagsMask__C)
                  20019d74    00000004     app_pem4.oem4 (.const:ti_sysbios_knl_Mailbox_Object__count__C)
                  20019d78    00000004     app_pem4.oem4 (.const:ti_sysbios_knl_Mailbox_maxTypeAlign__C)
                  20019d7c    00000004     app_pem4.oem4 (.const:ti_sysbios_knl_Semaphore_A_badContext__C)
                  20019d80    00000004     app_pem4.oem4 (.const:ti_sysbios_knl_Semaphore_A_noEvents__C)
                  20019d84    00000004     app_pem4.oem4 (.const:ti_sysbios_knl_Semaphore_A_overflow__C)
                  20019d88    00000004     app_pem4.oem4 (.const:ti_sysbios_knl_Semaphore_A_pendTaskDisabled__C)
                  20019d8c    00000004     app_pem4.oem4 (.const:ti_sysbios_knl_Semaphore_Instance_State_pendQ__O)
                  20019d90    00000004     app_pem4.oem4 (.const:ti_sysbios_knl_Semaphore_LM_pend__C)
                  20019d94    00000004     app_pem4.oem4 (.const:ti_sysbios_knl_Semaphore_LM_post__C)
                  20019d98    00000004     app_pem4.oem4 (.const:ti_sysbios_knl_Semaphore_Module__diagsEnabled__C)
                  20019d9c    00000004     app_pem4.oem4 (.const:ti_sysbios_knl_Semaphore_Module__diagsIncluded__C)
                  20019da0    00000004     app_pem4.oem4 (.const:ti_sysbios_knl_Semaphore_Module__diagsMask__C)
                  20019da4    00000004     app_pem4.oem4 (.const:ti_sysbios_knl_Semaphore_Module__loggerFxn2__C)
                  20019da8    00000004     app_pem4.oem4 (.const:ti_sysbios_knl_Semaphore_Module__loggerFxn4__C)
                  20019dac    00000004     app_pem4.oem4 (.const:ti_sysbios_knl_Semaphore_Module__loggerObj__C)
                  20019db0    00000004     app_pem4.oem4 (.const:ti_sysbios_knl_Swi_LD_end__C)
                  20019db4    00000004     app_pem4.oem4 (.const:ti_sysbios_knl_Swi_LM_begin__C)
                  20019db8    00000004     app_pem4.oem4 (.const:ti_sysbios_knl_Swi_LM_post__C)
                  20019dbc    00000004     app_pem4.oem4 (.const:ti_sysbios_knl_Swi_Module__diagsEnabled__C)
                  20019dc0    00000004     app_pem4.oem4 (.const:ti_sysbios_knl_Swi_Module__diagsIncluded__C)
                  20019dc4    00000004     app_pem4.oem4 (.const:ti_sysbios_knl_Swi_Module__diagsMask__C)
                  20019dc8    00000004     app_pem4.oem4 (.const:ti_sysbios_knl_Swi_Module__loggerFxn1__C)
                  20019dcc    00000004     app_pem4.oem4 (.const:ti_sysbios_knl_Swi_Module__loggerFxn4__C)
                  20019dd0    00000004     app_pem4.oem4 (.const:ti_sysbios_knl_Swi_Module__loggerObj__C)
                  20019dd4    00000004     app_pem4.oem4 (.const:ti_sysbios_knl_Swi_Object__count__C)
                  20019dd8    00000004     app_pem4.oem4 (.const:ti_sysbios_knl_Task_A_badPriority__C)
                  20019ddc    00000004     app_pem4.oem4 (.const:ti_sysbios_knl_Task_A_badTaskState__C)
                  20019de0    00000004     app_pem4.oem4 (.const:ti_sysbios_knl_Task_A_badThreadType__C)
                  20019de4    00000004     app_pem4.oem4 (.const:ti_sysbios_knl_Task_A_badTimeout__C)
                  20019de8    00000004     app_pem4.oem4 (.const:ti_sysbios_knl_Task_A_noPendElem__C)
                  20019dec    00000004     app_pem4.oem4 (.const:ti_sysbios_knl_Task_A_sleepTaskDisabled__C)
                  20019df0    00000004     app_pem4.oem4 (.const:ti_sysbios_knl_Task_E_spOutOfBounds__C)
                  20019df4    00000004     app_pem4.oem4 (.const:ti_sysbios_knl_Task_E_stackOverflow__C)
                  20019df8    00000004     app_pem4.oem4 (.const:ti_sysbios_knl_Task_LD_block__C)
                  20019dfc    00000004     app_pem4.oem4 (.const:ti_sysbios_knl_Task_LD_exit__C)
                  20019e00    00000004     app_pem4.oem4 (.const:ti_sysbios_knl_Task_LD_ready__C)
                  20019e04    00000004     app_pem4.oem4 (.const:ti_sysbios_knl_Task_LM_sleep__C)
                  20019e08    00000004     app_pem4.oem4 (.const:ti_sysbios_knl_Task_LM_switch__C)
                  20019e0c    00000004     app_pem4.oem4 (.const:ti_sysbios_knl_Task_LM_yield__C)
                  20019e10    00000004     app_pem4.oem4 (.const:ti_sysbios_knl_Task_Module_State_inactiveQ__O)
                  20019e14    00000004     app_pem4.oem4 (.const:ti_sysbios_knl_Task_Module__diagsEnabled__C)
                  20019e18    00000004     app_pem4.oem4 (.const:ti_sysbios_knl_Task_Module__diagsIncluded__C)
                  20019e1c    00000004     app_pem4.oem4 (.const:ti_sysbios_knl_Task_Module__diagsMask__C)
                  20019e20    00000004     app_pem4.oem4 (.const:ti_sysbios_knl_Task_Module__loggerFxn2__C)
                  20019e24    00000004     app_pem4.oem4 (.const:ti_sysbios_knl_Task_Module__loggerFxn4__C)
                  20019e28    00000004     app_pem4.oem4 (.const:ti_sysbios_knl_Task_Module__loggerObj__C)
                  20019e2c    00000004     app_pem4.oem4 (.const:ti_sysbios_knl_Task_Object__count__C)
                  20019e30    00000004     app_pem4.oem4 (.const:ti_sysbios_knl_Task_allBlockedFunc__C)
                  20019e34    00000004     app_pem4.oem4 (.const:ti_sysbios_knl_Task_defaultStackHeap__C)
                  20019e38    00000004     app_pem4.oem4 (.const:ti_sysbios_knl_Task_defaultStackSize__C)
                  20019e3c    00000004     app_pem4.oem4 (.const:ti_sysbios_knl_Task_numConstructedTasks__C)
                  20019e40    00000004     app_pem4.oem4 (.const:xdc_runtime_Assert_E_assertFailed__C)
                  20019e44    00000004     app_pem4.oem4 (.const:xdc_runtime_Core_A_initializedParams__C)
                  20019e48    00000004     app_pem4.oem4 (.const:xdc_runtime_Core_Module__diagsEnabled__C)
                  20019e4c    00000004     app_pem4.oem4 (.const:xdc_runtime_Core_Module__diagsIncluded__C)
                  20019e50    00000004     app_pem4.oem4 (.const:xdc_runtime_Core_Module__diagsMask__C)
                  20019e54    00000004     app_pem4.oem4 (.const:xdc_runtime_Error_E_memory__C)
                  20019e58    00000004     app_pem4.oem4 (.const:xdc_runtime_Error_Module__diagsEnabled__C)
                  20019e5c    00000004     app_pem4.oem4 (.const:xdc_runtime_Error_Module__diagsIncluded__C)
                  20019e60    00000004     app_pem4.oem4 (.const:xdc_runtime_Error_Module__diagsMask__C)
                  20019e64    00000004     app_pem4.oem4 (.const:xdc_runtime_Error_Module__loggerFxn8__C)
                  20019e68    00000004     app_pem4.oem4 (.const:xdc_runtime_Error_Module__loggerObj__C)
                  20019e6c    00000004     app_pem4.oem4 (.const:xdc_runtime_Error_policyFxn__C)
                  20019e70    00000004     app_pem4.oem4 (.const:xdc_runtime_Error_raiseHook__C)
                  20019e74    00000004     app_pem4.oem4 (.const:xdc_runtime_IFilterLogger_Interface__BASE__C)
                  20019e78    00000004     app_pem4.oem4 (.const:xdc_runtime_IGateProvider_Interface__BASE__C)
                  20019e7c    00000004     app_pem4.oem4 (.const:xdc_runtime_IHeap_Interface__BASE__C)
                  20019e80    00000004     app_pem4.oem4 (.const:xdc_runtime_ILogger_Interface__BASE__C)
                  20019e84    00000004     app_pem4.oem4 (.const:xdc_runtime_IModule_Interface__BASE__C)
                  20019e88    00000004     app_pem4.oem4 (.const:xdc_runtime_Log_L_error__C)
                  20019e8c    00000004     app_pem4.oem4 (.const:xdc_runtime_LoggerBuf_E_badLevel__C)
                  20019e90    00000004     app_pem4.oem4 (.const:xdc_runtime_LoggerBuf_Module__gateObj__C)
                  20019e94    00000004     app_pem4.oem4 (.const:xdc_runtime_LoggerBuf_Object__count__C)
                  20019e98    00000004     app_pem4.oem4 (.const:xdc_runtime_LoggerBuf_statusLogger__C)
                  20019e9c    00000004     app_pem4.oem4 (.const:xdc_runtime_Memory_defaultHeapInstance__C)
                  20019ea0    00000004     app_pem4.oem4 (.const:xdc_runtime_Startup_execImpl__C)
                  20019ea4    00000004     app_pem4.oem4 (.const:xdc_runtime_Startup_maxPasses__C)
                  20019ea8    00000004     app_pem4.oem4 (.const:xdc_runtime_Startup_sfxnRts__C)
                  20019eac    00000004     app_pem4.oem4 (.const:xdc_runtime_Startup_sfxnTab__C)
                  20019eb0    00000004     app_pem4.oem4 (.const:xdc_runtime_SysMin_bufSize__C)
                  20019eb4    00000004     app_pem4.oem4 (.const:xdc_runtime_SysMin_outputFunc__C)
                  20019eb8    00000004     app_pem4.oem4 (.const:xdc_runtime_System_Module__gateObj__C)
                  20019ebc    00000004     app_pem4.oem4 (.const:xdc_runtime_System_abortFxn__C)
                  20019ec0    00000004     app_pem4.oem4 (.const:xdc_runtime_System_exitFxn__C)
                  20019ec4    00000004     app_pem4.oem4 (.const:xdc_runtime_System_extendFxn__C)
                  20019ec8    00000004     app_pem4.oem4 (.const:xdc_runtime_System_maxAtexitHandlers__C)
                  20019ecc    00000004     app_pem4.oem4 (.const:xdc_runtime_Text_charTab__C)
                  20019ed0    00000004     app_pem4.oem4 (.const:xdc_runtime_Text_nameEmpty__C)
                  20019ed4    00000004     app_pem4.oem4 (.const:xdc_runtime_Text_nameStatic__C)
                  20019ed8    00000004     app_pem4.oem4 (.const:xdc_runtime_Text_nameUnknown__C)
                  20019edc    00000004     app_pem4.oem4 (.const:xdc_runtime_Text_nodeTab__C)
                  20019ee0    00000004     app_pem4.oem4 (.const:xdc_runtime_Text_visitRopeFxn__C)
                  20019ee4    00000002     app_pem4.oem4 (.const:ti_sysbios_family_arm_m3_TimestampProvider_configTimer__C)
                  20019ee6    00000002     app_pem4.oem4 (.const:ti_sysbios_gates_GateMutex_Module__id__C)
                  20019ee8    00000002     app_pem4.oem4 (.const:ti_sysbios_hal_Hwi_Module__id__C)
                  20019eea    00000002     app_pem4.oem4 (.const:ti_sysbios_heaps_HeapMem_Module__id__C)
                  20019eec    00000002     app_pem4.oem4 (.const:ti_sysbios_knl_Clock_Module__id__C)
                  20019eee    00000002     app_pem4.oem4 (.const:ti_sysbios_knl_Clock_Module__loggerDefined__C)
                  20019ef0    00000002     app_pem4.oem4 (.const:ti_sysbios_knl_Mailbox_Module__id__C)
                  20019ef2    00000002     app_pem4.oem4 (.const:ti_sysbios_knl_Semaphore_Module__id__C)
                  20019ef4    00000002     app_pem4.oem4 (.const:ti_sysbios_knl_Semaphore_Module__loggerDefined__C)
                  20019ef6    00000002     app_pem4.oem4 (.const:ti_sysbios_knl_Swi_Module__id__C)
                  20019ef8    00000002     app_pem4.oem4 (.const:ti_sysbios_knl_Swi_Module__loggerDefined__C)
                  20019efa    00000002     app_pem4.oem4 (.const:ti_sysbios_knl_Task_Module__id__C)
                  20019efc    00000002     app_pem4.oem4 (.const:ti_sysbios_knl_Task_Module__loggerDefined__C)
                  20019efe    00000002     app_pem4.oem4 (.const:xdc_runtime_Core_Module__id__C)
                  20019f00    00000002     app_pem4.oem4 (.const:xdc_runtime_Error_Module__loggerDefined__C)
                  20019f02    00000002     app_pem4.oem4 (.const:xdc_runtime_Error_maxDepth__C)
                  20019f04    00000002     app_pem4.oem4 (.const:xdc_runtime_LoggerBuf_Module__id__C)
                  20019f06    00000002     app_pem4.oem4 (.const:xdc_runtime_LoggerBuf_filterByLevel__C)
                  20019f08    00000002     app_pem4.oem4 (.const:xdc_runtime_Memory_Module__id__C)
[...]
20019cd8  ti_sysbios_family_arm_m3_Timer_E_cannotSupport__C           
20019cdc  ti_sysbios_family_arm_m3_Timer_startupNeeded__C             
20019ce0  ti_sysbios_gates_GateMutex_A_badContext__C                  
20019ce4  ti_sysbios_gates_GateMutex_Instance_State_sem__O            
20019ce8  ti_sysbios_gates_GateMutex_Module__diagsEnabled__C          
20019cec  ti_sysbios_gates_GateMutex_Module__diagsIncluded__C         
20019cf0  ti_sysbios_gates_GateMutex_Module__diagsMask__C             
20019cf4  ti_sysbios_hal_Hwi_E_stackOverflow__C                       
20019cf8  ti_sysbios_heaps_HeapMem_A_align__C                         
20019cfc  ti_sysbios_heaps_HeapMem_A_heapSize__C                      
20019d00  ti_sysbios_heaps_HeapMem_A_invalidFree__C                   
20019d04  ti_sysbios_heaps_HeapMem_A_zeroBlock__C                     
20019d08  ti_sysbios_heaps_HeapMem_E_memory__C                        
20019d0c  ti_sysbios_heaps_HeapMem_Module__diagsEnabled__C            
20019d10  ti_sysbios_heaps_HeapMem_Module__diagsIncluded__C           
20019d14  ti_sysbios_heaps_HeapMem_Module__diagsMask__C               
20019d18  ti_sysbios_heaps_HeapMem_Module__gateObj__C                 
20019d1c  ti_sysbios_heaps_HeapMem_Object__count__C                   
20019d20  ti_sysbios_heaps_HeapMem_reqAlign__C                        
20019d24  ti_sysbios_knl_Clock_LM_begin__C                            
20019d28  ti_sysbios_knl_Clock_LM_tick__C                             
20019d2c  ti_sysbios_knl_Clock_LW_delayed__C                          
20019d30  ti_sysbios_knl_Clock_Module_State_clockQ__O                 
20019d34  ti_sysbios_knl_Clock_Module__diagsEnabled__C                
20019d38  ti_sysbios_knl_Clock_Module__diagsIncluded__C               
20019d3c  ti_sysbios_knl_Clock_Module__diagsMask__C                   
20019d40  ti_sysbios_knl_Clock_Module__loggerFxn1__C                  
20019d44  ti_sysbios_knl_Clock_Module__loggerFxn2__C                  
20019d48  ti_sysbios_knl_Clock_Module__loggerObj__C                   
20019d4c  ti_sysbios_knl_Clock_tickPeriod__C                          
20019d50  ti_sysbios_knl_Idle_funcList__A                             
20019d54  ti_sysbios_knl_Mailbox_A_invalidBufSize__C                  
20019d58  ti_sysbios_knl_Mailbox_Instance_State_dataQue__O            
20019d5c  ti_sysbios_knl_Mailbox_Instance_State_dataSem__O            
20019d60  ti_sysbios_knl_Mailbox_Instance_State_freeQue__O            
20019d64  ti_sysbios_knl_Mailbox_Instance_State_freeSem__O            
20019d68  ti_sysbios_knl_Mailbox_Module__diagsEnabled__C              
20019d6c  ti_sysbios_knl_Mailbox_Module__diagsIncluded__C             
20019d70  ti_sysbios_knl_Mailbox_Module__diagsMask__C                 
20019d74  ti_sysbios_knl_Mailbox_Object__count__C                     
20019d78  ti_sysbios_knl_Mailbox_maxTypeAlign__C                      
20019d7c  ti_sysbios_knl_Semaphore_A_badContext__C                    
20019d80  ti_sysbios_knl_Semaphore_A_noEvents__C                      
20019d84  ti_sysbios_knl_Semaphore_A_overflow__C                      
20019d88  ti_sysbios_knl_Semaphore_A_pendTaskDisabled__C              
20019d8c  ti_sysbios_knl_Semaphore_Instance_State_pendQ__O            
20019d90  ti_sysbios_knl_Semaphore_LM_pend__C                         
20019d94  ti_sysbios_knl_Semaphore_LM_post__C                         
20019d98  ti_sysbios_knl_Semaphore_Module__diagsEnabled__C            
20019d9c  ti_sysbios_knl_Semaphore_Module__diagsIncluded__C           
20019da0  ti_sysbios_knl_Semaphore_Module__diagsMask__C               
20019da4  ti_sysbios_knl_Semaphore_Module__loggerFxn2__C              
20019da8  ti_sysbios_knl_Semaphore_Module__loggerFxn4__C              
20019dac  ti_sysbios_knl_Semaphore_Module__loggerObj__C               
20019db0  ti_sysbios_knl_Swi_LD_end__C                                
20019db4  ti_sysbios_knl_Swi_LM_begin__C                              
20019db8  ti_sysbios_knl_Swi_LM_post__C                               
20019dbc  ti_sysbios_knl_Swi_Module__diagsEnabled__C                  
20019dc0  ti_sysbios_knl_Swi_Module__diagsIncluded__C                 
20019dc4  ti_sysbios_knl_Swi_Module__diagsMask__C                     
20019dc8  ti_sysbios_knl_Swi_Module__loggerFxn1__C                    
20019dcc  ti_sysbios_knl_Swi_Module__loggerFxn4__C                    
20019dd0  ti_sysbios_knl_Swi_Module__loggerObj__C                     
20019dd4  ti_sysbios_knl_Swi_Object__count__C                         
20019dd8  ti_sysbios_knl_Task_A_badPriority__C                        
20019ddc  ti_sysbios_knl_Task_A_badTaskState__C                       
20019de0  ti_sysbios_knl_Task_A_badThreadType__C                      
20019de4  ti_sysbios_knl_Task_A_badTimeout__C                         
20019de8  ti_sysbios_knl_Task_A_noPendElem__C                         
20019dec  ti_sysbios_knl_Task_A_sleepTaskDisabled__C                  
20019df0  ti_sysbios_knl_Task_E_spOutOfBounds__C                      
20019df4  ti_sysbios_knl_Task_E_stackOverflow__C                      
20019df8  ti_sysbios_knl_Task_LD_block__C                             
20019dfc  ti_sysbios_knl_Task_LD_exit__C                              
20019e00  ti_sysbios_knl_Task_LD_ready__C                             
20019e04  ti_sysbios_knl_Task_LM_sleep__C                             
20019e08  ti_sysbios_knl_Task_LM_switch__C                            
20019e0c  ti_sysbios_knl_Task_LM_yield__C                             
20019e10  ti_sysbios_knl_Task_Module_State_inactiveQ__O               
20019e14  ti_sysbios_knl_Task_Module__diagsEnabled__C                 
20019e18  ti_sysbios_knl_Task_Module__diagsIncluded__C                
20019e1c  ti_sysbios_knl_Task_Module__diagsMask__C                    
20019e20  ti_sysbios_knl_Task_Module__loggerFxn2__C                   
20019e24  ti_sysbios_knl_Task_Module__loggerFxn4__C                   
20019e28  ti_sysbios_knl_Task_Module__loggerObj__C                    
20019e2c  ti_sysbios_knl_Task_Object__count__C                        
20019e30  ti_sysbios_knl_Task_allBlockedFunc__C                       
20019e34  ti_sysbios_knl_Task_defaultStackHeap__C                     
20019e38  ti_sysbios_knl_Task_defaultStackSize__C                     
20019e3c  ti_sysbios_knl_Task_numConstructedTasks__C                  
20019e40  xdc_runtime_Assert_E_assertFailed__C                        
20019e44  xdc_runtime_Core_A_initializedParams__C                     
20019e48  xdc_runtime_Core_Module__diagsEnabled__C                    
20019e4c  xdc_runtime_Core_Module__diagsIncluded__C                   
20019e50  xdc_runtime_Core_Module__diagsMask__C                       
20019e54  xdc_runtime_Error_E_memory__C                               
20019e58  xdc_runtime_Error_Module__diagsEnabled__C                   
20019e5c  xdc_runtime_Error_Module__diagsIncluded__C                  
20019e60  xdc_runtime_Error_Module__diagsMask__C                      
20019e64  xdc_runtime_Error_Module__loggerFxn8__C                     
20019e68  xdc_runtime_Error_Module__loggerObj__C                      
20019e6c  xdc_runtime_Error_policyFxn__C                              
20019e70  xdc_runtime_Error_raiseHook__C                              
20019e74  xdc_runtime_IFilterLogger_Interface__BASE__C                
20019e78  xdc_runtime_IGateProvider_Interface__BASE__C                
20019e7c  xdc_runtime_IHeap_Interface__BASE__C                        
20019e80  xdc_runtime_ILogger_Interface__BASE__C                      
20019e84  xdc_runtime_IModule_Interface__BASE__C                      
20019e88  xdc_runtime_Log_L_error__C                                  
20019e8c  xdc_runtime_LoggerBuf_E_badLevel__C                         
20019e90  xdc_runtime_LoggerBuf_Module__gateObj__C                    
20019e94  xdc_runtime_LoggerBuf_Object__count__C                      
20019e98  xdc_runtime_LoggerBuf_statusLogger__C                       
20019e9c  xdc_runtime_Memory_defaultHeapInstance__C                   
20019ea0  xdc_runtime_Startup_execImpl__C                             
20019ea4  xdc_runtime_Startup_maxPasses__C                            
20019ea8  xdc_runtime_Startup_sfxnRts__C                              
20019eac  xdc_runtime_Startup_sfxnTab__C                              
20019eb0  xdc_runtime_SysMin_bufSize__C                               
20019eb4  xdc_runtime_SysMin_outputFunc__C                            
20019eb8  xdc_runtime_System_Module__gateObj__C                       
20019ebc  xdc_runtime_System_abortFxn__C                              
20019ec0  xdc_runtime_System_exitFxn__C                               
20019ec4  xdc_runtime_System_extendFxn__C                             
20019ec8  xdc_runtime_System_maxAtexitHandlers__C                     
20019ecc  xdc_runtime_Text_charTab__C                                 
20019ed0  xdc_runtime_Text_nameEmpty__C                               
20019ed4  xdc_runtime_Text_nameStatic__C                              
20019ed8  xdc_runtime_Text_nameUnknown__C                             
20019edc  xdc_runtime_Text_nodeTab__C                                 
20019ee0  xdc_runtime_Text_visitRopeFxn__C                            
20019ee4  ti_sysbios_family_arm_m3_TimestampProvider_configTimer__C   
20019ee6  ti_sysbios_gates_GateMutex_Module__id__C                    
20019ee8  ti_sysbios_hal_Hwi_Module__id__C                            
20019eea  ti_sysbios_heaps_HeapMem_Module__id__C                      
20019eec  ti_sysbios_knl_Clock_Module__id__C                          
20019eee  ti_sysbios_knl_Clock_Module__loggerDefined__C               
20019ef0  ti_sysbios_knl_Mailbox_Module__id__C                        
20019ef2  ti_sysbios_knl_Semaphore_Module__id__C                      
20019ef4  ti_sysbios_knl_Semaphore_Module__loggerDefined__C           
20019ef6  ti_sysbios_knl_Swi_Module__id__C                            
20019ef8  ti_sysbios_knl_Swi_Module__loggerDefined__C                 
20019efa  ti_sysbios_knl_Task_Module__id__C                           
20019efc  ti_sysbios_knl_Task_Module__loggerDefined__C                
20019efe  xdc_runtime_Core_Module__id__C                              
20019f00  xdc_runtime_Error_Module__loggerDefined__C                  
20019f02  xdc_runtime_Error_maxDepth__C                               
20019f04  xdc_runtime_LoggerBuf_Module__id__C                         
20019f06  xdc_runtime_LoggerBuf_filterByLevel__C                      
20019f08  xdc_runtime_Memory_Module__id__C                            
20019f0a  xdc_runtime_SysMin_flushAtExit__C                           
20019f0c  xdc_runtime_Text_charCnt__C                                 
20019f0e  xdc_runtime_Text_isLoaded__C                                
20019f10  xdc_runtime_Text_registryModsLastId__C                      
20019f12  xdc_runtime_Text_unnamedModsLastId__C                       
20019f18  __TI_static_base__                                          
2001a354  __TI_Handler_Table_Base                                     
2001a360  __TI_Handler_Table_Limit                                    
2001a368  __TI_CINIT_Base                                             
2001a378  __TI_CINIT_Limit                                            
2001b000  ti_sysbios_heaps_HeapMem_Instance_State_0_buf__A            
20023800  ti_sysbios_knl_Task_Instance_State_0_stack__A               
20024000  xdc_runtime_LoggerBuf_Instance_State_0_entryArr__A          
20024400  xdc_runtime_SysMin_Module_State_0_outbuf__A                 
20024800  ti_sysbios_family_arm_m3_Hwi_dispatchTable                  
20024ddc  g_StatMem                                                   
20024f54  __CIOBUF_                                                   
20025164  g_ucDinDout                                                 
200251fc  g_ucConnectionSSID                                          
20025238  g_ucConnectionBSSID                                         
20025248  DMAMsgQ                                                     
2002524c  SimpleLinkSpawnTaskHndl                                     
20025254  g_PBQueue                                                   
20025258  g_S2InterruptHdl                                            
2002525c  g_S3InterruptHdl                                            
20025260  g_cDummy                                                    
20025264  g_rx_task_hndl                                              
20025268  g_rx_tx_sync_obj                                            
2002526c  g_wait_secs                                                 
20025270  mqtt_lib_lockobj                                            
20025274  simpleLink_mailbox                                          
20025278  g_usConnectIndex                                            
2002527a  g_usTimerInts                                               
2002527c  RxIrqCnt                                                    
2002527d  g_ucLED1Pin                                                 
2002527e  g_ucLED2Pin                                                 
2002527f  g_ucLED3Pin                                                 
20025280  ti_sysbios_family_arm_m3_Hwi_Module__root__V                
20025288  ti_sysbios_family_arm_m3_Hwi_Object__table__V               
200252a0  ti_sysbios_family_arm_m3_Hwi_Module_State_0_excActive__A    
200252a4  ti_sysbios_family_arm_m3_Hwi_Module_State_0_excContext__A   
200252a8  ti_sysbios_family_arm_m3_Hwi_Module_State_0_excStack__A     
200252ac  ti_sysbios_family_arm_m3_Timer_Module__root__V              
200252b4  ti_sysbios_family_arm_m3_Timer_Module__state__V             
200252c0  ti_sysbios_family_arm_m3_TimestampProvider_Module__state__V 
200252c4  ti_sysbios_gates_GateHwi_Module__root__V                    
200252cc  ti_sysbios_gates_GateHwi_Object__table__V                   
200252d0  ti_sysbios_gates_GateMutex_Module__root__V                  
200252d8  ti_sysbios_hal_Hwi_Module__root__V                          
200252e0  ti_sysbios_hal_Timer_Module__root__V                        
200252e8  ti_sysbios_heaps_HeapMem_Module__root__V                    
200252f0  ti_sysbios_heaps_HeapMem_Object__table__V                   
20025308  ti_sysbios_knl_Clock_Module__root__V                        
20025310  ti_sysbios_knl_Event_Module__root__V                        
20025318  ti_sysbios_knl_Mailbox_Module__root__V                      
20025320  ti_sysbios_knl_Queue_Module__root__V                        
20025328  ti_sysbios_knl_Semaphore_Module__root__V                    
20025330  ti_sysbios_knl_Swi_Module__root__V                          
20025338  ti_sysbios_knl_Swi_Module__state__V                         
20025354  ti_sysbios_knl_Task_Module__root__V                         
2002535c  ti_sysbios_knl_Task_Module_State_0_idleTask__A              
20025360  xdc_runtime_Error_Module__state__V                          
20025364  xdc_runtime_LoggerBuf_Module__root__V                       
2002536c  xdc_runtime_LoggerBuf_Module__state__V                      
20025374  xdc_runtime_Memory_Module__state__V                         
20025378  xdc_runtime_Registry_Module__state__V                       
20025380  xdc_runtime_Startup_Module__state__V                        
20025388  xdc_runtime_SysMin_Module__state__V                         
20025394  xdc_runtime_System_Module_State_0_atexitHandlers__A         
200253a4  xdc_runtime_System_Module__state__V                         
200253ac  xdc_runtime_Text_Module__state__V                           
200253b4  __xdc__init__addr                                           
20025468  _Denorm                                                     
20025478  _Eps                                                        
20025488  _Hugeval                                                    
20025498  _Inf                                                        
200254a8  _Nan                                                        
200254b8  _Snan                                                       
200254c8  _Rteps                                                      
200254d8  _Xbig                                                       
200254e0  _Zero                                                       
200254e8  ti_sysbios_knl_Swi_Module_State_0_readyQ__A                 
20025568  ti_sysbios_knl_Task_Module_State_0_readyQ__A                
200255e8  usr_connect_config                                          
2002565c  debug_printf                                                
20025698  ti_sysbios_knl_Task_Object__table__V                        
200256e4  ti_sysbios_knl_Task_Module__state__V                        
20025728  ti_sysbios_gates_GateMutex_Object__table__V                 
20025760  SecurityParams                                              
2002576c  Mqtt_Client                                                 
20025780  pub_topic_sw2                                               
20025784  pub_topic_sw3                                               
20025788  data_sw2                                                    
2002578c  data_sw3                                                    
20025790  app_hndl                                                    
20025794  ti_sysbios_family_arm_m3_Hwi_Module__state__V               
200257c8  ti_sysbios_family_arm_m3_Timer_Object__table__V             
200257f8  ti_sysbios_knl_Swi_Object__table__V                         
20025828  ti_sysbios_knl_Clock_Module__state__V                       
20025854  net                                                         
2002587c  ti_sysbios_BIOS_Module__state__V                            
200258a0  xdc_runtime_LoggerBuf_Object__table__V                      
200258d8  g_uiLED1Port                                                
200258dc  g_uiLED2Port                                                
200258e0  g_uiLED3Port                                                
200258e4  g_ulStatus                                                  
200258e8  g_ulStaIp                                                   
200258ec  g_ulGatewayIP                                               
200258f0  g_SpiFd                                                     
200258f4  g_pHostIntHdl                                               
200258f8  g_ucDMAEnabled                                              
200258f9  g_multi_srvr_conn                                           
200258fc  g_pCB                                                       
20025900  pPingCallBackFunc                                           
20025904  gFirstCmdMode                                               
20025908  _lock                                                       
2002590c  _unlock                                                     
20025910  __TI_cleanup_ptr                                            
20025914  __TI_dtors_ptr                                              
20025918  _Fenv                                                       
2002591c  _Tls_setup__Fenv                                            
20025920  _Errno                                                      
20025924  main_func_sp                                                
2002e000  __stack                                                     
20030000  __STACK_END                                                 
e000e000  ti_sysbios_family_arm_m3_Hwi_nvic                           
ffffffff  __binit__                                                   
ffffffff  __c_args__                                                  
ffffffff  binit                                                       
UNDEFED   SHT$$INIT_ARRAY$$Base                                       
UNDEFED   SHT$$INIT_ARRAY$$Limit                                      

[1100 symbols]
