******************************************************************************
                  TI ARM Linker Unix v5.2.7                    
******************************************************************************
>> Linked Sun Apr 17 14:08:47 2016

OUTPUT FILE NAME:   <PlantMqtt.out>
ENTRY POINT SYMBOL: "_c_int00"  address: 200156c5


MEMORY CONFIGURATION

         name            origin    length      used     unused   attr    fill
----------------------  --------  ---------  --------  --------  ----  --------
  SRAM_CODE             20004000   00016fff  00016418  00000be7  RW X
  SRAM_DATA             2001b000   00015000  0000c92c  000086d4  RW X


SEGMENT ALLOCATION MAP

run origin  load origin   length   init length attrs members
----------  ----------- ---------- ----------- ----- -------
20004000    20004000    00016420   00016420    r-x
  20004000    20004000    0000030c   0000030c    r-- .resetVecs
  20004310    20004310    0001352a   0001352a    r-x .text
  2001783c    2001783c    00002782   00002782    r-- .const
  20019fc0    20019fc0    00000460   00000460    r-- .cinit
2001b000    2001b000    0000a92c   00000000    rw-
  2001b000    2001b000    0000a280   00000000    rw- .bss
  20025280    20025280    000006ac   00000000    rw- .data
2002e000    2002e000    00002000   00000000    rw-
  2002e000    2002e000    00002000   00000000    rw- .stack


SECTION ALLOCATION MAP

 output                                  attributes/
section   page    origin      length       input sections
--------  ----  ----------  ----------   ----------------
.init_array 
*          0    20004000    00000000     UNINITIALIZED

.text      0    20004310    0001352a     
                  20004310    000025cc     mqtt.a : mqtt_client.obj (.text)
                  200068dc    000012c8     network_if.obj (.text)
                  20007ba4    000010a6     rtsv7M4_T_le_eabi.lib : _printfi.obj (.text)
                  20008c4a    00000002     driverlib.a : interrupt.obj (.text:IntDefaultHandler)
                  20008c4c    00000bc8     main.obj (.text)
                  20009814    00000a0c     mqtt.a : mqtt_common.obj (.text)
                  2000a220    0000097c            : sl_mqtt_client.obj (.text)
                  2000ab9c    000006bc            : cc31xx_sl_net.obj (.text)
                  2000b258    000005ec     simplelink.a : driver.obj (.text:_SlDrvMsgRead)
                  2000b844    00000544     ti_rtos.a : osi_tirtos.obj (.text)
                  2000bd88    00000430     sysbios.aem4 : BIOS.obj (.text:ti_sysbios_family_arm_m3_Hwi_excDumpRegs__I)
                  2000c1b8    00000394     gpio_if.obj (.text)
                  2000c54c    0000034c     ti.targets.arm.rtsarm.aem4 : System.oem4 (.text:xdc_runtime_System_doPrint__I)
                  2000c898    00000314     sysbios.aem4 : BIOS.obj (.text:ti_sysbios_knl_Semaphore_pend__E)
                  2000cbac    000002d4     rtsv7M4_T_le_eabi.lib : trgdrv.obj (.text)
                  2000ce80    00000280     uart_if.obj (.text)
                  2000d100    00000254     sysbios.aem4 : BIOS.obj (.text:ti_sysbios_heaps_HeapMem_free__E)
                  2000d354    00000248     simplelink.a : driver.obj (.text:_SlDrvRxHdrRead)
                  2000d59c    00000004     app_pem4.oem4 (.text:ti_sysbios_BIOS_RtsGateProxy_enter__E)
                  2000d5a0    00000248     sysbios.aem4 : BIOS.obj (.text:ti_sysbios_heaps_HeapMem_alloc__E)
                  2000d7e8    00000244     simplelink.a : wlan.obj (.text:sl_WlanConnect)
                  2000da2c    00000004     app_pem4.oem4 (.text:ti_sysbios_BIOS_RtsGateProxy_leave__E)
                  2000da30    0000022c     sysbios.aem4 : BIOS.obj (.text:ti_sysbios_knl_Task_Instance_finalize__E)
                  2000dc5c    00000004     app_pem4.oem4 (.text:ti_sysbios_family_arm_m3_Hwi_delete)
                  2000dc60    00000200     sysbios.aem4 : BIOS.obj (.text:ti_sysbios_knl_Task_sleep__E)
                  2000de60    000001fc                  : BIOS.obj (.text:ti_sysbios_family_arm_m3_Hwi_excHandlerMax__I)
                  2000e05c    000001f4     rtsv7M4_T_le_eabi.lib : ull_div_t2.obj (.text)
                  2000e250    000001d0     simplelink.a : driver.obj (.text:_SlDrvReleasePoolObj)
                  2000e420    000001cc                  : driver.obj (.text:_SlDrvMsgWrite)
                  2000e5ec    00000004     app_pem4.oem4 (.text:ti_sysbios_family_arm_m3_TaskSupport_Module__startupDone__S)
                  2000e5f0    000001c8     sysbios.aem4 : BIOS.obj (.text:ti_sysbios_knl_Task_Instance_init__E)
                  2000e7b8    000001c0     timer_if.obj (.text)
                  2000e978    000001b6     rtsv7M4_T_le_eabi.lib : fd_add_t2.obj (.text)
                  2000eb2e    00000002                           : i_div0.obj (.text)
                  2000eb30    0000019c     sysbios.aem4 : BIOS.obj (.text:ti_sysbios_knl_Task_Module_startup__E)
                  2000eccc    00000190     simplelink.a : driver.obj (.text:_SlDrvWaitForPoolObj)
                  2000ee5c    00000174                  : driver.obj (.text:_SlDrvDriverCBInit)
                  2000efd0    00000174     sysbios.aem4 : BIOS.obj (.text:ti_sysbios_family_arm_m3_Hwi_excBusFault__I)
                  2000f144    00000170     simplelink.a : driver.obj (.text:_SlFindAndSetActiveObj)
                  2000f2b4    00000004     app_pem4.oem4 (.text:ti_sysbios_heaps_HeapMem_Module_GateProxy_enter__E)
                  2000f2b8    00000164     sysbios.aem4 : BIOS.obj (.text:ti_sysbios_family_arm_m3_Hwi_excUsageFault__I)
                  2000f41c    00000004     app_pem4.oem4 (.text:ti_sysbios_heaps_HeapMem_Module_GateProxy_leave__E)
                  2000f420    00000158     sysbios.aem4 : BIOS.obj (.text:ti_sysbios_knl_Mailbox_Instance_init__E)
                  2000f578    00000150     button_if.obj (.text)
                  2000f6c8    0000014c     simplelink.a : cc_pal.obj (.text:spi_Open)
                  2000f814    00000004     app_pem4.oem4 (.text:ti_sysbios_knl_Clock_TimerProxy_getMaxTicks__E)
                  2000f818    00000148     sysbios.aem4 : BIOS.obj (.text:ti_sysbios_family_arm_m3_Hwi_excMemFault__I)
                  2000f960    00000140                  : BIOS.obj (.text:ti_sysbios_knl_Semaphore_post__E)
                  2000faa0    0000013c     simplelink.a : socket.obj (.text:sl_Select)
                  2000fbdc    00000004     app_pem4.oem4 (.text:ti_sysbios_knl_Mailbox_delete)
                  2000fbe0    0000013c     sysbios.aem4 : BIOS.obj (.text:ti_sysbios_heaps_HeapMem_Instance_init__E)
                  2000fd1c    00000138     simplelink.a : socket.obj (.text:sl_Accept)
                  2000fe54    00000004     app_pem4.oem4 (.text:ti_sysbios_knl_Queue_destruct)
                  2000fe58    00000138     sysbios.aem4 : BIOS.obj (.text:ti_sysbios_family_arm_m3_Hwi_dispatchC__I)
                  2000ff90    00000138     ti.targets.arm.rtsarm.aem4 : LoggerBuf.oem4 (.text:xdc_runtime_LoggerBuf_write8__E)
                  200100c8    00000136     rtsv7M4_T_le_eabi.lib : fd_div_t2.obj (.text)
                  200101fe    00000002     app_pem4.oem4 (.text:ti_sysbios_BIOS_nullFunc__I)
                  20010200    00000134     driverlib.a : prcm.obj (.text:PRCMCC3200MCUInit)
                  20010334    00000004     app_pem4.oem4 (.text:ti_sysbios_knl_Semaphore_delete)
                  20010338    00000134     sysbios.aem4 : BIOS.obj (.text:ti_sysbios_knl_Clock_workFunc__E)
                  2001046c    00000128     simplelink.a : driver.obj (.text:_SlDrvDataReadOp)
                  20010594    00000004     app_pem4.oem4 (.text:ti_sysbios_knl_Semaphore_destruct)
                  20010598    0000011c     sysbios.aem4 : BIOS.obj (.text:ti_sysbios_knl_Swi_run__I)
                  200106b4    00000118     simplelink.a : socket.obj (.text:sl_SendTo)
                  200107cc    00000118     ti.targets.arm.rtsarm.aem4 : Error.oem4 (.text:xdc_runtime_Error_policyDefault__E)
                  200108e4    00000110     rtsv7M4_T_le_eabi.lib : xdscale.obj (.text)
                  200109f4    0000010c     simplelink.a : socket.obj (.text:sl_RecvFrom)
                  20010b00    00000108                  : socket.obj (.text:sl_Connect)
                  20010c08    00000108                  : socket.obj (.text:sl_Send)
                  20010d10    00000104                  : driver.obj (.text:_SlDrvDataWriteOp)
                  20010e14    00000104                  : netapp.obj (.text:sl_NetAppDnsGetHostByName)
                  20010f18    00000100     ti.targets.arm.rtsarm.aem4 : Core-mem.oem4 (.text:xdc_runtime_Core_createObject__I)
                  20011018    000000fe     simplelink.a : netapp.obj (.text:_SlDrvNetAppEventHandler)
                  20011116    000000fc     rtsv7M4_T_le_eabi.lib : fd_mul_t2.obj (.text)
                  20011212    00000002     app_pem4.oem4 (.text:xdc_runtime_Startup_reset__I)
                  20011214    000000f8     ti.targets.arm.rtsarm.aem4 : Startup.oem4 (.text:xdc_runtime_Startup_startMods__I)
                  2001130c    000000f8     app_pem4.oem4 (.text:xdc_runtime_System_printfExtend__I)
                  20011404    000000f4     simplelink.a : driver.obj (.text:_SlDrvDriverCBDeinit)
                  200114f8    000000f0     driverlib.a : udma.obj (.text:uDMAChannelTransferSet)
                  200115e8    000000dc     simplelink.a : cc_pal.obj (.text:spi_Read)
                  200116c4    000000d8                  : driver.obj (.text:_SlDrvClassifyRxMsg)
                  2001179c    000000d4                  : device.obj (.text:sl_Stop)
                  20011870    000000d4     ti.targets.arm.rtsarm.aem4 : LoggerBuf.oem4 (.text:xdc_runtime_LoggerBuf_write4__E)
                  20011944    00000004     app_pem4.oem4 (.text:ti_sysbios_knl_Task_delete)
                  20011948    000000d0     sysbios.aem4 : BIOS.obj (.text:ti_sysbios_family_arm_m3_Hwi_Module_startup__E)
                  20011a18    000000d0                  : m3_Hwi_asm.obj (.text:ti_sysbios_family_arm_m3_Hwi_dispatch__I)
                  20011ae8    000000cc                  : BIOS.obj (.text:ti_sysbios_knl_Task_schedule__I)
                  20011bb4    000000cc     ti.targets.arm.rtsarm.aem4 : Core-smem.oem4 (.text:xdc_runtime_Core_constructObject__I)
                  20011c80    000000c8     simplelink.a : netapp.obj (.text:_sl_HandleAsync_DnsGetHostByService)
                  20011d48    000000c0                  : driver.obj (.text:_SlRemoveFromList)
                  20011e08    000000be     rtsv7M4_T_le_eabi.lib : xdnorm.obj (.text)
                  20011ec6    00000002     --HOLE-- [fill = 0]
                  20011ec8    000000bc     simplelink.a : driver.obj (.text:_SlDrvMsgReadCmdCtx)
                  20011f84    000000bc                  : device.obj (.text:sl_Start)
                  20012040    000000bc     sysbios.aem4 : BIOS.obj (.text:ti_sysbios_family_arm_m3_Hwi_excDebugMon__I)
                  200120fc    00000004     ti.targets.arm.rtsarm.aem4 : Error.oem4 (.text:xdc_runtime_Error_getSite__E)
                  20012100    000000bc     sysbios.aem4 : BIOS.obj (.text:ti_sysbios_family_arm_m3_Hwi_excHardFault__I)
                  200121bc    00000004     app_pem4.oem4 (.text:xdc_runtime_LoggerBuf_Module_GateProxy_enter__E)
                  200121c0    000000bc     sysbios.aem4 : BIOS.obj (.text:ti_sysbios_knl_Task_startCore__E)
                  2001227c    000000b8     simplelink.a : driver.obj (.text:_SlAsyncEventGenericHandler)
                  20012334    000000b4                  : netapp.obj (.text:sl_NetAppMDNSRegisterUnregisterService)
                  200123e8    000000b4     sysbios.aem4 : BIOS.obj (.text:ti_sysbios_gates_GateMutex_enter__E)
                  2001249c    00000004     app_pem4.oem4 (.text:xdc_runtime_LoggerBuf_Module_GateProxy_leave__E)
                  200124a0    000000b4     sysbios.aem4 : BIOS.obj (.text:ti_sysbios_knl_Task_checkStacks__E)
                  20012554    00000004     app_pem4.oem4 (.text:xdc_runtime_System_Module_GateProxy_enter__E)
                  20012558    000000b4     sysbios.aem4 : BIOS.obj (.text:ti_sysbios_knl_Task_yield__E)
                  2001260c    00000004     app_pem4.oem4 (.text:xdc_runtime_System_Module_GateProxy_leave__E)
                  20012610    000000ac     sysbios.aem4 : BIOS.obj (.text:ti_sysbios_knl_Swi_post__E)
                  200126bc    000000a8     driverlib.a : interrupt.obj (.text:IntDisable)
                  20012764    000000a8                 : interrupt.obj (.text:IntEnable)
                  2001280c    000000a8     simplelink.a : netcfg.obj (.text:sl_NetCfgGet)
                  200128b4    00000004     ti.targets.arm.rtsarm.aem4 : System.oem4 (.text:xdc_runtime_System_aprintf_va__F)
                  200128b8    000000a8     sysbios.aem4 : BIOS.obj (.text:ti_sysbios_knl_Task_blockI__E)
                  20012960    000000a8                  : BIOS.obj (.text:ti_sysbios_knl_Task_postInit__I)
                  20012a08    000000a0     driverlib.a : spi.obj (.text:SPIConfigSetExpClk)
                  20012aa8    000000a0     auto_init.aem4 : auto_init.oem4 (.text)
                  20012b48    000000a0     ti.targets.arm.rtsarm.aem4 : Text.oem4 (.text:xdc_runtime_Text_putMod__E)
                  20012be8    0000009c     simplelink.a : driver.obj (.text:_SlDrvMsgReadSpawnCtx)
                  20012c84    0000009c     rtsv7M4_T_le_eabi.lib : memcpy_t2.obj (.text)
                  20012d20    0000009c     simplelink.a : device.obj (.text:sl_DevGet)
                  20012dbc    00000004     ti.targets.arm.rtsarm.aem4 : System.oem4 (.text:xdc_runtime_System_printf_va__F)
                  20012dc0    0000009c     sysbios.aem4 : BIOS.obj (.text:ti_sysbios_knl_Semaphore_Instance_init__E)
                  20012e5c    0000009c     ti.targets.arm.rtsarm.aem4 : LoggerBuf.oem4 (.text:xdc_runtime_LoggerBuf_setFilterLevel__E)
                  20012ef8    0000009a                                : Text.oem4 (.text:xdc_runtime_Text_putSite__E)
                  20012f92    00000002     --HOLE-- [fill = 0]
                  20012f94    00000098     pinmux.obj (.text)
                  2001302c    00000004     --HOLE-- [fill = 0]
                  20013030    00000098     sysbios.aem4 : BIOS.obj (.text:ti_sysbios_knl_Mailbox_post__E)
                  200130c8    00000094     driverlib.a : prcm.obj (.text:PRCMPeripheralClockGet)
                  2001315c    00000004     --HOLE-- [fill = 0]
                  20013160    00000094     sysbios.aem4 : BIOS.obj (.text:ti_sysbios_family_arm_m3_Hwi_Instance_init__E)
                  200131f4    00000004     --HOLE-- [fill = 0]
                  200131f8    00000094                  : BIOS.obj (.text:ti_sysbios_knl_Task_exit__E)
                  2001328c    00000004     --HOLE-- [fill = 0]
                  20013290    00000090                  : BIOS.obj (.text:ti_sysbios_knl_Task_unblockI__E)
                  20013320    0000008c     simplelink.a : cc_pal.obj (.text:SetupDMAReceive)
                  200133ac    0000008c                  : cc_pal.obj (.text:SetupDMASend)
                  20013438    0000008c                  : netapp.obj (.text:_sl_HandleAsync_DnsGetHostByName)
                  200134c4    0000008c                  : netapp.obj (.text:_sl_HandleAsync_PingResponse)
                  20013550    0000008c                  : cc_pal.obj (.text:spi_Write)
                  200135dc    00000004     --HOLE-- [fill = 0]
                  200135e0    0000008c     sysbios.aem4 : BIOS.obj (.text:ti_sysbios_knl_Mailbox_pend__E)
                  2001366c    00000088     driverlib.a : pin.obj (.text:PinConfigSet)
                  200136f4    00000088     rtsv7M4_T_le_eabi.lib : vsnprintf.obj (.text)
                  2001377c    00000088     simplelink.a : socket.obj (.text:sl_Bind)
                  20013804    00000004     --HOLE-- [fill = 0]
                  20013808    00000088     sysbios.aem4 : BIOS.obj (.text:ti_sysbios_family_arm_m3_Hwi_initNVIC__E)
                  20013890    00000088                  : BIOS.obj (.text:ti_sysbios_knl_Mailbox_Module_startup__E)
                  20013918    00000086     rtsv7M4_T_le_eabi.lib : fd_cmp_t2.obj (.text:__aeabi_cdcmple)
                  2001399e    00000086                           : fd_cmp_t2.obj (.text:__aeabi_cdrcmple)
                  20013a24    00000084     simplelink.a : cc_pal.obj (.text:NwpPowerOnPreamble)
                  20013aa8    00000084     sysbios.aem4 : BIOS.obj (.text:ti_sysbios_family_arm_m3_Hwi_postInit__I)
                  20013b2c    00000082     driverlib.a : gpio.obj (.text:GPIOIntTypeSet)
                  20013bae    00000002     --HOLE-- [fill = 0]
                  20013bb0    00000080     simplelink.a : driver.obj (.text:_SlDrvCmdOp)
                  20013c30    00000080                  : cc_pal.obj (.text:spi_Read_CPU)
                  20013cb0    00000080                  : cc_pal.obj (.text:spi_Write_CPU)
                  20013d30    0000007c     driverlib.a : prcm.obj (.text:PRCMRTCGet)
                  20013dac    0000007c     simplelink.a : device.obj (.text:_sl_HandleAsync_InitComplete)
                  20013e28    0000007c     sysbios.aem4 : BIOS.obj (.text:ti_sysbios_family_arm_m3_TimestampProvider_get64__E)
                  20013ea4    0000007a     rtsv7M4_T_le_eabi.lib : memset_t2.obj (.text)
                  20013f1e    00000002     --HOLE-- [fill = 0]
                  20013f20    00000078     simplelink.a : socket.obj (.text:_sl_HandleAsync_Connect)
                  20013f98    00000078                  : cc_pal.obj (.text:spi_Close)
                  20014010    00000076     driverlib.a : uart.obj (.text:UARTConfigSetExpClk)
                  20014086    00000002     --HOLE-- [fill = 0]
                  20014088    00000074     simplelink.a : socket.obj (.text:sl_Recv)
                  200140fc    00000074     ti.targets.arm.rtsarm.aem4 : LoggerBuf.oem4 (.text:xdc_runtime_LoggerBuf_getFilterLevel__E)
                  20014170    00000070     sysbios.aem4 : BIOS.obj (.text:ti_sysbios_knl_Mailbox_Instance_finalize__E)
                  200141e0    0000006d     ti.targets.arm.rtsarm.aem4 : System.oem4 (.text:xdc_runtime_System_formatNum__I)
                  2001424d    00000003     --HOLE-- [fill = 0]
                  20014250    0000006c     simplelink.a : driver.obj (.text:_SlDrvCmdSend)
                  200142bc    00000004     --HOLE-- [fill = 0]
                  200142c0    0000006c     sysbios.aem4 : BIOS.obj (.text:ti_sysbios_knl_Swi_restoreHwi__E)
                  2001432c    0000006c     ti.targets.arm.rtsarm.aem4 : Error.oem4 (.text:xdc_runtime_Error_print__E)
                  20014398    0000006c                                : Memory.oem4 (.text:xdc_runtime_Memory_alloc__E)
                  20014404    0000006a     rtsv7M4_T_le_eabi.lib : copy_decompress_rle.obj (.text)
                  2001446e    00000002     --HOLE-- [fill = 0]
                  20014470    00000068     driverlib.a : timer.obj (.text:TimerIntUnregister)
                  200144d8    00000068     simplelink.a : netapp.obj (.text:_sl_NetAppSendTokenValue)
                  20014540    00000068     rtsv7M4_T_le_eabi.lib : trgmsg.obj (.text)
                  200145a8    00000068     simplelink.a : netcfg.obj (.text:sl_NetCfgSet)
                  20014610    00000068                  : socket.obj (.text:sl_SetSockOpt)
                  20014678    00000068                  : wlan.obj (.text:sl_WlanSet)
                  200146e0    00000066     rtsv7M4_T_le_eabi.lib : xdunscal.obj (.text)
                  20014746    00000066     ti.targets.arm.rtsarm.aem4 : Core-mem.oem4 (.text:xdc_runtime_Core_deleteObject__I)
                  200147ac    00000064     app_pem4.oem4 (.text:ti_sysbios_family_arm_m3_Hwi_create)
                  20014810    00000064     app_pem4.oem4 (.text:ti_sysbios_knl_Mailbox_create)
                  20014874    00000064     driverlib.a : udma.obj (.text:uDMAChannelAttributeDisable)
                  200148d8    00000064                 : udma.obj (.text:uDMAChannelAttributeEnable)
                  2001493c    00000060     simplelink.a : socket.obj (.text:_sl_HandleAsync_Accept)
                  2001499c    00000060                  : wlan.obj (.text:sl_WlanPolicySet)
                  200149fc    00000004     --HOLE-- [fill = 0]
                  20014a00    00000060     sysbios.aem4 : BIOS.obj (.text:ti_sysbios_knl_Clock_logTick__E)
                  20014a60    0000005c     simplelink.a : socket.obj (.text:sl_Socket)
                  20014abc    00000004     --HOLE-- [fill = 0]
                  20014ac0    0000005c     sysbios.aem4 : BIOS.obj (.text:ti_sysbios_knl_Swi_schedule__I)
                  20014b1c    0000005c     app_pem4.oem4 (.text:ti_sysbios_knl_Task_create)
                  20014b78    0000005c     app_pem4.oem4 (.text:xdc_runtime_LoggerBuf_Object__create__S)
                  20014bd4    0000005b     ti.targets.arm.rtsarm.aem4 : Text.oem4 (.text:xdc_runtime_Text_putLab__E)
                  20014c2f    00000001     --HOLE-- [fill = 0]
                  20014c30    00000058     driverlib.a : interrupt.obj (.text:IntPendClear)
                  20014c88    00000058                 : prcm.obj (.text:PRCMPeripheralReset)
                  20014ce0    00000058     sysbios.aem4 : BIOS.obj (.text:ti_sysbios_family_arm_m3_Timer_setPeriod__E)
                  20014d38    00000056     rtsv7M4_T_le_eabi.lib : ltoa.obj (.text)
                  20014d8e    00000002     --HOLE-- [fill = 0]
                  20014d90    00000054     simplelink.a : socket.obj (.text:_sl_HandleAsync_Select)
                  20014de4    00000054                  : wlan.obj (.text:sl_WlanRxFilterSet)
                  20014e38    00000054     sysbios.aem4 : BIOS.obj (.text:ti_sysbios_family_arm_m3_Timer_start__E)
                  20014e8c    00000054     ti.targets.arm.rtsarm.aem4 : Assert.oem4 (.text:xdc_runtime_Assert_raise__I)
                  20014ee0    00000050     driverlib.a : prcm.obj (.text:PRCMSlowClkCtrGet)
                  20014f30    00000050     simplelink.a : device.obj (.text:_sl_HandleAsync_Stop)
                  20014f80    00000050     ti.targets.arm.rtsarm.aem4 : Startup.oem4 (.text:xdc_runtime_Startup_exec__E)
                  20014fd0    00000050                                : Text.oem4 (.text:xdc_runtime_Text_visitRope2__I)
                  20015020    0000004c     driverlib.a : spi.obj (.text:SPIIntEnable)
                  2001506c    0000004c     simplelink.a : driver.obj (.text:_SlDrvProtectAsyncRespSetting)
                  200150b8    0000004c                  : driver.obj (.text:_SlDrvRxIrqHandler)
                  20015104    0000004c                  : socket.obj (.text:_sl_BuildAddress)
                  20015150    0000004c     rtsv7M4_T_le_eabi.lib : atoi.obj (.text)
                  2001519c    0000004c                           : cpy_tbl.obj (.text)
                  200151e8    0000004c     sysbios.aem4 : m3_TaskSupport_asm.obj (.text:ti_sysbios_family_arm_m3_TaskSupport_buildTaskStack)
                  20015234    00000004     --HOLE-- [fill = 0]
                  20015238    0000004c                  : BIOS.obj (.text:ti_sysbios_heaps_HeapMem_getStats__E)
                  20015284    00000004     --HOLE-- [fill = 0]
                  20015288    0000004c                  : BIOS.obj (.text:ti_sysbios_knl_Swi_runLoop__I)
                  200152d4    00000004     --HOLE-- [fill = 0]
                  200152d8    0000004c                  : BIOS.obj (.text:ti_sysbios_knl_Task_allBlockedFunction__I)
                  20015324    0000004c     driverlib.a : udma.obj (.text:uDMAChannelAssign)
                  20015370    00000048                 : spi.obj (.text:SPIIntClear)
                  200153b8    00000048     simplelink.a : driver.obj (.text:_SlDrvBasicCmd)
                  20015400    00000048     rtsv7M4_T_le_eabi.lib : fd_toi_t2.obj (.text)
                  20015448    00000048     sysbios.aem4 : BIOS.obj (.text:ti_sysbios_family_arm_m3_Hwi_disableInterrupt__E)
                  20015490    00000048                  : BIOS.obj (.text:ti_sysbios_family_arm_m3_Hwi_enableInterrupt__E)
                  200154d8    00000048                  : BIOS.obj (.text:ti_sysbios_family_arm_m3_Hwi_excReserved__I)
                  20015520    00000048                  : m3_Hwi_asm_switch.obj (.text:ti_sysbios_family_arm_m3_Hwi_initStacks__E)
                  20015568    00000048                  : BIOS.obj (.text:ti_sysbios_family_arm_m3_Timer_initDevice__I)
                  200155b0    00000046     rtsv7M4_T_le_eabi.lib : ldexp.obj (.text)
                  200155f6    00000046     ti.targets.arm.rtsarm.aem4 : Core-params.oem4 (.text:xdc_runtime_Core_assignParams__I)
                  2001563c    00000044     driverlib.a : spi.obj (.text:SPIDmaMaskGet)
                  20015680    00000044                 : timer.obj (.text:TimerConfigure)
                  200156c4    00000044     boot.aem4 : boot.oem4 (.text)
                  20015708    00000044     simplelink.a : cc_pal.obj (.text:cc_SetupTransfer)
                  2001574c    00000044     rtsv7M4_T_le_eabi.lib : exit.obj (.text)
                  20015790    00000044     sysbios.aem4 : BIOS.obj (.text:ti_sysbios_family_arm_m3_Hwi_getStackInfo__E)
                  200157d4    00000004     --HOLE-- [fill = 0]
                  200157d8    00000044                  : BIOS.obj (.text:ti_sysbios_knl_Mailbox_postInit__I)
                  2001581c    00000044     ti.targets.arm.rtsarm.aem4 : Error.oem4 (.text:xdc_runtime_Error_setX__E)
                  20015860    00000044                                : LoggerBuf.oem4 (.text:xdc_runtime_LoggerBuf_filterOutEvent__I)
                  200158a4    00000044                                : SysMin.oem4 (.text:xdc_runtime_SysMin_flush__E)
                  200158e8    00000044                                : Text.oem4 (.text:xdc_runtime_Text_xprintf__I)
                  2001592c    00000042     simplelink.a : socket.obj (.text:sl_Htonl)
                  2001596e    00000002     --HOLE-- [fill = 0]
                  20015970    00000040     driverlib.a : pin.obj (.text:PinModeSet)
                  200159b0    00000040     rtsv7M4_T_le_eabi.lib : signal.obj (.text)
                  200159f0    00000040                           : strtok.obj (.text)
                  20015a30    00000040                           : u_divt2.obj (.text)
                  20015a70    00000040     sysbios.aem4 : BIOS.obj (.text:ti_sysbios_family_arm_m3_Timer_Module_startup__E)
                  20015ab0    0000003e     app_pem4.oem4 (.text:realloc)
                  20015aee    0000003c     simplelink.a : netapp.obj (.text:CopyPingResultsToReport)
                  20015b2a    00000002     --HOLE-- [fill = 0]
                  20015b2c    0000003c     driverlib.a : prcm.obj (.text:PRCMPeripheralClkEnable)
                  20015b68    0000003c     simplelink.a : socket.obj (.text:_sl_TruncatePayloadByProtocol)
                  20015ba4    0000003c                  : socket.obj (.text:sl_Htons)
                  20015be0    0000003c                  : socket.obj (.text:sl_Listen)
                  20015c1c    00000004     --HOLE-- [fill = 0]
                  20015c20    0000003c     sysbios.aem4 : BIOS.obj (.text:ti_sysbios_family_arm_m3_Hwi_excSvCall__I)
                  20015c5c    00000004     --HOLE-- [fill = 0]
                  20015c60    0000003c                  : BIOS.obj (.text:ti_sysbios_heaps_HeapMem_init__I)
                  20015c9c    00000004     --HOLE-- [fill = 0]
                  20015ca0    0000003c                  : BIOS.obj (.text:ti_sysbios_knl_Swi_startup__E)
                  20015cdc    0000003c     driverlib.a : udma.obj (.text:uDMAChannelControlSet)
                  20015d18    0000003a     ti.targets.arm.rtsarm.aem4 : LoggerBuf.oem4 (.text:xdc_runtime_LoggerBuf_Instance_init__E)
                  20015d52    00000002     --HOLE-- [fill = 0]
                  20015d54    00000038     simplelink.a : cc_pal.obj (.text:NwpPowerOff)
                  20015d8c    00000004     --HOLE-- [fill = 0]
                  20015d90    00000038     sysbios.aem4 : BIOS.obj (.text:ti_sysbios_family_arm_m3_Hwi_excNoIsr__I)
                  20015dc8    00000038                  : BIOS.obj (.text:ti_sysbios_knl_Task_processVitalTaskFlag__I)
                  20015e00    00000038     ti.targets.arm.rtsarm.aem4 : SysMin.oem4 (.text:xdc_runtime_SysMin_putch__E)
                  20015e38    00000038                                : System.oem4 (.text:xdc_runtime_System_atexit__E)
                  20015e70    00000036     driverlib.a : gpio.obj (.text:GPIODirModeSet)
                  20015ea6    00000036     simplelink.a : netapp.obj (.text:sl_NetAppMDNSUnRegisterService)
                  20015edc    00000034     driverlib.a : prcm.obj (.text:PRCMPeripheralStatusGet)
                  20015f10    00000034                 : spi.obj (.text:SPIFIFOLevelSet)
                  20015f44    00000034     rtsv7M4_T_le_eabi.lib : feraiseexcept.obj (.text)
                  20015f78    00000034     sysbios.aem4 : BIOS.obj (.text:ti_sysbios_family_arm_m3_Hwi_Instance_finalize__E)
                  20015fac    00000004     --HOLE-- [fill = 0]
                  20015fb0    00000034                  : BIOS.obj (.text:ti_sysbios_family_arm_m3_Hwi_excNmi__I)
                  20015fe4    00000004     --HOLE-- [fill = 0]
                  20015fe8    00000034                  : BIOS.obj (.text:ti_sysbios_family_arm_m3_Timer_periodicStub__I)
                  2001601c    00000004     --HOLE-- [fill = 0]
                  20016020    00000034                  : BIOS.obj (.text:ti_sysbios_hal_Hwi_checkStack)
                  20016054    00000034     app_pem4.oem4 (.text:ti_sysbios_knl_Semaphore_create)
                  20016088    00000034     ti.targets.arm.rtsarm.aem4 : Core-label.oem4 (.text:xdc_runtime_Core_assignLabel__I)
                  200160bc    00000033                                : Text.oem4 (.text:xdc_runtime_Text_printVisFxn__I)
                  200160ef    00000001     --HOLE-- [fill = 0]
                  200160f0    00000032     sysbios.aem4 : BIOS.obj (.text:ti_sysbios_hal_Hwi_initStack)
                  20016122    00000006     driverlib.a : utils.obj (.text:UtilsDelay)
                  20016128    00000032     sysbios.aem4 : BIOS.obj (.text:ti_sysbios_knl_Semaphore_pendTimeout__I)
                  2001615a    00000030     driverlib.a : pin.obj (.text:PinTypeGPIO)
                  2001618a    00000002     --HOLE-- [fill = 0]
                  2001618c    00000030                 : uart.obj (.text:UARTDisable)
                  200161bc    00000030     simplelink.a : device.obj (.text:_SlDrvDeviceEventHandler)
                  200161ec    00000030     rtsv7M4_T_le_eabi.lib : strncpy.obj (.text)
                  2001621c    00000030                           : xferaise.obj (.text)
                  2001624c    00000030     simplelink.a : socket.obj (.text:sl_Close)
                  2001627c    00000030                  : wlan.obj (.text:sl_WlanProfileDel)
                  200162ac    00000030                  : wlan.obj (.text:sl_WlanSetMode)
                  200162dc    00000030     app_pem4.oem4 (.text:ti_sysbios_BIOS_atExitFunc__I)
                  2001630c    00000004     --HOLE-- [fill = 0]
                  20016310    00000030     sysbios.aem4 : BIOS.obj (.text:ti_sysbios_family_arm_m3_TaskSupport_start__E)
                  20016340    00000030     app_pem4.oem4 (.text:ti_sysbios_gates_GateHwi_Object__create__S)
                  20016370    00000030     app_pem4.oem4 (.text:ti_sysbios_gates_GateMutex_Object__create__S)
                  200163a0    00000030     app_pem4.oem4 (.text:ti_sysbios_heaps_HeapMem_Object__create__S)
                  200163d0    00000030     app_pem4.oem4 (.text:ti_sysbios_knl_Semaphore_construct)
                  20016400    00000030     ti.targets.arm.rtsarm.aem4 : SysMin.oem4 (.text:xdc_runtime_SysMin_abort__E)
                  20016430    00000030                                : System.oem4 (.text:xdc_runtime_System_processAtExit__E)
                  20016460    0000002e     app_pem4.oem4 (.text:malloc)
                  2001648e    0000002e     rtsv7M4_T_le_eabi.lib : i_tofd_t2.obj (.text)
                  200164bc    0000002e                           : raise.obj (.text)
                  200164ea    00000002     --HOLE-- [fill = 0]
                  200164ec    0000002c     simplelink.a : cc_pal.obj (.text:DmaSpiSwIntHandler)
                  20016518    0000002c                  : cc_pal.obj (.text:NwpPowerOn)
                  20016544    0000002c     driverlib.a : prcm.obj (.text:PRCMSysResetCauseGet)
                  20016570    0000002c     app_pem4.oem4 (.text:ti_sysbios_knl_Clock_doTick__I)
                  2001659c    0000002c     app_pem4.oem4 (.text:ti_sysbios_knl_Queue_construct)
                  200165c8    0000002c     sysbios.aem4 : BIOS.obj (.text:ti_sysbios_knl_Task_restore__E)
                  200165f4    0000002c     ti.targets.arm.rtsarm.aem4 : Text.oem4 (.text:xdc_runtime_Text_cordText__E)
                  20016620    0000002a     driverlib.a : timer.obj (.text:TimerLoadSet)
                  2001664a    0000002a                 : timer.obj (.text:TimerPrescaleSet)
                  20016674    0000002a     rtsv7M4_T_le_eabi.lib : strspn.obj (.text)
                  2001669e    0000002a                           : xdclass.obj (.text)
                  200166c8    0000002a     ti.targets.arm.rtsarm.aem4 : System.oem4 (.text:xdc_runtime_System_putchar__I)
                  200166f2    00000002     --HOLE-- [fill = 0]
                  200166f4    00000028     driverlib.a : prcm.obj (.text:IsRTCUsed)
                  2001671c    00000028                 : prcm.obj (.text:PRCMPeripheralClkDisable)
                  20016744    00000028     simplelink.a : socket.obj (.text:SL_FD_ISSET)
                  2001676c    00000004     --HOLE-- [fill = 0]
                  20016770    00000028     sysbios.aem4 : BIOS.obj (.text:ti_sysbios_knl_Swi_Module_startup__E)
                  20016798    00000028     ti.targets.arm.rtsarm.aem4 : LoggerBuf.oem4 (.text:xdc_runtime_LoggerBuf_Module_startup__E)
                  200167c0    00000026     simplelink.a : cc_pal.obj (.text:NwpRegisterInterruptHandler)
                  200167e6    00000026     rtsv7M4_T_le_eabi.lib : strncmp.obj (.text)
                  2001680c    00000026     ti.targets.arm.rtsarm.aem4 : System.oem4 (.text:xdc_runtime_System_avprintf__E)
                  20016832    00000002     --HOLE-- [fill = 0]
                  20016834    00000024     driverlib.a : interrupt.obj (.text:IntUnregister)
                  20016858    00000024                 : prcm.obj (.text:RTCU16MSecRegRead)
                  2001687c    00000024                 : prcm.obj (.text:RTCUseSet)
                  200168a0    00000024                 : uart.obj (.text:UARTEnable)
                  200168c4    00000024     simplelink.a : driver.obj (.text:_SlDrvProtectionObjLockWaitForever)
                  200168e8    00000024     rtsv7M4_T_le_eabi.lib : memmov.obj (.text)
                  2001690c    00000024                           : strcspn.obj (.text)
                  20016930    00000024     app_pem4.oem4 (.text:ti_sysbios_BIOS_errorRaiseHook__I)
                  20016954    00000024     app_pem4.oem4 (.text:ti_sysbios_BIOS_registerRTSLock__I)
                  20016978    00000024     app_pem4.oem4 (.text:ti_sysbios_BIOS_removeRTSLock__I)
                  2001699c    00000024     app_pem4.oem4 (.text:ti_sysbios_BIOS_startFunc__I)
                  200169c0    00000024     sysbios.aem4 : BIOS.obj (.text:ti_sysbios_family_arm_m3_Hwi_doTaskRestore__I)
                  200169e4    00000004     --HOLE-- [fill = 0]
                  200169e8    00000024                  : BIOS.obj (.text:ti_sysbios_family_arm_m3_Timer_startup__E)
                  20016a0c    00000024     app_pem4.oem4 (.text:ti_sysbios_gates_GateMutex_Object__delete__S)
                  20016a30    00000024     sysbios.aem4 : BIOS.obj (.text:ti_sysbios_knl_Clock_Module_startup__E)
                  20016a54    00000024     app_pem4.oem4 (.text:ti_sysbios_knl_Semaphore_Object__delete__S)
                  20016a78    00000024     ti.targets.arm.rtsarm.aem4 : System.oem4 (.text:xdc_runtime_System_vprintf__E)
                  20016a9c    00000022     driverlib.a : gpio.obj (.text:GPIOIntStatus)
                  20016abe    00000022     simplelink.a : socket.obj (.text:SL_FD_SET)
                  20016ae0    00000022     driverlib.a : spi.obj (.text:SPIReset)
                  20016b02    00000022                 : spi.obj (.text:SPIWordCountSet)
                  20016b24    00000022     rtsv7M4_T_le_eabi.lib : frexp.obj (.text)
                  20016b46    00000022     app_pem4.oem4 (.text:xdc_runtime_SysMin_output__I)
                  20016b68    00000020     driverlib.a : gpio.obj (.text:GPIOPinWrite)
                  20016b88    00000020     simplelink.a : driver.obj (.text:_SlDrvProtectionObjUnLock)
                  20016ba8    00000020     mqtt.a : cc3200_platform.obj (.text)
                  20016bc8    00000020     app_pem4.oem4 (.text:ti_sysbios_BIOS_rtsLock__I)
                  20016be8    00000020     app_pem4.oem4 (.text:ti_sysbios_family_arm_m3_Hwi_Object__delete__S)
                  20016c08    00000020     sysbios.aem4 : m3_Hwi_asm.obj (.text:ti_sysbios_family_arm_m3_Hwi_excHandlerAsm__I)
                  20016c28    00000020                  : BIOS.obj (.text:ti_sysbios_family_arm_m3_Hwi_excHandler__I)
                  20016c48    00000020                  : BIOS.obj (.text:ti_sysbios_family_arm_m3_TimestampProvider_Module_startup__E)
                  20016c68    00000020     app_pem4.oem4 (.text:ti_sysbios_gates_GateHwi_Object__delete__S)
                  20016c88    00000020     app_pem4.oem4 (.text:ti_sysbios_heaps_HeapMem_Object__delete__S)
                  20016ca8    00000020     sysbios.aem4 : BIOS.obj (.text:ti_sysbios_knl_Idle_run__E)
                  20016cc8    00000020     app_pem4.oem4 (.text:ti_sysbios_knl_Mailbox_Object__delete__S)
                  20016ce8    00000020     app_pem4.oem4 (.text:ti_sysbios_knl_Semaphore_Object__destruct__S)
                  20016d08    00000020     app_pem4.oem4 (.text:ti_sysbios_knl_Task_Object__delete__S)
                  20016d28    00000020     app_pem4.oem4 (.text:xdc_runtime_LoggerBuf_Object__delete__S)
                  20016d48    00000020     ti.targets.arm.rtsarm.aem4 : LoggerBuf.oem4 (.text:xdc_runtime_LoggerBuf_reset__E)
                  20016d68    00000020                                : Registry.oem4 (.text:xdc_runtime_Registry_findById__E)
                  20016d88    00000020                                : SysMin.oem4 (.text:xdc_runtime_SysMin_Module_startup__E)
                  20016da8    0000001e     driverlib.a : timer.obj (.text:TimerDisable)
                  20016dc6    0000001e                 : timer.obj (.text:TimerEnable)
                  20016de4    0000001e                 : timer.obj (.text:TimerIntStatus)
                  20016e02    0000001e                 : uart.obj (.text:UARTCharPut)
                  20016e20    0000001e     simplelink.a : cc_pal.obj (.text:cc_UDMAChannelSelect)
                  20016e3e    0000001e     sysbios.aem4 : m3_Hwi_asm_switch.obj (.text:ti_sysbios_family_xxx_Hwi_switchAndRunFunc)
                  20016e5c    0000001c     driverlib.a : timer.obj (.text:TimerValueGet)
                  20016e78    0000001c                 : uart.obj (.text:UARTCharGetNonBlocking)
                  20016e94    0000001c     simplelink.a : driver.obj (.text:_SlDrvObjLockWaitForever)
                  20016eb0    0000001c                  : driver.obj (.text:_SlDrvSyncObjWaitForever)
                  20016ecc    0000001c     rtsv7M4_T_le_eabi.lib : memccpy.obj (.text)
                  20016ee8    0000001c     sysbios.aem4 : BIOS.obj (.text:ti_sysbios_family_arm_m3_Hwi_setPriority__E)
                  20016f04    00000004     --HOLE-- [fill = 0]
                  20016f08    0000001c                  : BIOS.obj (.text:ti_sysbios_gates_GateMutex_Instance_init__E)
                  20016f24    0000001c     app_pem4.oem4 (.text:ti_sysbios_knl_Queue_Object__destruct__S)
                  20016f40    0000001c     sysbios.aem4 : BIOS.obj (.text:ti_sysbios_knl_Task_enter__I)
                  20016f5c    0000001c     driverlib.a : udma.obj (.text:uDMAChannelEnable)
                  20016f78    0000001c     ti.targets.arm.rtsarm.aem4 : Error.oem4 (.text:xdc_runtime_Error_raiseX__E)
                  20016f94    0000001c                                : Memory.oem4 (.text:xdc_runtime_Memory_valloc__E)
                  20016fb0    0000001c                                : SysMin.oem4 (.text:xdc_runtime_SysMin_exit__E)
                  20016fcc    0000001c                                : System.oem4 (.text:xdc_runtime_System_abort__E)
                  20016fe8    0000001a     driverlib.a : gpio.obj (.text:GPIOIntDisable)
                  20017002    0000001a                 : gpio.obj (.text:GPIOIntEnable)
                  2001701c    0000001a                 : pin.obj (.text:PinTypeUART)
                  20017036    0000001a                 : spi.obj (.text:SPIDmaDisable)
                  20017050    0000001a                 : spi.obj (.text:SPIDmaEnable)
                  2001706a    0000001a                 : spi.obj (.text:SPIFIFODisable)
                  20017084    0000001a                 : spi.obj (.text:SPIFIFOEnable)
                  2001709e    0000001a     app_pem4.oem4 (.text:ti_sysbios_family_arm_m3_Hwi_Handle__label__S)
                  200170b8    0000001a     sysbios.aem4 : m3_Hwi_asm.obj (.text:ti_sysbios_family_arm_m3_Hwi_pendSV__I)
                  200170d2    0000001a     app_pem4.oem4 (.text:ti_sysbios_gates_GateHwi_Handle__label__S)
                  200170ec    0000001a     app_pem4.oem4 (.text:ti_sysbios_gates_GateMutex_Handle__label__S)
                  20017106    0000001a     app_pem4.oem4 (.text:ti_sysbios_heaps_HeapMem_Handle__label__S)
                  20017120    0000001a     app_pem4.oem4 (.text:ti_sysbios_knl_Swi_Handle__label__S)
                  2001713a    0000001a     app_pem4.oem4 (.text:ti_sysbios_knl_Task_Handle__label__S)
                  20017154    00000004     --HOLE-- [fill = 0]
                  20017158    0000001a     sysbios.aem4 : BIOS.obj (.text:ti_sysbios_knl_Task_sleepTimeout__I)
                  20017172    0000001a     app_pem4.oem4 (.text:xdc_runtime_LoggerBuf_Handle__label__S)
                  2001718c    0000001a     app_pem4.oem4 (.text:xdc_runtime_System_aprintf__E)
                  200171a6    0000001a     app_pem4.oem4 (.text:xdc_runtime_System_printf__E)
                  200171c0    00000018     driverlib.a : gpio.obj (.text:GPIOPinRead)
                  200171d8    00000018                 : spi.obj (.text:SPICSDisable)
                  200171f0    00000018                 : spi.obj (.text:SPICSEnable)
                  20017208    00000018                 : spi.obj (.text:SPIDisable)
                  20017220    00000018                 : spi.obj (.text:SPIEnable)
                  20017238    00000018                 : timer.obj (.text:TimerIntDisable)
                  20017250    00000018                 : timer.obj (.text:TimerIntEnable)
                  20017268    00000018                 : uart.obj (.text:UARTCharsAvail)
                  20017280    00000018     simplelink.a : driver.obj (.text:_SlDrvObjUnLock)
                  20017298    00000018                  : driver.obj (.text:_SlDrvSyncObjSignal)
                  200172b0    00000018                  : device.obj (.text:_sl_GetStartResponseConvert)
                  200172c8    00000018     app_pem4.oem4 (.text:free)
                  200172e0    00000018     rtsv7M4_T_le_eabi.lib : args_main.obj (.text)
                  200172f8    00000018     app_pem4.oem4 (.text:ti_sysbios_BIOS_rtsUnlock__I)
                  20017310    00000018     app_pem4.oem4 (.text:ti_sysbios_family_arm_m3_Hwi_Module__startupDone__F)
                  20017328    00000018     app_pem4.oem4 (.text:ti_sysbios_family_arm_m3_Timer_Module__startupDone__F)
                  20017340    00000018     sysbios.aem4 : BIOS.obj (.text:ti_sysbios_gates_GateMutex_leave__E)
                  20017358    00000018     ti.targets.arm.rtsarm.aem4 : Error.oem4 (.text:xdc_runtime_Error_check__E)
                  20017370    00000018                                : System.oem4 (.text:xdc_runtime_System_exit__E)
                  20017388    00000018                                : Text.oem4 (.text:xdc_runtime_Text_ropeText__E)
                  200173a0    00000016     driverlib.a : prcm.obj (.text:PRCMHIBRegRead)
                  200173b6    00000016                 : prcm.obj (.text:PRCMHIBRegWrite)
                  200173cc    00000016     simplelink.a : driver.obj (.text:_SlDrvMemZero)
                  200173e2    00000016     rtsv7M4_T_le_eabi.lib : strchr.obj (.text)
                  200173f8    00000016     app_pem4.oem4 (.text:ti_sysbios_BIOS_exitFunc__I)
                  2001740e    00000014     driverlib.a : cpu.obj (.text:CPUcpsie)
                  20017422    00000014                 : gpio.obj (.text:GPIOIntClear)
                  20017436    00000002     --HOLE-- [fill = 0]
                  20017438    00000014     rtsv7M4_T_le_eabi.lib : _lock.obj (.text)
                  2001744c    00000014                           : strcpy.obj (.text)
                  20017460    00000014                           : strlen.obj (.text)
                  20017474    00000014     app_pem4.oem4 (.text:ti_sysbios_family_arm_m3_Hwi_Object__get__S)
                  20017488    00000014     sysbios.aem4 : BIOS.obj (.text:ti_sysbios_family_arm_m3_Hwi_switchFromBootStack__E)
                  2001749c    00000014     app_pem4.oem4 (.text:ti_sysbios_heaps_HeapMem_Object__get__S)
                  200174b0    00000014     app_pem4.oem4 (.text:ti_sysbios_knl_Swi_Object__get__S)
                  200174c4    00000014     app_pem4.oem4 (.text:xdc_runtime_LoggerBuf_Object__get__S)
                  200174d8    00000012     driverlib.a : timer.obj (.text:TimerIntClear)
                  200174ea    00000006     ti.targets.arm.rtsarm.aem4 : xdc_noinit.oem4 (.text:__xdc__init)
                  200174f0    00000012     sysbios.aem4 : BIOS.obj (.text:ti_sysbios_hal_Hwi_Module_startup__E)
                  20017502    00000006     rtsv7M4_T_le_eabi.lib : copy_decompress_rle.obj (.text:decompress:rle24)
                  20017508    00000012     sysbios.aem4 : BIOS.obj (.text:ti_sysbios_hal_Timer_Module_startup__E)
                  2001751a    00000012     ti.targets.arm.rtsarm.aem4 : LoggerBuf.oem4 (.text:xdc_runtime_LoggerBuf_Instance_finalize__E)
                  2001752c    00000012                                : LoggerBuf.oem4 (.text:xdc_runtime_LoggerBuf_write1__E)
                  2001753e    00000012                                : LoggerBuf.oem4 (.text:xdc_runtime_LoggerBuf_write2__E)
                  20017550    00000012     app_pem4.oem4 (.text:xdc_runtime_Startup_exec__I)
                  20017562    00000002     --HOLE-- [fill = 0]
                  20017564    00000010     driverlib.a : prcm.obj (.text:RTCU32SecRegRead)
                  20017574    00000010     simplelink.a : socket.obj (.text:SL_FD_ZERO)
                  20017584    00000004     --HOLE-- [fill = 0]
                  20017588    00000010     sysbios.aem4 : BIOS.obj (.text:ti_sysbios_BIOS_setThreadType__E)
                  20017598    00000010                  : BIOS.obj (.text:ti_sysbios_BIOS_start__E)
                  200175a8    00000010                  : BIOS.obj (.text:ti_sysbios_family_arm_m3_Hwi_getHandle__E)
                  200175b8    00000010                  : m3_TaskSupport_asm.obj (.text:ti_sysbios_family_arm_m3_TaskSupport_glue)
                  200175c8    00000010                  : m3_TaskSupport_asm.obj (.text:ti_sysbios_family_arm_m3_TaskSupport_swap__E)
                  200175d8    00000010                  : BIOS.obj (.text:ti_sysbios_gates_GateMutex_Instance_finalize__E)
                  200175e8    00000010     app_pem4.oem4 (.text:ti_sysbios_knl_Mailbox_Object__get__S)
                  200175f8    00000010     sysbios.aem4 : BIOS.obj (.text:ti_sysbios_knl_Semaphore_Instance_finalize__E)
                  20017608    00000010                  : BIOS.obj (.text:ti_sysbios_knl_Swi_disable__E)
                  20017618    00000010     app_pem4.oem4 (.text:ti_sysbios_knl_Task_Object__get__S)
                  20017628    00000010     sysbios.aem4 : BIOS.obj (.text:ti_sysbios_knl_Task_disable__E)
                  20017638    00000010     ti.targets.arm.rtsarm.aem4 : Gate.oem4 (.text:xdc_runtime_Gate_leaveSystem__E)
                  20017648    00000010                                : LoggerBuf.oem4 (.text:xdc_runtime_LoggerBuf_write0__E)
                  20017658    00000010                                : Memory.oem4 (.text:xdc_runtime_Memory_free__E)
                  20017668    00000010                                : SysMin.oem4 (.text:xdc_runtime_SysMin_ready__E)
                  20017678    00000010                                : System.oem4 (.text:xdc_runtime_System_vsnprintf__E)
                  20017688    00000010     app_pem4.oem4 (.text:xdc_runtime_Text_visitRope__I)
                  20017698    0000000e     simplelink.a : driver.obj (.text:_SlDrvResetCmdExt)
                  200176a6    0000000e     rtsv7M4_T_le_eabi.lib : copy_decompress_none.obj (.text:decompress:none)
                  200176b4    00000004     --HOLE-- [fill = 0]
                  200176b8    0000000e     sysbios.aem4 : BIOS.obj (.text:ti_sysbios_knl_Idle_loop__E)
                  200176c6    00000002     --HOLE-- [fill = 0]
                  200176c8    0000000e                  : BIOS.obj (.text:ti_sysbios_knl_Queue_empty__E)
                  200176d6    00000002     --HOLE-- [fill = 0]
                  200176d8    0000000c     simplelink.a : cc_pal.obj (.text:NwpMaskInterrupt)
                  200176e4    0000000c                  : cc_pal.obj (.text:NwpUnMaskInterrupt)
                  200176f0    0000000c     rtsv7M4_T_le_eabi.lib : copy_zero_init.obj (.text:decompress:ZI)
                  200176fc    0000000c     simplelink.a : wlan.obj (.text:sl_WlanDisconnect)
                  20017708    0000000c     app_pem4.oem4 (.text:ti_sysbios_family_arm_m3_Hwi_Params__init__S)
                  20017714    00000004     --HOLE-- [fill = 0]
                  20017718    0000000c     sysbios.aem4 : BIOS.obj (.text:ti_sysbios_family_arm_m3_Hwi_disableFxn__E)
                  20017724    00000004     --HOLE-- [fill = 0]
                  20017728    0000000c                  : BIOS.obj (.text:ti_sysbios_family_arm_m3_TaskSupport_checkStack__E)
                  20017734    00000004     --HOLE-- [fill = 0]
                  20017738    0000000c                  : BIOS.obj (.text:ti_sysbios_family_arm_m3_TaskSupport_getStackAlignment__E)
                  20017744    00000004     --HOLE-- [fill = 0]
                  20017748    0000000c                  : BIOS.obj (.text:ti_sysbios_gates_GateHwi_enter__E)
                  20017754    0000000c     app_pem4.oem4 (.text:ti_sysbios_knl_Queue_Object__get__S)
                  20017760    0000000c     app_pem4.oem4 (.text:ti_sysbios_knl_Semaphore_Params__init__S)
                  2001776c    0000000c     app_pem4.oem4 (.text:ti_sysbios_knl_Task_Params__init__S)
                  20017778    0000000c     ti.targets.arm.rtsarm.aem4 : Error.oem4 (.text:xdc_runtime_Error_init__E)
                  20017784    0000000c                                : Gate.oem4 (.text:xdc_runtime_Gate_enterSystem__E)
                  20017790    0000000c                                : Memory.oem4 (.text:xdc_runtime_Memory_calloc__E)
                  2001779c    0000000c                                : Memory.oem4 (.text:xdc_runtime_Memory_getMaxDefaultTypeAlign__E)
                  200177a8    0000000a     driverlib.a : interrupt.obj (.text:IntMasterEnable)
                  200177b2    0000000a     app_pem4.oem4 (.text:xdc_runtime_IHeap_alloc)
                  200177bc    0000000a     app_pem4.oem4 (.text:xdc_runtime_IHeap_free)
                  200177c6    0000000a     ti.targets.arm.rtsarm.aem4 : LoggerBuf.oem4 (.text:xdc_runtime_LoggerBuf_disable__E)
                  200177d0    0000000a                                : LoggerBuf.oem4 (.text:xdc_runtime_LoggerBuf_enable__E)
                  200177da    00000008     driverlib.a : prcm.obj (.text:PRCMRTCInUseSet)
                  200177e2    00000006     ti.targets.arm.rtsarm.aem4 : System.oem4 (.text:xdc_runtime_System_Module_startup__E)
                  200177e8    00000008     sysbios.aem4 : BIOS.obj (.text:ti_sysbios_family_arm_m3_Hwi_doSwiRestore__I)
                  200177f0    00000008                  : BIOS.obj (.text:ti_sysbios_family_arm_m3_Hwi_startup__E)
                  200177f8    00000006                  : BIOS.obj (.text:ti_sysbios_family_arm_m3_Hwi_restoreFxn__E)
                  200177fe    00000002     --HOLE-- [fill = 0]
                  20017800    00000006                  : BIOS.obj (.text:ti_sysbios_gates_GateHwi_leave__E)
                  20017806    00000002     --HOLE-- [fill = 0]
                  20017808    00000006                  : BIOS.obj (.text:ti_sysbios_heaps_HeapMem_isBlocking__E)
                  2001780e    00000002     --HOLE-- [fill = 0]
                  20017810    00000006                  : BIOS.obj (.text:ti_sysbios_knl_Queue_Instance_init__E)
                  20017816    00000002     --HOLE-- [fill = 0]
                  20017818    00000004                  : BIOS.obj (.text:ti_sysbios_family_arm_m3_Timer_getMaxTicks__E)
                  2001781c    00000004     --HOLE-- [fill = 0]
                  20017820    00000004                  : BIOS.obj (.text:ti_sysbios_gates_GateHwi_query__E)
                  20017824    00000004     --HOLE-- [fill = 0]
                  20017828    00000004                  : BIOS.obj (.text:ti_sysbios_gates_GateMutex_query__E)
                  2001782c    00000004     --HOLE-- [fill = 0]
                  20017830    00000004                  : BIOS.obj (.text:ti_sysbios_knl_Task_startup__E)
                  20017834    00000004     --HOLE-- [fill = 0]
                  20017838    00000002                  : BIOS.obj (.text:ti_sysbios_gates_GateHwi_Instance_init__E)

.const     0    2001783c    00002782     
                  2001783c    000018cb     app_pem4.oem4 (.const:xdc_runtime_Text_charTab__A)
                  20019107    00000001     app_pem4.oem4 (.const:xdc_runtime_Error_policy__C)
                  20019108    00000110     main.obj (.const:.string)
                  20019218    00000101     rtsv7M4_T_le_eabi.lib : ctype.obj (.const:.string:_ctypes_)
                  20019319    00000003     mqtt.a : sl_mqtt_client.obj (.const)
                  2001931c    00000100     driverlib.a : pin.obj (.const:g_ulPinToPadMap)
                  2001941c    000000b8     app_pem4.oem4 (.const:xdc_runtime_Text_nodeTab__A)
                  200194d4    000000b0     simplelink.a : wlan.obj (.const:$P$T0$1)
                  20019584    000000a8     driverlib.a : prcm.obj (.const:PRCM_PeriphRegsList)
                  2001962c    00000080                 : interrupt.obj (.const)
                  200196ac    00000062     network_if.obj (.const:.string)
                  2001970e    00000002     app_pem4.oem4 (.const:ti_sysbios_family_arm_m3_Hwi_Module__id__C)
                  20019710    00000048     app_pem4.oem4 (.const:.string)
                  20019758    0000003c     simplelink.a : driver.obj (.const:OpcodeTranslateTable)
                  20019794    0000003c                  : wlan.obj (.const)
                  200197d0    0000003c     app_pem4.oem4 (.const:ti_sysbios_knl_Task_Object__PARAMS__C)
                  2001980c    0000003c     app_pem4.oem4 (.const:xdc_runtime_LoggerBuf_Module__FXNS__C)
                  20019848    00000038     simplelink.a : driver.obj (.const:_SlActionLookupTable)
                  20019880    00000034                  : driver.obj (.const)
                  200198b4    00000034                  : socket.obj (.const)
                  200198e8    00000034     app_pem4.oem4 (.const:ti_sysbios_knl_Mailbox_Object__PARAMS__C)
                  2001991c    00000030     app_pem4.oem4 (.const:ti_sysbios_family_arm_m3_Hwi_Object__PARAMS__C)
                  2001994c    00000030     app_pem4.oem4 (.const:xdc_runtime_Startup_sfxnTab__A)
                  2001997c    0000002c     network_if.obj (.const:$P$T1$2)
                  200199a8    00000028     simplelink.a : netapp.obj (.const)
                  200199d0    00000028     app_pem4.oem4 (.const:ti_sysbios_heaps_HeapMem_Module__FXNS__C)
                  200199f8    00000024     network_if.obj (.const)
                  20019a1c    00000024     app_pem4.oem4 (.const:ti_sysbios_gates_GateHwi_Module__FXNS__C)
                  20019a40    00000024     app_pem4.oem4 (.const:ti_sysbios_gates_GateMutex_Module__FXNS__C)
                  20019a64    00000024     app_pem4.oem4 (.const:ti_sysbios_heaps_HeapMem_Object__PARAMS__C)
                  20019a88    00000024     app_pem4.oem4 (.const:ti_sysbios_knl_Semaphore_Object__PARAMS__C)
                  20019aac    00000024     app_pem4.oem4 (.const:xdc_runtime_LoggerBuf_Object__PARAMS__C)
                  20019ad0    00000022     network_if.obj (.const:.string:$P$T0$1)
                  20019af2    00000002     app_pem4.oem4 (.const:ti_sysbios_family_arm_m3_Hwi_Module__loggerDefined__C)
                  20019af4    00000020     mqtt.a : cc31xx_sl_net.obj (.const)
                  20019b14    00000020     app_pem4.oem4 (.const:ti_sysbios_family_arm_m3_Hwi_Object__DESC__C)
                  20019b34    00000020     app_pem4.oem4 (.const:ti_sysbios_gates_GateHwi_Object__DESC__C)
                  20019b54    00000020     app_pem4.oem4 (.const:ti_sysbios_gates_GateMutex_Object__DESC__C)
                  20019b74    00000020     app_pem4.oem4 (.const:ti_sysbios_heaps_HeapMem_Object__DESC__C)
                  20019b94    00000020     app_pem4.oem4 (.const:ti_sysbios_knl_Mailbox_Object__DESC__C)
                  20019bb4    00000020     app_pem4.oem4 (.const:ti_sysbios_knl_Queue_Object__DESC__C)
                  20019bd4    00000020     app_pem4.oem4 (.const:ti_sysbios_knl_Semaphore_Object__DESC__C)
                  20019bf4    00000020     app_pem4.oem4 (.const:ti_sysbios_knl_Task_Object__DESC__C)
                  20019c14    00000020     app_pem4.oem4 (.const:xdc_runtime_LoggerBuf_Object__DESC__C)
                  20019c34    00000018     driverlib.a : spi.obj (.const)
                  20019c4c    00000018     app_pem4.oem4 (.const:ti_sysbios_gates_GateHwi_Object__PARAMS__C)
                  20019c64    00000018     app_pem4.oem4 (.const:ti_sysbios_gates_GateMutex_Object__PARAMS__C)
                  20019c7c    00000018     app_pem4.oem4 (.const:ti_sysbios_knl_Queue_Object__PARAMS__C)
                  20019c94    00000018     app_pem4.oem4 (.const:xdc_runtime_Startup_sfxnRts__A)
                  20019cac    00000014     simplelink.a : device.obj (.const)
                  20019cc0    00000010                  : socket.obj (.const:.string)
                  20019cd0    0000000c     app_pem4.oem4 (.const:xdc_runtime_Startup_firstFxns__A)
                  20019cdc    0000000b     mqtt.a : mqtt_client.obj (.const:.string)
                  20019ce7    00000008     simplelink.a : device.obj (.const:.string)
                  20019cef    00000001     --HOLE-- [fill = 0]
                  20019cf0    00000008                  : netcfg.obj (.const)
                  20019cf8    00000008     app_pem4.oem4 (.const:ti_sysbios_family_arm_m3_Hwi_excHookFuncs__A)
                  20019d00    00000008     app_pem4.oem4 (.const:ti_sysbios_knl_Idle_funcList__C)
                  20019d08    00000008     app_pem4.oem4 (.const:xdc_runtime_Startup_firstFxns__C)
                  20019d10    00000008     app_pem4.oem4 (.const:xdc_runtime_Startup_lastFxns__C)
                  20019d18    00000004     app_pem4.oem4 (.const:ti_sysbios_family_arm_m3_Hwi_E_NMI__C)
                  20019d1c    00000004     app_pem4.oem4 (.const:ti_sysbios_family_arm_m3_Hwi_E_alreadyDefined__C)
                  20019d20    00000004     app_pem4.oem4 (.const:ti_sysbios_family_arm_m3_Hwi_E_busFault__C)
                  20019d24    00000004     app_pem4.oem4 (.const:ti_sysbios_family_arm_m3_Hwi_E_debugMon__C)
                  20019d28    00000004     app_pem4.oem4 (.const:ti_sysbios_family_arm_m3_Hwi_E_hardFault__C)
                  20019d2c    00000004     app_pem4.oem4 (.const:ti_sysbios_family_arm_m3_Hwi_E_memFault__C)
                  20019d30    00000004     app_pem4.oem4 (.const:ti_sysbios_family_arm_m3_Hwi_E_noIsr__C)
                  20019d34    00000004     app_pem4.oem4 (.const:ti_sysbios_family_arm_m3_Hwi_E_reserved__C)
                  20019d38    00000004     app_pem4.oem4 (.const:ti_sysbios_family_arm_m3_Hwi_E_svCall__C)
                  20019d3c    00000004     app_pem4.oem4 (.const:ti_sysbios_family_arm_m3_Hwi_E_usageFault__C)
                  20019d40    00000004     app_pem4.oem4 (.const:ti_sysbios_family_arm_m3_Hwi_LD_end__C)
                  20019d44    00000004     app_pem4.oem4 (.const:ti_sysbios_family_arm_m3_Hwi_LM_begin__C)
                  20019d48    00000004     app_pem4.oem4 (.const:ti_sysbios_family_arm_m3_Hwi_Module__diagsEnabled__C)
                  20019d4c    00000004     app_pem4.oem4 (.const:ti_sysbios_family_arm_m3_Hwi_Module__diagsIncluded__C)
                  20019d50    00000004     app_pem4.oem4 (.const:ti_sysbios_family_arm_m3_Hwi_Module__diagsMask__C)
                  20019d54    00000004     app_pem4.oem4 (.const:ti_sysbios_family_arm_m3_Hwi_Module__loggerFxn1__C)
                  20019d58    00000004     app_pem4.oem4 (.const:ti_sysbios_family_arm_m3_Hwi_Module__loggerFxn8__C)
                  20019d5c    00000004     app_pem4.oem4 (.const:ti_sysbios_family_arm_m3_Hwi_Module__loggerObj__C)
                  20019d60    00000004     app_pem4.oem4 (.const:ti_sysbios_family_arm_m3_Hwi_NUM_INTERRUPTS__C)
                  20019d64    00000004     app_pem4.oem4 (.const:ti_sysbios_family_arm_m3_Hwi_Object__count__C)
                  20019d68    00000004     app_pem4.oem4 (.const:ti_sysbios_family_arm_m3_Hwi_ccr__C)
                  20019d6c    00000004     app_pem4.oem4 (.const:ti_sysbios_family_arm_m3_Hwi_excHandlerFunc__C)
                  20019d70    00000004     app_pem4.oem4 (.const:ti_sysbios_family_arm_m3_Hwi_excHookFuncs__C)
                  20019d74    00000004     app_pem4.oem4 (.const:ti_sysbios_family_arm_m3_Hwi_nullIsrFunc__C)
                  20019d78    00000004     app_pem4.oem4 (.const:ti_sysbios_family_arm_m3_Hwi_priGroup__C)
                  20019d7c    00000004     app_pem4.oem4 (.const:ti_sysbios_family_arm_m3_TaskSupport_stackAlignment__C)
                  20019d80    00000004     app_pem4.oem4 (.const:ti_sysbios_family_arm_m3_Timer_E_cannotSupport__C)
                  20019d84    00000004     app_pem4.oem4 (.const:ti_sysbios_family_arm_m3_Timer_startupNeeded__C)
                  20019d88    00000004     app_pem4.oem4 (.const:ti_sysbios_gates_GateMutex_A_badContext__C)
                  20019d8c    00000004     app_pem4.oem4 (.const:ti_sysbios_gates_GateMutex_Instance_State_sem__O)
                  20019d90    00000004     app_pem4.oem4 (.const:ti_sysbios_gates_GateMutex_Module__diagsEnabled__C)
                  20019d94    00000004     app_pem4.oem4 (.const:ti_sysbios_gates_GateMutex_Module__diagsIncluded__C)
                  20019d98    00000004     app_pem4.oem4 (.const:ti_sysbios_gates_GateMutex_Module__diagsMask__C)
                  20019d9c    00000004     app_pem4.oem4 (.const:ti_sysbios_hal_Hwi_E_stackOverflow__C)
                  20019da0    00000004     app_pem4.oem4 (.const:ti_sysbios_heaps_HeapMem_A_align__C)
                  20019da4    00000004     app_pem4.oem4 (.const:ti_sysbios_heaps_HeapMem_A_heapSize__C)
                  20019da8    00000004     app_pem4.oem4 (.const:ti_sysbios_heaps_HeapMem_A_invalidFree__C)
                  20019dac    00000004     app_pem4.oem4 (.const:ti_sysbios_heaps_HeapMem_A_zeroBlock__C)
                  20019db0    00000004     app_pem4.oem4 (.const:ti_sysbios_heaps_HeapMem_E_memory__C)
                  20019db4    00000004     app_pem4.oem4 (.const:ti_sysbios_heaps_HeapMem_Module__diagsEnabled__C)
                  20019db8    00000004     app_pem4.oem4 (.const:ti_sysbios_heaps_HeapMem_Module__diagsIncluded__C)
                  20019dbc    00000004     app_pem4.oem4 (.const:ti_sysbios_heaps_HeapMem_Module__diagsMask__C)
                  20019dc0    00000004     app_pem4.oem4 (.const:ti_sysbios_heaps_HeapMem_Module__gateObj__C)
                  20019dc4    00000004     app_pem4.oem4 (.const:ti_sysbios_heaps_HeapMem_Object__count__C)
                  20019dc8    00000004     app_pem4.oem4 (.const:ti_sysbios_heaps_HeapMem_reqAlign__C)
                  20019dcc    00000004     app_pem4.oem4 (.const:ti_sysbios_knl_Clock_LM_begin__C)
                  20019dd0    00000004     app_pem4.oem4 (.const:ti_sysbios_knl_Clock_LM_tick__C)
                  20019dd4    00000004     app_pem4.oem4 (.const:ti_sysbios_knl_Clock_LW_delayed__C)
                  20019dd8    00000004     app_pem4.oem4 (.const:ti_sysbios_knl_Clock_Module_State_clockQ__O)
                  20019ddc    00000004     app_pem4.oem4 (.const:ti_sysbios_knl_Clock_Module__diagsEnabled__C)
                  20019de0    00000004     app_pem4.oem4 (.const:ti_sysbios_knl_Clock_Module__diagsIncluded__C)
                  20019de4    00000004     app_pem4.oem4 (.const:ti_sysbios_knl_Clock_Module__diagsMask__C)
                  20019de8    00000004     app_pem4.oem4 (.const:ti_sysbios_knl_Clock_Module__loggerFxn1__C)
                  20019dec    00000004     app_pem4.oem4 (.const:ti_sysbios_knl_Clock_Module__loggerFxn2__C)
                  20019df0    00000004     app_pem4.oem4 (.const:ti_sysbios_knl_Clock_Module__loggerObj__C)
                  20019df4    00000004     app_pem4.oem4 (.const:ti_sysbios_knl_Clock_tickPeriod__C)
                  20019df8    00000004     app_pem4.oem4 (.const:ti_sysbios_knl_Idle_funcList__A)
                  20019dfc    00000004     app_pem4.oem4 (.const:ti_sysbios_knl_Mailbox_A_invalidBufSize__C)
                  20019e00    00000004     app_pem4.oem4 (.const:ti_sysbios_knl_Mailbox_Instance_State_dataQue__O)
                  20019e04    00000004     app_pem4.oem4 (.const:ti_sysbios_knl_Mailbox_Instance_State_dataSem__O)
                  20019e08    00000004     app_pem4.oem4 (.const:ti_sysbios_knl_Mailbox_Instance_State_freeQue__O)
                  20019e0c    00000004     app_pem4.oem4 (.const:ti_sysbios_knl_Mailbox_Instance_State_freeSem__O)
                  20019e10    00000004     app_pem4.oem4 (.const:ti_sysbios_knl_Mailbox_Module__diagsEnabled__C)
                  20019e14    00000004     app_pem4.oem4 (.const:ti_sysbios_knl_Mailbox_Module__diagsIncluded__C)
                  20019e18    00000004     app_pem4.oem4 (.const:ti_sysbios_knl_Mailbox_Module__diagsMask__C)
                  20019e1c    00000004     app_pem4.oem4 (.const:ti_sysbios_knl_Mailbox_Object__count__C)
                  20019e20    00000004     app_pem4.oem4 (.const:ti_sysbios_knl_Mailbox_maxTypeAlign__C)
                  20019e24    00000004     app_pem4.oem4 (.const:ti_sysbios_knl_Semaphore_A_badContext__C)
                  20019e28    00000004     app_pem4.oem4 (.const:ti_sysbios_knl_Semaphore_A_noEvents__C)
                  20019e2c    00000004     app_pem4.oem4 (.const:ti_sysbios_knl_Semaphore_A_overflow__C)
                  20019e30    00000004     app_pem4.oem4 (.const:ti_sysbios_knl_Semaphore_A_pendTaskDisabled__C)
                  20019e34    00000004     app_pem4.oem4 (.const:ti_sysbios_knl_Semaphore_Instance_State_pendQ__O)
                  20019e38    00000004     app_pem4.oem4 (.const:ti_sysbios_knl_Semaphore_LM_pend__C)
                  20019e3c    00000004     app_pem4.oem4 (.const:ti_sysbios_knl_Semaphore_LM_post__C)
                  20019e40    00000004     app_pem4.oem4 (.const:ti_sysbios_knl_Semaphore_Module__diagsEnabled__C)
                  20019e44    00000004     app_pem4.oem4 (.const:ti_sysbios_knl_Semaphore_Module__diagsIncluded__C)
                  20019e48    00000004     app_pem4.oem4 (.const:ti_sysbios_knl_Semaphore_Module__diagsMask__C)
                  20019e4c    00000004     app_pem4.oem4 (.const:ti_sysbios_knl_Semaphore_Module__loggerFxn2__C)
                  20019e50    00000004     app_pem4.oem4 (.const:ti_sysbios_knl_Semaphore_Module__loggerFxn4__C)
                  20019e54    00000004     app_pem4.oem4 (.const:ti_sysbios_knl_Semaphore_Module__loggerObj__C)
                  20019e58    00000004     app_pem4.oem4 (.const:ti_sysbios_knl_Swi_LD_end__C)
                  20019e5c    00000004     app_pem4.oem4 (.const:ti_sysbios_knl_Swi_LM_begin__C)
                  20019e60    00000004     app_pem4.oem4 (.const:ti_sysbios_knl_Swi_LM_post__C)
                  20019e64    00000004     app_pem4.oem4 (.const:ti_sysbios_knl_Swi_Module__diagsEnabled__C)
                  20019e68    00000004     app_pem4.oem4 (.const:ti_sysbios_knl_Swi_Module__diagsIncluded__C)
                  20019e6c    00000004     app_pem4.oem4 (.const:ti_sysbios_knl_Swi_Module__diagsMask__C)
                  20019e70    00000004     app_pem4.oem4 (.const:ti_sysbios_knl_Swi_Module__loggerFxn1__C)
                  20019e74    00000004     app_pem4.oem4 (.const:ti_sysbios_knl_Swi_Module__loggerFxn4__C)
                  20019e78    00000004     app_pem4.oem4 (.const:ti_sysbios_knl_Swi_Module__loggerObj__C)
                  20019e7c    00000004     app_pem4.oem4 (.const:ti_sysbios_knl_Swi_Object__count__C)
                  20019e80    00000004     app_pem4.oem4 (.const:ti_sysbios_knl_Task_A_badPriority__C)
                  20019e84    00000004     app_pem4.oem4 (.const:ti_sysbios_knl_Task_A_badTaskState__C)
                  20019e88    00000004     app_pem4.oem4 (.const:ti_sysbios_knl_Task_A_badThreadType__C)
                  20019e8c    00000004     app_pem4.oem4 (.const:ti_sysbios_knl_Task_A_badTimeout__C)
                  20019e90    00000004     app_pem4.oem4 (.const:ti_sysbios_knl_Task_A_noPendElem__C)
                  20019e94    00000004     app_pem4.oem4 (.const:ti_sysbios_knl_Task_A_sleepTaskDisabled__C)
                  20019e98    00000004     app_pem4.oem4 (.const:ti_sysbios_knl_Task_E_spOutOfBounds__C)
                  20019e9c    00000004     app_pem4.oem4 (.const:ti_sysbios_knl_Task_E_stackOverflow__C)
                  20019ea0    00000004     app_pem4.oem4 (.const:ti_sysbios_knl_Task_LD_block__C)
                  20019ea4    00000004     app_pem4.oem4 (.const:ti_sysbios_knl_Task_LD_exit__C)
                  20019ea8    00000004     app_pem4.oem4 (.const:ti_sysbios_knl_Task_LD_ready__C)
                  20019eac    00000004     app_pem4.oem4 (.const:ti_sysbios_knl_Task_LM_sleep__C)
                  20019eb0    00000004     app_pem4.oem4 (.const:ti_sysbios_knl_Task_LM_switch__C)
                  20019eb4    00000004     app_pem4.oem4 (.const:ti_sysbios_knl_Task_LM_yield__C)
                  20019eb8    00000004     app_pem4.oem4 (.const:ti_sysbios_knl_Task_Module_State_inactiveQ__O)
                  20019ebc    00000004     app_pem4.oem4 (.const:ti_sysbios_knl_Task_Module__diagsEnabled__C)
                  20019ec0    00000004     app_pem4.oem4 (.const:ti_sysbios_knl_Task_Module__diagsIncluded__C)
                  20019ec4    00000004     app_pem4.oem4 (.const:ti_sysbios_knl_Task_Module__diagsMask__C)
                  20019ec8    00000004     app_pem4.oem4 (.const:ti_sysbios_knl_Task_Module__loggerFxn2__C)
                  20019ecc    00000004     app_pem4.oem4 (.const:ti_sysbios_knl_Task_Module__loggerFxn4__C)
                  20019ed0    00000004     app_pem4.oem4 (.const:ti_sysbios_knl_Task_Module__loggerObj__C)
                  20019ed4    00000004     app_pem4.oem4 (.const:ti_sysbios_knl_Task_Object__count__C)
                  20019ed8    00000004     app_pem4.oem4 (.const:ti_sysbios_knl_Task_allBlockedFunc__C)
                  20019edc    00000004     app_pem4.oem4 (.const:ti_sysbios_knl_Task_defaultStackHeap__C)
                  20019ee0    00000004     app_pem4.oem4 (.const:ti_sysbios_knl_Task_defaultStackSize__C)
                  20019ee4    00000004     app_pem4.oem4 (.const:ti_sysbios_knl_Task_numConstructedTasks__C)
                  20019ee8    00000004     app_pem4.oem4 (.const:xdc_runtime_Assert_E_assertFailed__C)
                  20019eec    00000004     app_pem4.oem4 (.const:xdc_runtime_Core_A_initializedParams__C)
                  20019ef0    00000004     app_pem4.oem4 (.const:xdc_runtime_Core_Module__diagsEnabled__C)
                  20019ef4    00000004     app_pem4.oem4 (.const:xdc_runtime_Core_Module__diagsIncluded__C)
                  20019ef8    00000004     app_pem4.oem4 (.const:xdc_runtime_Core_Module__diagsMask__C)
                  20019efc    00000004     app_pem4.oem4 (.const:xdc_runtime_Error_E_memory__C)
                  20019f00    00000004     app_pem4.oem4 (.const:xdc_runtime_Error_Module__diagsEnabled__C)
                  20019f04    00000004     app_pem4.oem4 (.const:xdc_runtime_Error_Module__diagsIncluded__C)
                  20019f08    00000004     app_pem4.oem4 (.const:xdc_runtime_Error_Module__diagsMask__C)
                  20019f0c    00000004     app_pem4.oem4 (.const:xdc_runtime_Error_Module__loggerFxn8__C)
                  20019f10    00000004     app_pem4.oem4 (.const:xdc_runtime_Error_Module__loggerObj__C)
                  20019f14    00000004     app_pem4.oem4 (.const:xdc_runtime_Error_policyFxn__C)
                  20019f18    00000004     app_pem4.oem4 (.const:xdc_runtime_Error_raiseHook__C)
                  20019f1c    00000004     app_pem4.oem4 (.const:xdc_runtime_IFilterLogger_Interface__BASE__C)
                  20019f20    00000004     app_pem4.oem4 (.const:xdc_runtime_IGateProvider_Interface__BASE__C)
                  20019f24    00000004     app_pem4.oem4 (.const:xdc_runtime_IHeap_Interface__BASE__C)
                  20019f28    00000004     app_pem4.oem4 (.const:xdc_runtime_ILogger_Interface__BASE__C)
                  20019f2c    00000004     app_pem4.oem4 (.const:xdc_runtime_IModule_Interface__BASE__C)
                  20019f30    00000004     app_pem4.oem4 (.const:xdc_runtime_Log_L_error__C)
                  20019f34    00000004     app_pem4.oem4 (.const:xdc_runtime_LoggerBuf_E_badLevel__C)
                  20019f38    00000004     app_pem4.oem4 (.const:xdc_runtime_LoggerBuf_Module__gateObj__C)
                  20019f3c    00000004     app_pem4.oem4 (.const:xdc_runtime_LoggerBuf_Object__count__C)
                  20019f40    00000004     app_pem4.oem4 (.const:xdc_runtime_LoggerBuf_statusLogger__C)
                  20019f44    00000004     app_pem4.oem4 (.const:xdc_runtime_Memory_defaultHeapInstance__C)
                  20019f48    00000004     app_pem4.oem4 (.const:xdc_runtime_Startup_execImpl__C)
                  20019f4c    00000004     app_pem4.oem4 (.const:xdc_runtime_Startup_maxPasses__C)
                  20019f50    00000004     app_pem4.oem4 (.const:xdc_runtime_Startup_sfxnRts__C)
                  20019f54    00000004     app_pem4.oem4 (.const:xdc_runtime_Startup_sfxnTab__C)
                  20019f58    00000004     app_pem4.oem4 (.const:xdc_runtime_SysMin_bufSize__C)
                  20019f5c    00000004     app_pem4.oem4 (.const:xdc_runtime_SysMin_outputFunc__C)
                  20019f60    00000004     app_pem4.oem4 (.const:xdc_runtime_System_Module__gateObj__C)
                  20019f64    00000004     app_pem4.oem4 (.const:xdc_runtime_System_abortFxn__C)
                  20019f68    00000004     app_pem4.oem4 (.const:xdc_runtime_System_exitFxn__C)
                  20019f6c    00000004     app_pem4.oem4 (.const:xdc_runtime_System_extendFxn__C)
                  20019f70    00000004     app_pem4.oem4 (.const:xdc_runtime_System_maxAtexitHandlers__C)
                  20019f74    00000004     app_pem4.oem4 (.const:xdc_runtime_Text_charTab__C)
                  20019f78    00000004     app_pem4.oem4 (.const:xdc_runtime_Text_nameEmpty__C)
                  20019f7c    00000004     app_pem4.oem4 (.const:xdc_runtime_Text_nameStatic__C)
                  20019f80    00000004     app_pem4.oem4 (.const:xdc_runtime_Text_nameUnknown__C)
                  20019f84    00000004     app_pem4.oem4 (.const:xdc_runtime_Text_nodeTab__C)
                  20019f88    00000004     app_pem4.oem4 (.const:xdc_runtime_Text_visitRopeFxn__C)
                  20019f8c    00000002     app_pem4.oem4 (.const:ti_sysbios_family_arm_m3_Timer_Module__id__C)
                  20019f8e    00000002     app_pem4.oem4 (.const:ti_sysbios_family_arm_m3_TimestampProvider_configTimer__C)
                  20019f90    00000002     app_pem4.oem4 (.const:ti_sysbios_gates_GateMutex_Module__id__C)
                  20019f92    00000002     app_pem4.oem4 (.const:ti_sysbios_hal_Hwi_Module__id__C)
                  20019f94    00000002     app_pem4.oem4 (.const:ti_sysbios_heaps_HeapMem_Module__id__C)
                  20019f96    00000002     app_pem4.oem4 (.const:ti_sysbios_knl_Clock_Module__id__C)
                  20019f98    00000002     app_pem4.oem4 (.const:ti_sysbios_knl_Clock_Module__loggerDefined__C)
                  20019f9a    00000002     app_pem4.oem4 (.const:ti_sysbios_knl_Mailbox_Module__id__C)
                  20019f9c    00000002     app_pem4.oem4 (.const:ti_sysbios_knl_Semaphore_Module__id__C)
                  20019f9e    00000002     app_pem4.oem4 (.const:ti_sysbios_knl_Semaphore_Module__loggerDefined__C)
                  20019fa0    00000002     app_pem4.oem4 (.const:ti_sysbios_knl_Swi_Module__id__C)
                  20019fa2    00000002     app_pem4.oem4 (.const:ti_sysbios_knl_Swi_Module__loggerDefined__C)
                  20019fa4    00000002     app_pem4.oem4 (.const:ti_sysbios_knl_Task_Module__id__C)
                  20019fa6    00000002     app_pem4.oem4 (.const:ti_sysbios_knl_Task_Module__loggerDefined__C)
                  20019fa8    00000002     app_pem4.oem4 (.const:xdc_runtime_Core_Module__id__C)
                  20019faa    00000002     app_pem4.oem4 (.const:xdc_runtime_Error_Module__loggerDefined__C)
                  20019fac    00000002     app_pem4.oem4 (.const:xdc_runtime_Error_maxDepth__C)
                  20019fae    00000002     app_pem4.oem4 (.const:xdc_runtime_LoggerBuf_Module__id__C)
                  20019fb0    00000002     app_pem4.oem4 (.const:xdc_runtime_LoggerBuf_filterByLevel__C)
                  20019fb2    00000002     app_pem4.oem4 (.const:xdc_runtime_Memory_Module__id__C)
                  20019fb4    00000002     app_pem4.oem4 (.const:xdc_runtime_SysMin_flushAtExit__C)
                  20019fb6    00000002     app_pem4.oem4 (.const:xdc_runtime_Text_charCnt__C)
                  20019fb8    00000002     app_pem4.oem4 (.const:xdc_runtime_Text_isLoaded__C)
[...]
20019d84  ti_sysbios_family_arm_m3_Timer_startupNeeded__C             
20019d88  ti_sysbios_gates_GateMutex_A_badContext__C                  
20019d8c  ti_sysbios_gates_GateMutex_Instance_State_sem__O            
20019d90  ti_sysbios_gates_GateMutex_Module__diagsEnabled__C          
20019d94  ti_sysbios_gates_GateMutex_Module__diagsIncluded__C         
20019d98  ti_sysbios_gates_GateMutex_Module__diagsMask__C             
20019d9c  ti_sysbios_hal_Hwi_E_stackOverflow__C                       
20019da0  ti_sysbios_heaps_HeapMem_A_align__C                         
20019da4  ti_sysbios_heaps_HeapMem_A_heapSize__C                      
20019da8  ti_sysbios_heaps_HeapMem_A_invalidFree__C                   
20019dac  ti_sysbios_heaps_HeapMem_A_zeroBlock__C                     
20019db0  ti_sysbios_heaps_HeapMem_E_memory__C                        
20019db4  ti_sysbios_heaps_HeapMem_Module__diagsEnabled__C            
20019db8  ti_sysbios_heaps_HeapMem_Module__diagsIncluded__C           
20019dbc  ti_sysbios_heaps_HeapMem_Module__diagsMask__C               
20019dc0  ti_sysbios_heaps_HeapMem_Module__gateObj__C                 
20019dc4  ti_sysbios_heaps_HeapMem_Object__count__C                   
20019dc8  ti_sysbios_heaps_HeapMem_reqAlign__C                        
20019dcc  ti_sysbios_knl_Clock_LM_begin__C                            
20019dd0  ti_sysbios_knl_Clock_LM_tick__C                             
20019dd4  ti_sysbios_knl_Clock_LW_delayed__C                          
20019dd8  ti_sysbios_knl_Clock_Module_State_clockQ__O                 
20019ddc  ti_sysbios_knl_Clock_Module__diagsEnabled__C                
20019de0  ti_sysbios_knl_Clock_Module__diagsIncluded__C               
20019de4  ti_sysbios_knl_Clock_Module__diagsMask__C                   
20019de8  ti_sysbios_knl_Clock_Module__loggerFxn1__C                  
20019dec  ti_sysbios_knl_Clock_Module__loggerFxn2__C                  
20019df0  ti_sysbios_knl_Clock_Module__loggerObj__C                   
20019df4  ti_sysbios_knl_Clock_tickPeriod__C                          
20019df8  ti_sysbios_knl_Idle_funcList__A                             
20019dfc  ti_sysbios_knl_Mailbox_A_invalidBufSize__C                  
20019e00  ti_sysbios_knl_Mailbox_Instance_State_dataQue__O            
20019e04  ti_sysbios_knl_Mailbox_Instance_State_dataSem__O            
20019e08  ti_sysbios_knl_Mailbox_Instance_State_freeQue__O            
20019e0c  ti_sysbios_knl_Mailbox_Instance_State_freeSem__O            
20019e10  ti_sysbios_knl_Mailbox_Module__diagsEnabled__C              
20019e14  ti_sysbios_knl_Mailbox_Module__diagsIncluded__C             
20019e18  ti_sysbios_knl_Mailbox_Module__diagsMask__C                 
20019e1c  ti_sysbios_knl_Mailbox_Object__count__C                     
20019e20  ti_sysbios_knl_Mailbox_maxTypeAlign__C                      
20019e24  ti_sysbios_knl_Semaphore_A_badContext__C                    
20019e28  ti_sysbios_knl_Semaphore_A_noEvents__C                      
20019e2c  ti_sysbios_knl_Semaphore_A_overflow__C                      
20019e30  ti_sysbios_knl_Semaphore_A_pendTaskDisabled__C              
20019e34  ti_sysbios_knl_Semaphore_Instance_State_pendQ__O            
20019e38  ti_sysbios_knl_Semaphore_LM_pend__C                         
20019e3c  ti_sysbios_knl_Semaphore_LM_post__C                         
20019e40  ti_sysbios_knl_Semaphore_Module__diagsEnabled__C            
20019e44  ti_sysbios_knl_Semaphore_Module__diagsIncluded__C           
20019e48  ti_sysbios_knl_Semaphore_Module__diagsMask__C               
20019e4c  ti_sysbios_knl_Semaphore_Module__loggerFxn2__C              
20019e50  ti_sysbios_knl_Semaphore_Module__loggerFxn4__C              
20019e54  ti_sysbios_knl_Semaphore_Module__loggerObj__C               
20019e58  ti_sysbios_knl_Swi_LD_end__C                                
20019e5c  ti_sysbios_knl_Swi_LM_begin__C                              
20019e60  ti_sysbios_knl_Swi_LM_post__C                               
20019e64  ti_sysbios_knl_Swi_Module__diagsEnabled__C                  
20019e68  ti_sysbios_knl_Swi_Module__diagsIncluded__C                 
20019e6c  ti_sysbios_knl_Swi_Module__diagsMask__C                     
20019e70  ti_sysbios_knl_Swi_Module__loggerFxn1__C                    
20019e74  ti_sysbios_knl_Swi_Module__loggerFxn4__C                    
20019e78  ti_sysbios_knl_Swi_Module__loggerObj__C                     
20019e7c  ti_sysbios_knl_Swi_Object__count__C                         
20019e80  ti_sysbios_knl_Task_A_badPriority__C                        
20019e84  ti_sysbios_knl_Task_A_badTaskState__C                       
20019e88  ti_sysbios_knl_Task_A_badThreadType__C                      
20019e8c  ti_sysbios_knl_Task_A_badTimeout__C                         
20019e90  ti_sysbios_knl_Task_A_noPendElem__C                         
20019e94  ti_sysbios_knl_Task_A_sleepTaskDisabled__C                  
20019e98  ti_sysbios_knl_Task_E_spOutOfBounds__C                      
20019e9c  ti_sysbios_knl_Task_E_stackOverflow__C                      
20019ea0  ti_sysbios_knl_Task_LD_block__C                             
20019ea4  ti_sysbios_knl_Task_LD_exit__C                              
20019ea8  ti_sysbios_knl_Task_LD_ready__C                             
20019eac  ti_sysbios_knl_Task_LM_sleep__C                             
20019eb0  ti_sysbios_knl_Task_LM_switch__C                            
20019eb4  ti_sysbios_knl_Task_LM_yield__C                             
20019eb8  ti_sysbios_knl_Task_Module_State_inactiveQ__O               
20019ebc  ti_sysbios_knl_Task_Module__diagsEnabled__C                 
20019ec0  ti_sysbios_knl_Task_Module__diagsIncluded__C                
20019ec4  ti_sysbios_knl_Task_Module__diagsMask__C                    
20019ec8  ti_sysbios_knl_Task_Module__loggerFxn2__C                   
20019ecc  ti_sysbios_knl_Task_Module__loggerFxn4__C                   
20019ed0  ti_sysbios_knl_Task_Module__loggerObj__C                    
20019ed4  ti_sysbios_knl_Task_Object__count__C                        
20019ed8  ti_sysbios_knl_Task_allBlockedFunc__C                       
20019edc  ti_sysbios_knl_Task_defaultStackHeap__C                     
20019ee0  ti_sysbios_knl_Task_defaultStackSize__C                     
20019ee4  ti_sysbios_knl_Task_numConstructedTasks__C                  
20019ee8  xdc_runtime_Assert_E_assertFailed__C                        
20019eec  xdc_runtime_Core_A_initializedParams__C                     
20019ef0  xdc_runtime_Core_Module__diagsEnabled__C                    
20019ef4  xdc_runtime_Core_Module__diagsIncluded__C                   
20019ef8  xdc_runtime_Core_Module__diagsMask__C                       
20019efc  xdc_runtime_Error_E_memory__C                               
20019f00  xdc_runtime_Error_Module__diagsEnabled__C                   
20019f04  xdc_runtime_Error_Module__diagsIncluded__C                  
20019f08  xdc_runtime_Error_Module__diagsMask__C                      
20019f0c  xdc_runtime_Error_Module__loggerFxn8__C                     
20019f10  xdc_runtime_Error_Module__loggerObj__C                      
20019f14  xdc_runtime_Error_policyFxn__C                              
20019f18  xdc_runtime_Error_raiseHook__C                              
20019f1c  xdc_runtime_IFilterLogger_Interface__BASE__C                
20019f20  xdc_runtime_IGateProvider_Interface__BASE__C                
20019f24  xdc_runtime_IHeap_Interface__BASE__C                        
20019f28  xdc_runtime_ILogger_Interface__BASE__C                      
20019f2c  xdc_runtime_IModule_Interface__BASE__C                      
20019f30  xdc_runtime_Log_L_error__C                                  
20019f34  xdc_runtime_LoggerBuf_E_badLevel__C                         
20019f38  xdc_runtime_LoggerBuf_Module__gateObj__C                    
20019f3c  xdc_runtime_LoggerBuf_Object__count__C                      
20019f40  xdc_runtime_LoggerBuf_statusLogger__C                       
20019f44  xdc_runtime_Memory_defaultHeapInstance__C                   
20019f48  xdc_runtime_Startup_execImpl__C                             
20019f4c  xdc_runtime_Startup_maxPasses__C                            
20019f50  xdc_runtime_Startup_sfxnRts__C                              
20019f54  xdc_runtime_Startup_sfxnTab__C                              
20019f58  xdc_runtime_SysMin_bufSize__C                               
20019f5c  xdc_runtime_SysMin_outputFunc__C                            
20019f60  xdc_runtime_System_Module__gateObj__C                       
20019f64  xdc_runtime_System_abortFxn__C                              
20019f68  xdc_runtime_System_exitFxn__C                               
20019f6c  xdc_runtime_System_extendFxn__C                             
20019f70  xdc_runtime_System_maxAtexitHandlers__C                     
20019f74  xdc_runtime_Text_charTab__C                                 
20019f78  xdc_runtime_Text_nameEmpty__C                               
20019f7c  xdc_runtime_Text_nameStatic__C                              
20019f80  xdc_runtime_Text_nameUnknown__C                             
20019f84  xdc_runtime_Text_nodeTab__C                                 
20019f88  xdc_runtime_Text_visitRopeFxn__C                            
20019f8c  ti_sysbios_family_arm_m3_Timer_Module__id__C                
20019f8e  ti_sysbios_family_arm_m3_TimestampProvider_configTimer__C   
20019f90  ti_sysbios_gates_GateMutex_Module__id__C                    
20019f92  ti_sysbios_hal_Hwi_Module__id__C                            
20019f94  ti_sysbios_heaps_HeapMem_Module__id__C                      
20019f96  ti_sysbios_knl_Clock_Module__id__C                          
20019f98  ti_sysbios_knl_Clock_Module__loggerDefined__C               
20019f9a  ti_sysbios_knl_Mailbox_Module__id__C                        
20019f9c  ti_sysbios_knl_Semaphore_Module__id__C                      
20019f9e  ti_sysbios_knl_Semaphore_Module__loggerDefined__C           
20019fa0  ti_sysbios_knl_Swi_Module__id__C                            
20019fa2  ti_sysbios_knl_Swi_Module__loggerDefined__C                 
20019fa4  ti_sysbios_knl_Task_Module__id__C                           
20019fa6  ti_sysbios_knl_Task_Module__loggerDefined__C                
20019fa8  xdc_runtime_Core_Module__id__C                              
20019faa  xdc_runtime_Error_Module__loggerDefined__C                  
20019fac  xdc_runtime_Error_maxDepth__C                               
20019fae  xdc_runtime_LoggerBuf_Module__id__C                         
20019fb0  xdc_runtime_LoggerBuf_filterByLevel__C                      
20019fb2  xdc_runtime_Memory_Module__id__C                            
20019fb4  xdc_runtime_SysMin_flushAtExit__C                           
20019fb6  xdc_runtime_Text_charCnt__C                                 
20019fb8  xdc_runtime_Text_isLoaded__C                                
20019fba  xdc_runtime_Text_registryModsLastId__C                      
20019fbc  xdc_runtime_Text_unnamedModsLastId__C                       
20019fc0  __TI_static_base__                                          
2001a3fc  __TI_Handler_Table_Base                                     
2001a408  __TI_Handler_Table_Limit                                    
2001a410  __TI_CINIT_Base                                             
2001a420  __TI_CINIT_Limit                                            
2001b000  ti_sysbios_heaps_HeapMem_Instance_State_0_buf__A            
20023800  ti_sysbios_knl_Task_Instance_State_0_stack__A               
20024000  xdc_runtime_LoggerBuf_Instance_State_0_entryArr__A          
20024400  xdc_runtime_SysMin_Module_State_0_outbuf__A                 
20024800  ti_sysbios_family_arm_m3_Hwi_dispatchTable                  
20024ddc  g_StatMem                                                   
20024f54  __CIOBUF_                                                   
20025164  g_ucDinDout                                                 
200251fc  g_ucConnectionSSID                                          
20025238  g_ucConnectionBSSID                                         
20025248  DMAMsgQ                                                     
2002524c  SimpleLinkSpawnTaskHndl                                     
20025254  g_PBQueue                                                   
20025258  g_S2InterruptHdl                                            
2002525c  g_S3InterruptHdl                                            
20025260  g_cDummy                                                    
20025264  g_rx_task_hndl                                              
20025268  g_rx_tx_sync_obj                                            
2002526c  g_wait_secs                                                 
20025270  mqtt_lib_lockobj                                            
20025274  simpleLink_mailbox                                          
20025278  g_usConnectIndex                                            
2002527a  g_usTimerInts                                               
2002527c  RxIrqCnt                                                    
2002527d  g_ucLED1Pin                                                 
2002527e  g_ucLED2Pin                                                 
2002527f  g_ucLED3Pin                                                 
20025280  ti_sysbios_family_arm_m3_Hwi_Module__root__V                
20025288  ti_sysbios_family_arm_m3_Hwi_Object__table__V               
200252a0  ti_sysbios_family_arm_m3_Hwi_Module_State_0_excActive__A    
200252a4  ti_sysbios_family_arm_m3_Hwi_Module_State_0_excContext__A   
200252a8  ti_sysbios_family_arm_m3_Hwi_Module_State_0_excStack__A     
200252ac  ti_sysbios_family_arm_m3_Timer_Module__root__V              
200252b4  ti_sysbios_family_arm_m3_Timer_Module__state__V             
200252c0  ti_sysbios_family_arm_m3_TimestampProvider_Module__state__V 
200252c4  ti_sysbios_gates_GateHwi_Module__root__V                    
200252cc  ti_sysbios_gates_GateHwi_Object__table__V                   
200252d0  ti_sysbios_gates_GateMutex_Module__root__V                  
200252d8  ti_sysbios_hal_Hwi_Module__root__V                          
200252e0  ti_sysbios_hal_Timer_Module__root__V                        
200252e8  ti_sysbios_heaps_HeapMem_Module__root__V                    
200252f0  ti_sysbios_heaps_HeapMem_Object__table__V                   
20025308  ti_sysbios_knl_Clock_Module__root__V                        
20025310  ti_sysbios_knl_Event_Module__root__V                        
20025318  ti_sysbios_knl_Mailbox_Module__root__V                      
20025320  ti_sysbios_knl_Queue_Module__root__V                        
20025328  ti_sysbios_knl_Semaphore_Module__root__V                    
20025330  ti_sysbios_knl_Swi_Module__root__V                          
20025338  ti_sysbios_knl_Swi_Module__state__V                         
20025354  ti_sysbios_knl_Task_Module__root__V                         
2002535c  ti_sysbios_knl_Task_Module_State_0_idleTask__A              
20025360  xdc_runtime_Error_Module__state__V                          
20025364  xdc_runtime_LoggerBuf_Module__root__V                       
2002536c  xdc_runtime_LoggerBuf_Module__state__V                      
20025374  xdc_runtime_Memory_Module__state__V                         
20025378  xdc_runtime_Registry_Module__state__V                       
20025380  xdc_runtime_Startup_Module__state__V                        
20025388  xdc_runtime_SysMin_Module__state__V                         
20025394  xdc_runtime_System_Module_State_0_atexitHandlers__A         
200253a4  xdc_runtime_System_Module__state__V                         
200253ac  xdc_runtime_Text_Module__state__V                           
200253b4  __xdc__init__addr                                           
20025468  _Denorm                                                     
20025478  _Eps                                                        
20025488  _Hugeval                                                    
20025498  _Inf                                                        
200254a8  _Nan                                                        
200254b8  _Snan                                                       
200254c8  _Rteps                                                      
200254d8  _Xbig                                                       
200254e0  _Zero                                                       
200254e8  ti_sysbios_knl_Swi_Module_State_0_readyQ__A                 
20025568  ti_sysbios_knl_Task_Module_State_0_readyQ__A                
200255e8  usr_connect_config                                          
2002565c  debug_printf                                                
20025698  ti_sysbios_knl_Task_Object__table__V                        
200256e4  ti_sysbios_knl_Task_Module__state__V                        
20025728  ti_sysbios_gates_GateMutex_Object__table__V                 
20025760  SecurityParams                                              
2002576c  Mqtt_Client                                                 
20025780  pub_topic_sw2                                               
20025784  pub_topic_sw3                                               
20025788  data_sw2                                                    
2002578c  data_sw3                                                    
20025790  app_hndl                                                    
20025794  ti_sysbios_family_arm_m3_Hwi_Module__state__V               
200257c8  ti_sysbios_family_arm_m3_Timer_Object__table__V             
200257f8  ti_sysbios_knl_Swi_Object__table__V                         
20025828  ti_sysbios_knl_Clock_Module__state__V                       
20025854  net                                                         
2002587c  ti_sysbios_BIOS_Module__state__V                            
200258a0  xdc_runtime_LoggerBuf_Object__table__V                      
200258d8  g_uiLED1Port                                                
200258dc  g_uiLED2Port                                                
200258e0  g_uiLED3Port                                                
200258e4  g_ulStatus                                                  
200258e8  g_ulStaIp                                                   
200258ec  g_ulGatewayIP                                               
200258f0  g_SpiFd                                                     
200258f4  g_pHostIntHdl                                               
200258f8  g_ucDMAEnabled                                              
200258f9  g_multi_srvr_conn                                           
200258fc  g_pCB                                                       
20025900  pPingCallBackFunc                                           
20025904  gFirstCmdMode                                               
20025908  _lock                                                       
2002590c  _unlock                                                     
20025910  __TI_cleanup_ptr                                            
20025914  __TI_dtors_ptr                                              
20025918  _Fenv                                                       
2002591c  _Tls_setup__Fenv                                            
20025920  _Errno                                                      
20025924  main_func_sp                                                
2002e000  __stack                                                     
20030000  __STACK_END                                                 
e000e000  ti_sysbios_family_arm_m3_Hwi_nvic                           
ffffffff  __binit__                                                   
ffffffff  __c_args__                                                  
ffffffff  binit                                                       
UNDEFED   SHT$$INIT_ARRAY$$Base                                       
UNDEFED   SHT$$INIT_ARRAY$$Limit                                      

[1100 symbols]
