******************************************************************************
                  TI ARM Linker Unix v5.2.7                    
******************************************************************************
>> Linked Mon May 23 16:02:34 2016

OUTPUT FILE NAME:   <FlowerCare.out>
ENTRY POINT SYMBOL: "_c_int00"  address: 20013425


MEMORY CONFIGURATION

         name            origin    length      used     unused   attr    fill
----------------------  --------  ---------  --------  --------  ----  --------
  SRAM_CODE             20004000   00016fff  00010ac7  00006538  RW X
  SRAM_DATA             2001b000   00015000  0000e2bc  00006d44  RW X


SEGMENT ALLOCATION MAP

run origin  load origin   length   init length attrs members
----------  ----------- ---------- ----------- ----- -------
20004000    20004000    00010ad0   00010ad0    r-x
  20004000    20004000    00000400   00000400    r-- .intvecs
  20004400    20004400    0000fd1a   0000fd1a    r-x .text
  2001411c    2001411c    0000084d   0000084d    r-- .const
  20014970    20014970    00000160   00000160    r-- .cinit
2001b000    2001b000    000092bc   00000000    rw-
  2001b000    2001b000    00008000   00000000    rw- .sysmem
  20023000    20023000    00000fc8   00000000    rw- .bss
  20023fc8    20023fc8    000002f4   00000000    rw- .data
2002b000    2002b000    00005000   00000000    rw-
  2002b000    2002b000    00005000   00000000    rw- .stack


SECTION ALLOCATION MAP

 output                                  attributes/
section   page    origin      length       input sections
--------  ----  ----------  ----------   ----------------
.intvecs   0    20004000    00000400     
                  20004000    00000400     startup_ccs.obj (.intvecs)

.init_array 
*          0    20004000    00000000     UNINITIALIZED

.text      0    20004400    0000fd1a     
                  20004400    000025c4     mqtt.a : mqtt_client.obj (.text)
                  200069c4    000012e0     network_if.obj (.text)
                  20007ca4    00001258     free_rtos.a : tasks.obj (.text)
                  20008efc    000010a6     rtsv7M4_T_le_eabi.lib : _printfi.obj (.text)
                  20009fa2    00000002     driverlib.a : interrupt.obj (.text:IntDefaultHandler)
                  20009fa4    00000b24     free_rtos.a : queue.obj (.text)
                  2000aac8    00000a60     mqttstuff.obj (.text)
                  2000b528    00000a0a     mqtt.a : mqtt_common.obj (.text)
                  2000bf32    00000002     --HOLE-- [fill = 0]
                  2000bf34    00000978            : sl_mqtt_client.obj (.text)
                  2000c8ac    000006bc            : cc31xx_sl_net.obj (.text)
                  2000cf68    000005ec     simplelink.a : driver.obj (.text:_SlDrvMsgRead)
                  2000d554    0000045c     free_rtos.a : osi_freertos.obj (.text)
                  2000d9b0    000003dc     rtsv7M4_T_le_eabi.lib : memory.obj (.text)
                  2000dd8c    00000394     gpio_if.obj (.text)
                  2000e120    00000290     uart_if.obj (.text)
                  2000e3b0    00000248     simplelink.a : driver.obj (.text:_SlDrvRxHdrRead)
                  2000e5f8    00000244                  : wlan.obj (.text:sl_WlanConnect)
                  2000e83c    000001f4     rtsv7M4_T_le_eabi.lib : ull_div_t2.obj (.text)
                  2000ea30    000001d0     simplelink.a : driver.obj (.text:_SlDrvReleasePoolObj)
                  2000ec00    000001cc                  : driver.obj (.text:_SlDrvMsgWrite)
                  2000edcc    000001c0     timer_if.obj (.text)
                  2000ef8c    000001b6     rtsv7M4_T_le_eabi.lib : fd_add_t2.obj (.text)
                  2000f142    00000002     --HOLE-- [fill = 0]
                  2000f144    00000190     simplelink.a : driver.obj (.text:_SlDrvWaitForPoolObj)
                  2000f2d4    00000174                  : driver.obj (.text:_SlDrvDriverCBInit)
                  2000f448    00000170                  : driver.obj (.text:_SlFindAndSetActiveObj)
                  2000f5b8    00000150     button_if.obj (.text)
                  2000f708    0000014c     simplelink.a : cc_pal.obj (.text:spi_Open)
                  2000f854    0000013c                  : socket.obj (.text:sl_Select)
                  2000f990    00000138                  : socket.obj (.text:sl_Accept)
                  2000fac8    00000136     rtsv7M4_T_le_eabi.lib : fd_div_t2.obj (.text)
                  2000fbfe    00000002     --HOLE-- [fill = 0]
                  2000fc00    00000134     driverlib.a : prcm.obj (.text:PRCMCC3200MCUInit)
                  2000fd34    0000012a     free_rtos.a : list.obj (.text)
                  2000fe5e    00000002     --HOLE-- [fill = 0]
                  2000fe60    00000128     simplelink.a : driver.obj (.text:_SlDrvDataReadOp)
                  2000ff88    00000118                  : socket.obj (.text:sl_SendTo)
                  200100a0    00000110     free_rtos.a : port.obj (.text)
                  200101b0    00000110     rtsv7M4_T_le_eabi.lib : xdscale.obj (.text)
                  200102c0    0000010c     simplelink.a : socket.obj (.text:sl_RecvFrom)
                  200103cc    00000108                  : socket.obj (.text:sl_Connect)
                  200104d4    00000108                  : socket.obj (.text:sl_Send)
                  200105dc    00000104                  : driver.obj (.text:_SlDrvDataWriteOp)
                  200106e0    00000104                  : netapp.obj (.text:sl_NetAppDnsGetHostByName)
                  200107e4    000000fe                  : netapp.obj (.text:_SlDrvNetAppEventHandler)
                  200108e2    000000fc     rtsv7M4_T_le_eabi.lib : fd_mul_t2.obj (.text)
                  200109de    00000002     --HOLE-- [fill = 0]
                  200109e0    000000f4     simplelink.a : driver.obj (.text:_SlDrvDriverCBDeinit)
                  20010ad4    000000f0     driverlib.a : udma.obj (.text:uDMAChannelTransferSet)
                  20010bc4    000000e8     main.obj (.text)
                  20010cac    000000dc     simplelink.a : cc_pal.obj (.text:spi_Read)
                  20010d88    000000d8                  : driver.obj (.text:_SlDrvClassifyRxMsg)
                  20010e60    000000d4                  : device.obj (.text:sl_Stop)
                  20010f34    000000c8                  : netapp.obj (.text:_sl_HandleAsync_DnsGetHostByService)
                  20010ffc    000000c0                  : driver.obj (.text:_SlRemoveFromList)
                  200110bc    000000be     rtsv7M4_T_le_eabi.lib : xdnorm.obj (.text)
                  2001117a    00000002     --HOLE-- [fill = 0]
                  2001117c    000000bc     simplelink.a : driver.obj (.text:_SlDrvMsgReadCmdCtx)
                  20011238    000000bc                  : device.obj (.text:sl_Start)
                  200112f4    000000ba     free_rtos.a : portasm.obj (.text)
                  200113ae    00000002     --HOLE-- [fill = 0]
                  200113b0    000000b8     simplelink.a : driver.obj (.text:_SlAsyncEventGenericHandler)
                  20011468    000000b4                  : netapp.obj (.text:sl_NetAppMDNSRegisterUnregisterService)
                  2001151c    000000a8     driverlib.a : interrupt.obj (.text:IntDisable)
                  200115c4    000000a8                 : interrupt.obj (.text:IntEnable)
                  2001166c    000000a8     simplelink.a : netcfg.obj (.text:sl_NetCfgGet)
                  20011714    000000a0     driverlib.a : spi.obj (.text:SPIConfigSetExpClk)
                  200117b4    0000009c     simplelink.a : driver.obj (.text:_SlDrvMsgReadSpawnCtx)
                  20011850    0000009c     rtsv7M4_T_le_eabi.lib : memcpy_t2.obj (.text)
                  200118ec    0000009c     simplelink.a : device.obj (.text:sl_DevGet)
                  20011988    00000098     pinmux.obj (.text)
                  20011a20    00000094     driverlib.a : prcm.obj (.text:PRCMPeripheralClockGet)
                  20011ab4    0000008c     simplelink.a : cc_pal.obj (.text:SetupDMAReceive)
                  20011b40    0000008c                  : cc_pal.obj (.text:SetupDMASend)
                  20011bcc    0000008c                  : netapp.obj (.text:_sl_HandleAsync_DnsGetHostByName)
                  20011c58    0000008c                  : netapp.obj (.text:_sl_HandleAsync_PingResponse)
                  20011ce4    0000008c                  : cc_pal.obj (.text:spi_Write)
                  20011d70    00000088     driverlib.a : pin.obj (.text:PinConfigSet)
                  20011df8    00000088     rtsv7M4_T_le_eabi.lib : vsnprintf.obj (.text)
                  20011e80    00000088     simplelink.a : socket.obj (.text:sl_Bind)
                  20011f08    00000086     rtsv7M4_T_le_eabi.lib : fd_cmp_t2.obj (.text:__aeabi_cdcmple)
                  20011f8e    00000086                           : fd_cmp_t2.obj (.text:__aeabi_cdrcmple)
                  20012014    00000084     simplelink.a : cc_pal.obj (.text:NwpPowerOnPreamble)
                  20012098    00000082     driverlib.a : gpio.obj (.text:GPIOIntTypeSet)
                  2001211a    00000002     --HOLE-- [fill = 0]
                  2001211c    00000080     simplelink.a : driver.obj (.text:_SlDrvCmdOp)
                  2001219c    00000080                  : cc_pal.obj (.text:spi_Read_CPU)
                  2001221c    00000080                  : cc_pal.obj (.text:spi_Write_CPU)
                  2001229c    0000007c     driverlib.a : prcm.obj (.text:PRCMRTCGet)
                  20012318    0000007c     simplelink.a : device.obj (.text:_sl_HandleAsync_InitComplete)
                  20012394    0000007a     rtsv7M4_T_le_eabi.lib : memset_t2.obj (.text)
                  2001240e    00000002     --HOLE-- [fill = 0]
                  20012410    00000078     simplelink.a : socket.obj (.text:_sl_HandleAsync_Connect)
                  20012488    00000078                  : cc_pal.obj (.text:spi_Close)
                  20012500    00000076     driverlib.a : uart.obj (.text:UARTConfigSetExpClk)
                  20012576    00000002     --HOLE-- [fill = 0]
                  20012578    00000074     simplelink.a : socket.obj (.text:sl_Recv)
                  200125ec    0000006c                  : driver.obj (.text:_SlDrvCmdSend)
                  20012658    0000006c     rtsv7M4_T_le_eabi.lib : autoinit.obj (.text)
                  200126c4    0000006a                           : copy_decompress_rle.obj (.text)
                  2001272e    00000002     --HOLE-- [fill = 0]
                  20012730    00000068     driverlib.a : timer.obj (.text:TimerIntUnregister)
                  20012798    00000068     simplelink.a : netapp.obj (.text:_sl_NetAppSendTokenValue)
                  20012800    00000068                  : netcfg.obj (.text:sl_NetCfgSet)
                  20012868    00000068                  : socket.obj (.text:sl_SetSockOpt)
                  200128d0    00000068                  : wlan.obj (.text:sl_WlanSet)
                  20012938    00000066     rtsv7M4_T_le_eabi.lib : xdunscal.obj (.text)
                  2001299e    00000002     --HOLE-- [fill = 0]
                  200129a0    00000064     driverlib.a : udma.obj (.text:uDMAChannelAttributeDisable)
                  20012a04    00000064                 : udma.obj (.text:uDMAChannelAttributeEnable)
                  20012a68    00000060     simplelink.a : socket.obj (.text:_sl_HandleAsync_Accept)
                  20012ac8    00000060                  : wlan.obj (.text:sl_WlanPolicySet)
                  20012b28    0000005c                  : socket.obj (.text:sl_Socket)
                  20012b84    00000058     driverlib.a : interrupt.obj (.text:IntPendClear)
                  20012bdc    00000058                 : prcm.obj (.text:PRCMPeripheralReset)
                  20012c34    00000056     rtsv7M4_T_le_eabi.lib : ltoa.obj (.text)
                  20012c8a    00000002     --HOLE-- [fill = 0]
                  20012c8c    00000054     driverlib.a : interrupt.obj (.text:IntPrioritySet)
                  20012ce0    00000054     simplelink.a : socket.obj (.text:_sl_HandleAsync_Select)
                  20012d34    00000054                  : wlan.obj (.text:sl_WlanRxFilterSet)
                  20012d88    00000050     driverlib.a : prcm.obj (.text:PRCMSlowClkCtrGet)
                  20012dd8    00000050     simplelink.a : device.obj (.text:_sl_HandleAsync_Stop)
                  20012e28    0000004c     driverlib.a : spi.obj (.text:SPIIntEnable)
                  20012e74    0000004c     simplelink.a : driver.obj (.text:_SlDrvProtectAsyncRespSetting)
                  20012ec0    0000004c                  : driver.obj (.text:_SlDrvRxIrqHandler)
                  20012f0c    0000004c                  : socket.obj (.text:_sl_BuildAddress)
                  20012f58    0000004c     rtsv7M4_T_le_eabi.lib : atoi.obj (.text)
                  20012fa4    0000004c                           : cpy_tbl.obj (.text)
                  20012ff0    0000004c     driverlib.a : udma.obj (.text:uDMAChannelAssign)
                  2001303c    00000048                 : spi.obj (.text:SPIIntClear)
                  20013084    00000048     simplelink.a : driver.obj (.text:_SlDrvBasicCmd)
                  200130cc    00000048     rtsv7M4_T_le_eabi.lib : fd_toi_t2.obj (.text)
                  20013114    00000046                           : ldexp.obj (.text)
                  2001315a    00000002     --HOLE-- [fill = 0]
                  2001315c    00000044     driverlib.a : spi.obj (.text:SPIDmaMaskGet)
                  200131a0    00000044                 : timer.obj (.text:TimerConfigure)
                  200131e4    00000044     simplelink.a : cc_pal.obj (.text:cc_SetupTransfer)
                  20013228    00000044     rtsv7M4_T_le_eabi.lib : exit.obj (.text)
                  2001326c    00000042     simplelink.a : socket.obj (.text:sl_Htonl)
                  200132ae    00000002     --HOLE-- [fill = 0]
                  200132b0    00000040     driverlib.a : pin.obj (.text:PinModeSet)
                  200132f0    00000040     rtsv7M4_T_le_eabi.lib : signal.obj (.text)
                  20013330    00000040                           : strtok.obj (.text)
                  20013370    0000003c     simplelink.a : netapp.obj (.text:CopyPingResultsToReport)
                  200133ac    0000003c     driverlib.a : prcm.obj (.text:PRCMPeripheralClkEnable)
                  200133e8    0000003c     simplelink.a : socket.obj (.text:_sl_TruncatePayloadByProtocol)
                  20013424    0000003c     rtsv7M4_T_le_eabi.lib : boot.obj (.text)
                  20013460    0000003c     simplelink.a : socket.obj (.text:sl_Htons)
                  2001349c    0000003c                  : socket.obj (.text:sl_Listen)
                  200134d8    0000003c     driverlib.a : udma.obj (.text:uDMAChannelControlSet)
                  20013514    00000038     simplelink.a : cc_pal.obj (.text:NwpPowerOff)
                  2001354c    00000038     free_rtos.a : heap_3.obj (.text)
                  20013584    00000036     driverlib.a : gpio.obj (.text:GPIODirModeSet)
                  200135ba    00000036     simplelink.a : netapp.obj (.text:sl_NetAppMDNSUnRegisterService)
                  200135f0    00000034     driverlib.a : prcm.obj (.text:PRCMPeripheralStatusGet)
                  20013624    00000034                 : spi.obj (.text:SPIFIFOLevelSet)
                  20013658    00000034     rtsv7M4_T_le_eabi.lib : feraiseexcept.obj (.text)
                  2001368c    00000030     driverlib.a : pin.obj (.text:PinTypeGPIO)
                  200136bc    00000030                 : uart.obj (.text:UARTDisable)
                  200136ec    00000030     simplelink.a : device.obj (.text:_SlDrvDeviceEventHandler)
                  2001371c    00000030     rtsv7M4_T_le_eabi.lib : strncpy.obj (.text)
                  2001374c    00000030                           : xferaise.obj (.text)
                  2001377c    00000030     simplelink.a : socket.obj (.text:sl_Close)
                  200137ac    00000030                  : wlan.obj (.text:sl_WlanProfileDel)
                  200137dc    00000030                  : wlan.obj (.text:sl_WlanSetMode)
                  2001380c    0000002e     rtsv7M4_T_le_eabi.lib : i_tofd_t2.obj (.text)
                  2001383a    0000002e                           : raise.obj (.text)
                  20013868    0000002c     simplelink.a : cc_pal.obj (.text:DmaSpiSwIntHandler)
                  20013894    0000002c                  : cc_pal.obj (.text:NwpPowerOn)
                  200138c0    0000002c     driverlib.a : prcm.obj (.text:PRCMSysResetCauseGet)
                  200138ec    0000002a                 : timer.obj (.text:TimerLoadSet)
                  20013916    0000002a                 : timer.obj (.text:TimerPrescaleSet)
                  20013940    0000002a     rtsv7M4_T_le_eabi.lib : strspn.obj (.text)
                  2001396a    0000002a                           : xdclass.obj (.text)
                  20013994    00000028     driverlib.a : prcm.obj (.text:IsRTCUsed)
                  200139bc    00000028                 : prcm.obj (.text:PRCMPeripheralClkDisable)
                  200139e4    00000028     simplelink.a : socket.obj (.text:SL_FD_ISSET)
                  20013a0c    00000026                  : cc_pal.obj (.text:NwpRegisterInterruptHandler)
                  20013a32    00000026     rtsv7M4_T_le_eabi.lib : strncmp.obj (.text)
                  20013a58    00000024     driverlib.a : interrupt.obj (.text:IntUnregister)
                  20013a7c    00000024                 : prcm.obj (.text:RTCU16MSecRegRead)
                  20013aa0    00000024                 : prcm.obj (.text:RTCUseSet)
                  20013ac4    00000024                 : uart.obj (.text:UARTEnable)
                  20013ae8    00000024     simplelink.a : driver.obj (.text:_SlDrvProtectionObjLockWaitForever)
                  20013b0c    00000024     rtsv7M4_T_le_eabi.lib : memmov.obj (.text)
                  20013b30    00000024                           : strcspn.obj (.text)
                  20013b54    00000022     driverlib.a : gpio.obj (.text:GPIOIntStatus)
                  20013b76    00000022     simplelink.a : socket.obj (.text:SL_FD_SET)
                  20013b98    00000022     driverlib.a : spi.obj (.text:SPIReset)
                  20013bba    00000022                 : spi.obj (.text:SPIWordCountSet)
                  20013bdc    00000022     rtsv7M4_T_le_eabi.lib : frexp.obj (.text)
                  20013bfe    00000020     driverlib.a : gpio.obj (.text:GPIOPinWrite)
                  20013c1e    00000002     --HOLE-- [fill = 0]
                  20013c20    00000020                 : interrupt.obj (.text:IntRegister)
                  20013c40    00000020     simplelink.a : driver.obj (.text:_SlDrvProtectionObjUnLock)
                  20013c60    00000020     mqtt.a : cc3200_platform.obj (.text)
                  20013c80    0000001e     driverlib.a : timer.obj (.text:TimerDisable)
                  20013c9e    0000001e                 : timer.obj (.text:TimerEnable)
                  20013cbc    0000001e                 : timer.obj (.text:TimerIntStatus)
                  20013cda    0000001e                 : uart.obj (.text:UARTCharPut)
                  20013cf8    0000001e     simplelink.a : cc_pal.obj (.text:cc_UDMAChannelSelect)
                  20013d16    0000001c     driverlib.a : timer.obj (.text:TimerValueGet)
                  20013d32    0000001c                 : uart.obj (.text:UARTCharGetNonBlocking)
                  20013d4e    0000001c     simplelink.a : driver.obj (.text:_SlDrvObjLockWaitForever)
                  20013d6a    0000001c                  : driver.obj (.text:_SlDrvSyncObjWaitForever)
                  20013d86    0000001c     rtsv7M4_T_le_eabi.lib : memccpy.obj (.text)
                  20013da2    00000002     --HOLE-- [fill = 0]
                  20013da4    0000001c     driverlib.a : udma.obj (.text:uDMAChannelEnable)
                  20013dc0    0000001a                 : gpio.obj (.text:GPIOIntDisable)
                  20013dda    0000001a                 : gpio.obj (.text:GPIOIntEnable)
                  20013df4    0000001a                 : pin.obj (.text:PinTypeUART)
                  20013e0e    0000001a                 : spi.obj (.text:SPIDmaDisable)
                  20013e28    0000001a                 : spi.obj (.text:SPIDmaEnable)
                  20013e42    0000001a                 : spi.obj (.text:SPIFIFODisable)
                  20013e5c    0000001a                 : spi.obj (.text:SPIFIFOEnable)
                  20013e76    00000018                 : gpio.obj (.text:GPIOPinRead)
                  20013e8e    00000018                 : spi.obj (.text:SPICSDisable)
                  20013ea6    00000018                 : spi.obj (.text:SPICSEnable)
                  20013ebe    00000018                 : spi.obj (.text:SPIDisable)
                  20013ed6    00000018                 : spi.obj (.text:SPIEnable)
                  20013eee    00000018                 : timer.obj (.text:TimerIntDisable)
                  20013f06    00000018                 : timer.obj (.text:TimerIntEnable)
                  20013f1e    00000018                 : uart.obj (.text:UARTCharsAvail)
                  20013f36    00000018     simplelink.a : driver.obj (.text:_SlDrvObjUnLock)
                  20013f4e    00000018                  : driver.obj (.text:_SlDrvSyncObjSignal)
                  20013f66    00000002     --HOLE-- [fill = 0]
                  20013f68    00000018                  : device.obj (.text:_sl_GetStartResponseConvert)
                  20013f80    00000018     rtsv7M4_T_le_eabi.lib : args_main.obj (.text)
                  20013f98    00000016     driverlib.a : prcm.obj (.text:PRCMHIBRegRead)
                  20013fae    00000016                 : prcm.obj (.text:PRCMHIBRegWrite)
                  20013fc4    00000016     simplelink.a : driver.obj (.text:_SlDrvMemZero)
                  20013fda    00000016     rtsv7M4_T_le_eabi.lib : strchr.obj (.text)
                  20013ff0    00000014     driverlib.a : cpu.obj (.text:CPUcpsie)
                  20014004    00000014                 : gpio.obj (.text:GPIOIntClear)
                  20014018    00000014                 : interrupt.obj (.text:IntVTableBaseSet)
                  2001402c    00000014     rtsv7M4_T_le_eabi.lib : _lock.obj (.text)
                  20014040    00000014                           : strcpy.obj (.text)
                  20014054    00000014                           : strlen.obj (.text)
                  20014068    00000012     driverlib.a : timer.obj (.text:TimerIntClear)
                  2001407a    00000002     --HOLE-- [fill = 0]
                  2001407c    00000010                 : prcm.obj (.text:RTCU32SecRegRead)
                  2001408c    00000010     simplelink.a : socket.obj (.text:SL_FD_ZERO)
                  2001409c    0000000e                  : driver.obj (.text:_SlDrvResetCmdExt)
                  200140aa    0000000e     rtsv7M4_T_le_eabi.lib : copy_decompress_none.obj (.text:decompress:none)
                  200140b8    0000000e     startup_ccs.obj (.text)
                  200140c6    00000002     --HOLE-- [fill = 0]
                  200140c8    0000000c     simplelink.a : cc_pal.obj (.text:NwpMaskInterrupt)
                  200140d4    0000000c                  : cc_pal.obj (.text:NwpUnMaskInterrupt)
                  200140e0    0000000c     rtsv7M4_T_le_eabi.lib : copy_zero_init.obj (.text:decompress:ZI)
                  200140ec    0000000c     simplelink.a : wlan.obj (.text:sl_WlanDisconnect)
                  200140f8    0000000a     driverlib.a : interrupt.obj (.text:IntMasterEnable)
                  20014102    00000008                 : prcm.obj (.text:PRCMRTCInUseSet)
                  2001410a    00000006                 : utils.obj (.text:UtilsDelay)
                  20014110    00000006     rtsv7M4_T_le_eabi.lib : copy_decompress_rle.obj (.text:decompress:rle24)
                  20014116    00000004                           : pre_init.obj (.text)

.const     0    2001411c    0000084d     
                  2001411c    00000108     mqttstuff.obj (.const:.string)
                  20014224    00000101     rtsv7M4_T_le_eabi.lib : ctype.obj (.const:.string:_ctypes_)
                  20014325    00000003     mqtt.a : sl_mqtt_client.obj (.const)
                  20014328    00000100     driverlib.a : pin.obj (.const:g_ulPinToPadMap)
                  20014428    000000d4                 : interrupt.obj (.const:g_pulRegs)
                  200144fc    000000b0     simplelink.a : wlan.obj (.const:$P$T0$1)
                  200145ac    000000a8     driverlib.a : prcm.obj (.const:PRCM_PeriphRegsList)
                  20014654    00000080                 : interrupt.obj (.const)
                  200146d4    00000062     network_if.obj (.const:.string)
                  20014736    0000003c     simplelink.a : driver.obj (.const:OpcodeTranslateTable)
                  20014772    0000003c                  : wlan.obj (.const)
                  200147ae    00000002     --HOLE-- [fill = 0]
                  200147b0    00000038                  : driver.obj (.const:_SlActionLookupTable)
                  200147e8    00000034                  : driver.obj (.const)
                  2001481c    00000034                  : socket.obj (.const)
                  20014850    0000002c     network_if.obj (.const:$P$T1$2)
                  2001487c    00000028     simplelink.a : netapp.obj (.const)
                  200148a4    00000024     network_if.obj (.const)
                  200148c8    00000022     network_if.obj (.const:.string:$P$T0$1)
                  200148ea    00000002     --HOLE-- [fill = 0]
                  200148ec    00000020     mqtt.a : cc31xx_sl_net.obj (.const)
                  2001490c    00000018     driverlib.a : spi.obj (.const)
                  20014924    00000014     simplelink.a : device.obj (.const)
                  20014938    00000010                  : socket.obj (.const:.string)
                  20014948    0000000b     mqtt.a : mqtt_client.obj (.const:.string)
                  20014953    00000008     simplelink.a : device.obj (.const:.string)
                  2001495b    00000001     --HOLE-- [fill = 0]
                  2001495c    00000008                  : netcfg.obj (.const)
                  20014964    00000005     main.obj (.const:.string)

.cinit     0    20014970    00000160     
                  20014970    00000138     (.cinit..data.load) [load image, compression = rle]
                  20014aa8    0000000c     (__TI_handler_table)
                  20014ab4    00000004     --HOLE-- [fill = 0]
                  20014ab8    00000008     (.cinit..bss.load) [load image, compression = zero_init]
                  20014ac0    00000010     (__TI_cinit_table)

.sysmem    0    2001b000    00008000     UNINITIALIZED
                  2001b000    00000008     rtsv7M4_T_le_eabi.lib : memory.obj (.sysmem)
                  2001b008    00007ff8     --HOLE--

.bss       0    20023000    00000fc8     UNINITIALIZED
                  20023000    00000800     mqtt.a : sl_mqtt_client.obj (.bss:buf_vec)
                  20023800    000002d0            : mqtt_client.obj (.bss:clients)
                  20023ad0    00000178     simplelink.a : driver.obj (.bss:g_StatMem)
                  20023c48    000000f0     mqtt.a : sl_mqtt_client.obj (.bss:sl_cli_ctx)
                  20023d38    000000c8     free_rtos.a : tasks.obj (.bss:pxReadyTasksLists)
                  20023e00    00000050     simplelink.a : cc_pal.obj (.bss:g_ucDinDout)
                  20023e50    00000050     free_rtos.a : queue.obj (.bss:xQueueRegistry)
                  20023ea0    00000048     mqtt.a : sl_mqtt_client.obj (.bss:mqp_vec)
                  20023ee8    00000024     network_if.obj (.bss:g_ucConnectionSSID)
                  20023f0c    00000018     (.common:recv_hvec)
                  20023f24    00000014     (.common:xDelayedTaskList1)
                  20023f38    00000014     (.common:xDelayedTaskList2)
                  20023f4c    00000014     (.common:xPendingReadyList)
                  20023f60    00000014     (.common:xSuspendedTaskList)
                  20023f74    00000014     (.common:xTasksWaitingTermination)
                  20023f88    00000008     (.common:g_ucConnectionBSSID)
                  20023f90    00000004     (.common:DMAMsgQ)
                  20023f94    00000004     (.common:__Errorlog)
                  20023f98    00000004     (.common:g_PBQueue)
                  20023f9c    00000004     (.common:g_S2InterruptHdl)
                  20023fa0    00000004     (.common:g_S3InterruptHdl)
                  20023fa4    00000004     (.common:g_cDummy)
                  20023fa8    00000004     (.common:g_rx_task_hndl)
                  20023fac    00000004     (.common:g_rx_tx_sync_obj)
                  20023fb0    00000004     (.common:g_wait_secs)
                  20023fb4    00000004     (.common:mqtt_lib_lockobj)
                  20023fb8    00000004     (.common:pxDelayedTaskList)
                  20023fbc    00000004     (.common:pxOverflowDelayedTaskList)
                  20023fc0    00000002     (.common:g_usConnectIndex)
                  20023fc2    00000002     (.common:g_usTimerInts)
                  20023fc4    00000001     (.common:RxIrqCnt)
                  20023fc5    00000001     (.common:g_ucLED1Pin)
                  20023fc6    00000001     (.common:g_ucLED2Pin)
                  20023fc7    00000001     (.common:g_ucLED3Pin)

.TI.noinit 
*          0    20023000    00000000     UNINITIALIZED

.data      0    20023fc8    000002f4     UNINITIALIZED
                  20023fc8    000000b0     rtsv7M4_T_le_eabi.lib : signal.obj (.data:sigtable)
                  20024078    00000080                           : xvalues.obj (.data)
                  200240f8    00000064     mqttstuff.obj (.data:usr_connect_config)
                  2002415c    0000004c     mqtt.a : mqtt_client.obj (.data)
                  200241a8    00000034     free_rtos.a : tasks.obj (.data)
                  200241dc    00000034     mqttstuff.obj (.data)
                  20024210    00000028     mqtt.a : sl_mqtt_client.obj (.data:net)
                  20024238    00000020     gpio_if.obj (.data)
                  20024258    0000000c     free_rtos.a : osi_freertos.obj (.data)
                  20024264    0000000c     network_if.obj (.data)
                  20024270    0000000c     rtsv7M4_T_le_eabi.lib : memory.obj (.data)
                  2002427c    00000009     simplelink.a : cc_pal.obj (.data)
                  20024285    00000001     mqtt.a : sl_mqtt_client.obj (.data)
                  20024286    00000002     --HOLE--
                  20024288    00000009     simplelink.a : driver.obj (.data)
                  20024291    00000003     --HOLE--
                  20024294    00000008     rtsv7M4_T_le_eabi.lib : _lock.obj (.data)
                  2002429c    00000008                           : exit.obj (.data)
                  200242a4    00000008                           : feraiseexcept.obj (.data)
                  200242ac    00000004     free_rtos.a : port.obj (.data)
                  200242b0    00000004     rtsv7M4_T_le_eabi.lib : errno.obj (.data)
                  200242b4    00000004                           : stkdepth_vars.obj (.data)
                  200242b8    00000004                           : strtok.obj (.data)

.TI.persistent 
*          0    20023fc8    00000000     UNINITIALIZED

.stack     0    2002b000    00005000     UNINITIALIZED
                  2002b000    00005000     --HOLE--


LINKER GENERATED COPY TABLES

__TI_cinit_table @ 20014ac0 records: 2, size/record: 8, table size: 16
	.data: load addr=20014970, load size=00000138 bytes, run addr=20023fc8, run size=000002f4 bytes, compression=rle
	.bss: load addr=20014ab8, load size=00000008 bytes, run addr=20023000, run size=00000fc8 bytes, compression=zero_init


LINKER GENERATED HANDLER TABLE

__TI_handler_table @ 20014aa8 records: 3, size/record: 4, table size: 12
	index: 0, handler: __TI_decompress_rle24
	index: 1, handler: __TI_decompress_none
	index: 2, handler: __TI_zero_init


GLOBAL SYMBOLS: SORTED ALPHABETICALLY BY Name 

address   name                                  
-------   ----                                  
2000ad85  BoardInit                             
2000f6ad  Button_IF_DisableInterrupt            
2000f65d  Button_IF_EnableInterrupt             
2000f5f9  Button_IF_Init                        
20013229  C$$EXIT                               
20013ff1  CPUcpsie                              
2000e161  ClearTerm                             
20007101  ConfigureSimpleLinkToDefaultState     
20013371  CopyPingResultsToReport               
20023f90  DMAMsgQ                               
20013869  DmaSpiSwIntHandler                    
2000e16b  Error                                 
20013585  GPIODirModeSet                        
20014005  GPIOIntClear                          
20013dc1  GPIOIntDisable                        
20013ddb  GPIOIntEnable                         
20013b55  GPIOIntStatus                         
20012099  GPIOIntTypeSet                        
20013e77  GPIOPinRead                           
20013bff  GPIOPinWrite                          
2000e04d  GPIO_IF_ConfigureNIntEnable           
2000e0c9  GPIO_IF_Get                           
2000e007  GPIO_IF_GetPortNPin                   
2000ddc9  GPIO_IF_LedConfigure                  
2000debb  GPIO_IF_LedOff                        
2000de07  GPIO_IF_LedOn                         
2000df6f  GPIO_IF_LedStatus                     
2000dfd9  GPIO_IF_LedToggle                     
2000e08f  GPIO_IF_Set                           
2000f5d9  GPIOs2IntHandler                      
2000f5b9  GPIOs3IntHandler                      
2000e1a3  GetCmd                                
2000e121  InitTerm                              
200070c5  InitializeAppVariables                
2001151d  IntDisable                            
200115c5  IntEnable                             
200140f9  IntMasterEnable                       
20012b85  IntPendClear                          
20012c8d  IntPrioritySet                        
20013c21  IntRegister                           
20013a59  IntUnregister                         
20014019  IntVTableBaseSet                      
2000ad49  LedTimerConfigNStart                  
2000ad71  LedTimerDeinitStop                    
2000e13f  Message                               
2000aec5  MqttClient                            
200241e8  Mqtt_Client                           
200077a5  Network_IF_ConnectAP                  
20007aa9  Network_IF_CurrentMCUState            
20007605  Network_IF_DeInitDriver               
20007983  Network_IF_DisconnectFromAP           
20007a35  Network_IF_GetHostIP                  
200074a1  Network_IF_InitDriver                 
200079c1  Network_IF_IpConfigGet                
20007aa1  Network_IF_ResetMCUStateMachine       
20007aaf  Network_IF_SetMCUMachineState         
20007acb  Network_IF_UnsetMCUMachineState       
200140c9  NwpMaskInterrupt                      
20013515  NwpPowerOff                           
20013895  NwpPowerOn                            
20012015  NwpPowerOnPreamble                    
20013a0d  NwpRegisterInterruptHandler           
200140d5  NwpUnMaskInterrupt                    
20014736  OpcodeTranslateTable                  
2000fc01  PRCMCC3200MCUInit                     
20013f99  PRCMHIBRegRead                        
20013faf  PRCMHIBRegWrite                       
200139bd  PRCMPeripheralClkDisable              
200133ad  PRCMPeripheralClkEnable               
20011a21  PRCMPeripheralClockGet                
20012bdd  PRCMPeripheralReset                   
200135f1  PRCMPeripheralStatusGet               
2001229d  PRCMRTCGet                            
20014103  PRCMRTCInUseSet                       
20012d89  PRCMSlowClkCtrGet                     
200138c1  PRCMSysResetCauseGet                  
20011d71  PinConfigSet                          
200132b1  PinModeSet                            
20011989  PinMuxConfig                          
2001368d  PinTypeGPIO                           
20013df5  PinTypeUART                           
2000e2f1  Report                                
200140b9  ResetISR                              
20023fc4  RxIrqCnt                              
200147f8  RxMsgClassLUT                         
UNDEFED   SHT$$INIT_ARRAY$$Base                 
UNDEFED   SHT$$INIT_ARRAY$$Limit                
200139e5  SL_FD_ISSET                           
20013b77  SL_FD_SET                             
2001408d  SL_FD_ZERO                            
20013e8f  SPICSDisable                          
20013ea7  SPICSEnable                           
20011715  SPIConfigSetExpClk                    
20013ebf  SPIDisable                            
20013e0f  SPIDmaDisable                         
20013e29  SPIDmaEnable                          
20013ed7  SPIEnable                             
20013e43  SPIFIFODisable                        
20013e5d  SPIFIFOEnable                         
20013625  SPIFIFOLevelSet                       
2001303d  SPIIntClear                           
20012e29  SPIIntEnable                          
20013b99  SPIReset                              
20013bbb  SPIWordCountSet                       
200241dc  SecurityParams                        
20006c19  SimpleLinkGeneralEventHandler         
20006e77  SimpleLinkHttpServerCallback          
20006ba1  SimpleLinkNetAppEventHandler          
20006c39  SimpleLinkSockEventHandler            
200069dd  SimpleLinkWlanEventHandler            
2000b399  SomeTask                              
20014953  StartResponseLUT                      
UNDEFED   System_flush                          
UNDEFED   System_printf                         
200131a1  TimerConfigure                        
20013c81  TimerDisable                          
20013c9f  TimerEnable                           
20014069  TimerIntClear                         
20013eef  TimerIntDisable                       
20013f07  TimerIntEnable                        
20013cbd  TimerIntStatus                        
20012731  TimerIntUnregister                    
200138ed  TimerLoadSet                          
2000ad15  TimerPeriodicIntHandler               
20013917  TimerPrescaleSet                      
20013d17  TimerValueGet                         
2000ef39  Timer_IF_DeInit                       
2000ef6b  Timer_IF_GetCount                     
2000ee4d  Timer_IF_Init                         
2000ee7f  Timer_IF_IntSetup                     
2000eef1  Timer_IF_InterruptClear               
2000ef53  Timer_IF_ReLoad                       
2000ef09  Timer_IF_Start                        
2000ef29  Timer_IF_Stop                         
2000ac93  ToggleLedState                        
2000e259  TrimSpace                             
20013d33  UARTCharGetNonBlocking                
20013cdb  UARTCharPut                           
20013f1f  UARTCharsAvail                        
20012501  UARTConfigSetExpClk                   
200136bd  UARTDisable                           
20013ac5  UARTEnable                            
2001410b  UtilsDelay                            
2000d81d  VDeleteSimpleLinkSpawnTask            
2000c0df  VMqttRecvTask                         
2000d7cd  VStartSimpleLinkSpawnTask             
2001396b  _Dclass                               
20024078  _Denorm                               
200110bd  _Dnorm                                
200101b1  _Dscale                               
20012939  _Dunscale                             
20024088  _Eps                                  
200242b0  _Errno                                
200242a4  _Fenv                                 
2001374d  _Feraise                              
20024098  _Hugeval                              
200240a8  _Inf                                  
200240b8  _Nan                                  
200240d8  _Rteps                                
20014830  _SlAcceptCmdCtrl                      
200147b0  _SlActionLookupTable                  
200113b1  _SlAsyncEventGenericHandler           
20014930  _SlDeviceGetCmdCtrl                   
20014934  _SlDeviceSetCmdCtrl                   
20013085  _SlDrvBasicCmd                        
20010d89  _SlDrvClassifyRxMsg                   
2001211d  _SlDrvCmdOp                           
200125ed  _SlDrvCmdSend                         
2000fe61  _SlDrvDataReadOp                      
200105dd  _SlDrvDataWriteOp                     
200136ed  _SlDrvDeviceEventHandler              
200109e1  _SlDrvDriverCBDeinit                  
2000f2d5  _SlDrvDriverCBInit                    
20013fc5  _SlDrvMemZero                         
2000cf69  _SlDrvMsgRead                         
2001117d  _SlDrvMsgReadCmdCtx                   
200117b5  _SlDrvMsgReadSpawnCtx                 
2000ec01  _SlDrvMsgWrite                        
200107e5  _SlDrvNetAppEventHandler              
20013d4f  _SlDrvObjLockWaitForever              
20013f37  _SlDrvObjUnLock                       
20012e75  _SlDrvProtectAsyncRespSetting         
20013ae9  _SlDrvProtectionObjLockWaitForever    
20013c41  _SlDrvProtectionObjUnLock             
2000ea31  _SlDrvReleasePoolObj                  
2001409d  _SlDrvResetCmdExt                     
2000e3b1  _SlDrvRxHdrRead                       
20012ec1  _SlDrvRxIrqHandler                    
20013f4f  _SlDrvSyncObjSignal                   
20013d6b  _SlDrvSyncObjWaitForever              
2000f145  _SlDrvWaitForPoolObj                  
2001492c  _SlEventMaskGetCmdCtrl                
20014928  _SlEventMaskSetCmdCtrl                
2000f449  _SlFindAndSetActiveObj                
20014890  _SlGetHostByNameCtrl                  
2001488c  _SlGetHostByServiceCtrl               
20014884  _SlGetServiceListeCtrl                
2001483c  _SlGetSockOptCmdCtrl                  
2001482c  _SlListenCmdCtrl                      
2001489c  _SlNetAppGetCmdCtrl                   
20014898  _SlNetAppSendTokenValueCmdCtrl        
20014894  _SlNetAppSetCmdCtrl                   
2001487c  _SlNetAppStartCtrl                    
20014880  _SlNetAppStopCtrl                     
20014960  _SlNetCfgGetCmdCtrl                   
2001495c  _SlNetCfgSetCmdCtrl                   
20014938  _SlPayloadByProtocolLUT               
20014776  _SlPolicyGetCmdCtrl                   
20014772  _SlPolicySetCmdCtrl                   
2001477e  _SlProfileDelCmdCtrl                  
2001477a  _SlProfileGetCmdCtrl                  
20014834  _SlRecvCmdCtrl                        
20014824  _SlRecvfomCmdCtrl                     
20014888  _SlRegisterServiceCtrl                
20010ffd  _SlRemoveFromList                     
20014786  _SlRxFilterAddtCmdCtrl                
2001478e  _SlRxFilterGetCmdCtrl                 
2001478a  _SlRxFilterSetCmdCtrl                 
20014840  _SlSelectCmdCtrl                      
20014828  _SlSendCmdCtrl                        
20014838  _SlSetSockOptCmdCtrl                  
20014792  _SlSmartConfigStartCmdCtrl            
20014820  _SlSockCloseCmdCtrl                   
2001481c  _SlSockSocketCmdCtrl                  
20014924  _SlStopCmdCtrl                        
2001479e  _SlWlanCfgGetCmdCtrl                  
2001479a  _SlWlanCfgSetCmdCtrl                  
20014782  _SlWlanGetNetworkListCtrl             
20014796  _SlWlanSetModeCmdCtrl                 
200240c8  _Snan                                 
200242a8  _Tls_setup__Fenv                      
200240e8  _Xbig                                 
200240f0  _Zero                                 
20030000  __STACK_END                           
00005000  __STACK_SIZE                          
00008000  __SYSMEM_SIZE                         
20014ac0  __TI_CINIT_Base                       
20014ad0  __TI_CINIT_Limit                      
20014aa8  __TI_Handler_Table_Base               
20014ab4  __TI_Handler_Table_Limit              
20012659  __TI_auto_init                        
2002429c  __TI_cleanup_ptr                      
200140ab  __TI_decompress_none                  
20014111  __TI_decompress_rle24                 
200242a0  __TI_dtors_ptr                        
20009c9d  __TI_printfi                          
20014970  __TI_static_base__                    
200140e1  __TI_zero_init                        
20011f09  __aeabi_cdcmpeq                       
20011f09  __aeabi_cdcmple                       
20011f8f  __aeabi_cdrcmple                      
200130cd  __aeabi_d2iz                          
2000ef97  __aeabi_dadd                          
2000fac9  __aeabi_ddiv                          
200108e3  __aeabi_dmul                          
2000ef8d  __aeabi_dsub                          
2001380d  __aeabi_i2d                           
20012395  __aeabi_memclr                        
20012395  __aeabi_memclr4                       
20012395  __aeabi_memclr8                       
20011851  __aeabi_memcpy                        
20011851  __aeabi_memcpy4                       
20011851  __aeabi_memcpy8                       
20012397  __aeabi_memset                        
20012397  __aeabi_memset4                       
20012397  __aeabi_memset8                       
2000e83d  __aeabi_uldivmod                      
ffffffff  __binit__                             
ffffffff  __c_args__                            
2002b000  __stack                               
20013f81  _args_main                            
20013425  _c_int00                              
20014224  _ctypes_                              
20024294  _lock                                 
2001403b  _nop                                  
20014033  _register_lock                        
2001402d  _register_unlock                      
20012f0d  _sl_BuildAddress                      
20013f69  _sl_GetStartResponseConvert           
20012a69  _sl_HandleAsync_Accept                
20012411  _sl_HandleAsync_Connect               
20011bcd  _sl_HandleAsync_DnsGetHostByName      
20010f35  _sl_HandleAsync_DnsGetHostByService   
20012319  _sl_HandleAsync_InitComplete          
20011c59  _sl_HandleAsync_PingResponse          
20012ce1  _sl_HandleAsync_Select                
20012dd9  _sl_HandleAsync_Stop                  
20012799  _sl_NetAppSendTokenValue              
200133e9  _sl_TruncatePayloadByProtocol         
2001b000  _sys_memory                           
20014117  _system_pre_init                      
20024298  _unlock                               
2001322d  abort                                 
2002420c  app_hndl                              
20012f59  atoi                                  
ffffffff  binit                                 
2000dd59  calloc                                
2000be9d  cl_ctx_remove                         
2000bdfd  cl_ctx_reset                          
2000be2d  cl_ctx_timeout_insert                 
2000bef3  cl_ctx_timeout_update                 
2000cc59  comm_close                            
2000cac9  comm_open                             
20012fa5  copy_in                               
20024204  data_sw2                              
20024208  data_sw3                              
2002416c  debug_printf                          
20007f35  eTaskGetState                         
20013235  exit                                  
20013659  feraiseexcept                         
2000daa7  free                                  
20013bdd  frexp                                 
20024290  gFirstCmdMode                         
200147f0  g_H2NCnysPattern                      
200147e8  g_H2NSyncPattern                      
20023f98  g_PBQueue                             
20023f9c  g_S2InterruptHdl                      
20023fa0  g_S3InterruptHdl                      
2002427c  g_SpiFd                               
20023ad0  g_StatMem                             
20023fa4  g_cDummy                              
20024285  g_multi_srvr_conn                     
20024288  g_pCB                                 
20024280  g_pHostIntHdl                         
20004000  g_pfnVectors                          
20023fa8  g_rx_task_hndl                        
20023fac  g_rx_tx_sync_obj                      
20023f88  g_ucConnectionBSSID                   
20023ee8  g_ucConnectionSSID                    
20024284  g_ucDMAEnabled                        
20023e00  g_ucDinDout                           
20023fc5  g_ucLED1Pin                           
20023fc6  g_ucLED2Pin                           
20023fc7  g_ucLED3Pin                           
2002424c  g_uiLED1Port                          
20024250  g_uiLED2Port                          
20024254  g_uiLED3Port                          
2002426c  g_ulGatewayIP                         
20024268  g_ulStaIp                             
20024264  g_ulStatus                            
20023fc0  g_usConnectIndex                      
20023fc2  g_usTimerInts                         
20023fb0  g_wait_secs                           
20007b65  itoa                                  
20013115  ldexp                                 
20012c35  ltoa                                  
20010bc5  main                                  
200242b4  main_func_sp                          
2000da3f  malloc                                
2000d921  mem_Free                              
2000d915  mem_Malloc                            
2000d941  mem_copy                              
2000d92d  mem_set                               
2000dc75  memalign                              
20013d87  memccpy                               
20011851  memcpy                                
20013b0d  memmove                               
2001239d  memset                                
2000d9b1  minit                                 
2000b9fb  mqp_ack_wlist_append                  
2000baa1  mqp_ack_wlist_purge                   
2000ba31  mqp_ack_wlist_remove                  
2000b787  mqp_buf_rd_remlen                     
2000b717  mqp_buf_tail_wr_remlen                
2000b6a5  mqp_buf_wr_utf8                       
2000648d  mqp_client_alloc                      
2000b5ff  mqp_free                              
2000b64b  mqp_init                              
2000baf3  mqp_prep_fh                           
2000b923  mqp_proc_msg_id_ack_rx                
2000b959  mqp_proc_pub_rx                       
2000b917  mqp_proc_vh_msg_id_rx                 
2000b847  mqp_pub_append_data                   
2000b797  mqp_pub_append_topic                  
2000bb69  mqp_recv                              
2000b63f  mqp_reset                             
20006381  mqtt_client_await_msg                 
200064e1  mqtt_client_buffers_register          
20006075  mqtt_client_ctx_await_msg             
20006769  mqtt_client_ctx_create                
2000681b  mqtt_client_ctx_delete                
200065ed  mqtt_client_ctx_info_register         
200060c7  mqtt_client_ctx_run                   
20006565  mqtt_client_ctx_will_register         
20004a49  mqtt_client_is_connected              
200068fd  mqtt_client_lib_exit                  
2000687d  mqtt_client_lib_init                  
2000666d  mqtt_client_net_svc_register          
20004a41  mqtt_client_new_msg_id                
2000521f  mqtt_client_pub_dispatch              
20005191  mqtt_client_pub_msg_send              
200063e9  mqtt_client_run                       
20004c01  mqtt_client_send_progress             
20005041  mqtt_connect_msg_send                 
2000558b  mqtt_disconn_send                     
20023fb4  mqtt_lib_lockobj                      
2000554f  mqtt_pingreq_send                     
20005467  mqtt_sub_dispatch                     
20005451  mqtt_sub_msg_send                     
20005491  mqtt_unsub_dispatch                   
2000547b  mqtt_unsub_msg_send                   
2000c2d1  mutex_lockup                          
2000c2e1  mutex_unlock                          
20024210  net                                   
2000d997  osi_ContextRestore                    
2000d995  osi_ContextSave                       
2000d955  osi_EnterCritical                     
2000d95f  osi_ExitCritical                      
2000d57b  osi_InterruptDeRegister               
2000d555  osi_InterruptRegister                 
2000d685  osi_LockObjCreate                     
2000d6f9  osi_LockObjDelete                     
2000d709  osi_LockObjLock                       
2000d735  osi_LockObjUnlock                     
2000d849  osi_MsgQCreate                        
2000d88d  osi_MsgQDelete                        
2000d8d9  osi_MsgQRead                          
2000d8a7  osi_MsgQWrite                         
2000d971  osi_Sleep                             
2000d75f  osi_Spawn                             
2000d663  osi_SyncObjClear                      
2000d58d  osi_SyncObjCreate                     
2000d5bd  osi_SyncObjDelete                     
2000d5d7  osi_SyncObjSignal                     
2000d5ff  osi_SyncObjSignalFromISR              
2000d637  osi_SyncObjWait                       
2000d6ab  osi_TaskCreate                        
2000d6eb  osi_TaskDelete                        
2000d981  osi_TaskDisable                       
2000d98b  osi_TaskEnable                        
2000d969  osi_start                             
2002428c  pPingCallBackFunc                     
200146d4  pcDigits                              
20008459  pcTaskGetTaskName                     
20013c69  platform_get_time_in_secs             
20013c61  platform_timer_init                   
200113a9  portCLZ                               
20011391  prvPortStartFirstTask                 
200241fc  pub_topic_sw2                         
20024200  pub_topic_sw3                         
2000ac6b  pushButtonInterruptHandler2           
2000ac7f  pushButtonInterruptHandler3           
2001354d  pvPortMalloc                          
200241a8  pxCurrentTCB                          
200100a1  pxPortInitialiseStack                 
2000bd8d  qos2_pub_cq_check                     
2000bd0b  qos2_pub_cq_logup                     
2000bce9  qos2_pub_cq_reset                     
2000bd49  qos2_pub_cq_unlog                     
2001383b  raise                                 
2000db69  realloc                               
2000cec9  recv_from                             
2000cc6b  rtc_secs                              
2000bad3  secure_conn_struct_init               
2000ce49  send_dest                             
200132f1  signal                                
2000f991  sl_Accept                             
20011e81  sl_Bind                               
2001377d  sl_Close                              
200103cd  sl_Connect                            
200118ed  sl_DevGet                             
2000c469  sl_ExtLib_MqttClientConnect           
2000c179  sl_ExtLib_MqttClientCtxCreate         
2000c297  sl_ExtLib_MqttClientCtxDelete         
2000c5c9  sl_ExtLib_MqttClientDisconnect        
2000c3b9  sl_ExtLib_MqttClientExit              
2000c2f1  sl_ExtLib_MqttClientInit              
2000c7e9  sl_ExtLib_MqttClientSend              
2000c40d  sl_ExtLib_MqttClientSet               
2000c635  sl_ExtLib_MqttClientSub               
2000c71d  sl_ExtLib_MqttClientUnsub             
2001326d  sl_Htonl                              
20013461  sl_Htons                              
2001349d  sl_Listen                             
200106e1  sl_NetAppDnsGetHostByName             
20011469  sl_NetAppMDNSRegisterUnregisterService
200135bb  sl_NetAppMDNSUnRegisterService        
2001166d  sl_NetCfgGet                          
20012801  sl_NetCfgSet                          
20012579  sl_Recv                               
200102c1  sl_RecvFrom                           
2000f855  sl_Select                             
200104d5  sl_Send                               
2000ff89  sl_SendTo                             
20012869  sl_SetSockOpt                         
20012b29  sl_Socket                             
20011239  sl_Start                              
20010e61  sl_Stop                               
2000e5f9  sl_WlanConnect                        
200140ed  sl_WlanDisconnect                     
20012ac9  sl_WlanPolicySet                      
200137ad  sl_WlanProfileDel                     
20012d35  sl_WlanRxFilterSet                    
200128d1  sl_WlanSet                            
200137dd  sl_WlanSetMode                        
20012489  spi_Close                             
2000f709  spi_Open                              
20010cad  spi_Read                              
20011ce5  spi_Write                             
20013fdb  strchr                                
20014041  strcpy                                
20013b31  strcspn                               
20014055  strlen                                
20013a33  strncmp                               
2001371d  strncpy                               
20013941  strspn                                
20013331  strtok                                
2000cddb  tcp_accept                            
2000cc73  tcp_listen                            
2000cbf9  tcp_recv                              
2000ccff  tcp_select                            
2000cbd3  tcp_send                              
20012ff1  uDMAChannelAssign                     
200129a1  uDMAChannelAttributeDisable           
20012a05  uDMAChannelAttributeEnable            
200134d9  uDMAChannelControlSet                 
20013da5  uDMAChannelEnable                     
20010ad5  uDMAChannelTransferSet                
2000a725  ucQueueGetQueueType                   
200112f9  ulPortSetInterruptMask                
200240f8  usr_connect_config                    
2000fe17  uxListRemove                          
2000a705  uxQueueGetQueueNumber                 
2000a699  uxQueueMessagesWaiting                
2000a6cf  uxQueueMessagesWaitingFromISR         
2000a6af  uxQueueSpacesAvailable                
2000844d  uxTaskGetNumberOfTasks                
2000847d  uxTaskGetSystemState                  
2000896d  uxTaskGetTaskNumber                   
20007fc9  uxTaskPriorityGet                     
20008ec5  uxTaskResetEventItemValue             
200069cf  vApplicationIdleHook                  
200069d1  vApplicationMallocFailedHook          
200069d3  vApplicationStackOverflowHook         
200069c5  vAssertCalled                         
2000fd35  vListInitialise                       
2000fd65  vListInitialiseItem                   
2000fdb1  vListInsert                           
2000fd75  vListInsertEnd                        
2001130f  vPortClearInterruptMask               
2001011d  vPortEndScheduler                     
20010131  vPortEnterCritical                    
20010149  vPortExitCritical                     
2001356d  vPortFree                             
20011369  vPortSVCHandler                       
2001017d  vPortSetupTimerInterrupt              
2001011f  vPortYield                            
2000a93f  vQueueAddToRegistry                   
2000a6e1  vQueueDelete                          
2000a713  vQueueSetQueueNumber                  
2000a981  vQueueUnregisterQueue                 
20007edf  vTaskDelay                            
20007e43  vTaskDelayUntil                       
20007db3  vTaskDelete                           
20008331  vTaskEndScheduler                     
2000895f  vTaskMissedYield                      
200086f5  vTaskPlaceOnEventList                 
20008759  vTaskPlaceOnUnorderedEventList        
20008e3b  vTaskPriorityDisinherit               
20008d81  vTaskPriorityInherit                  
20008001  vTaskPrioritySet                      
200081f9  vTaskResume                           
2000898d  vTaskSetTaskNumber                    
200088bf  vTaskSetTimeOutState                  
200082e7  vTaskStartScheduler                   
20008105  vTaskSuspend                          
20008343  vTaskSuspendAll                       
20008675  vTaskSwitchContext                    
20011df9  vsnprintf                             
20024258  xHigherPriorityTaskWoken              
2001131d  xPortPendSVHandler                    
200100f1  xPortStartScheduler                   
20010161  xPortSysTickHandler                   
2000a9cf  xQueueAddToSet                        
2000a301  xQueueAltGenericReceive               
2000a255  xQueueAltGenericSend                  
2000a129  xQueueCreateCountingSemaphore         
2000a0ab  xQueueCreateMutex                     
2000a9bb  xQueueCreateSet                       
2000a035  xQueueGenericCreate                   
2000a49b  xQueueGenericReceive                  
20009fa5  xQueueGenericReset                    
2000a149  xQueueGenericSend                     
2000a3ff  xQueueGenericSendFromISR              
2000a8db  xQueueIsQueueEmptyFromISR             
2000a91d  xQueueIsQueueFullFromISR              
2000a655  xQueuePeekFromISR                     
2000a5dd  xQueueReceiveFromISR                  
20023e50  xQueueRegistry                        
2000aa03  xQueueRemoveFromSet                   
2000aa45  xQueueSelectFromSet                   
2000aa5f  xQueueSelectFromSetFromISR            
2002425c  xSimpleLinkSpawnQueue                 
20024260  xSimpleLinkSpawnTaskHndl              
200088e5  xTaskCheckForTimeOut                  
20007ca5  xTaskGenericCreate                    
20008d35  xTaskGetCurrentTaskHandle             
2000853b  xTaskGetIdleTaskHandle                
20008d49  xTaskGetSchedulerState                
20008421  xTaskGetTickCount                     
20008435  xTaskGetTickCountFromISR              
20008559  xTaskIncrementTick                    
200087c9  xTaskRemoveFromEventList              
20008851  xTaskRemoveFromUnorderedEventList     
20008355  xTaskResumeAll                        
2000826d  xTaskResumeFromISR                    


GLOBAL SYMBOLS: SORTED BY Symbol Address 

address   name                                  
-------   ----                                  
00005000  __STACK_SIZE                          
00008000  __SYSMEM_SIZE                         
20004000  g_pfnVectors                          
20004a41  mqtt_client_new_msg_id                
20004a49  mqtt_client_is_connected              
20004c01  mqtt_client_send_progress             
20005041  mqtt_connect_msg_send                 
20005191  mqtt_client_pub_msg_send              
2000521f  mqtt_client_pub_dispatch              
20005451  mqtt_sub_msg_send                     
20005467  mqtt_sub_dispatch                     
2000547b  mqtt_unsub_msg_send                   
20005491  mqtt_unsub_dispatch                   
2000554f  mqtt_pingreq_send                     
2000558b  mqtt_disconn_send                     
20006075  mqtt_client_ctx_await_msg             
200060c7  mqtt_client_ctx_run                   
20006381  mqtt_client_await_msg                 
200063e9  mqtt_client_run                       
2000648d  mqp_client_alloc                      
200064e1  mqtt_client_buffers_register          
20006565  mqtt_client_ctx_will_register         
200065ed  mqtt_client_ctx_info_register         
2000666d  mqtt_client_net_svc_register          
20006769  mqtt_client_ctx_create                
2000681b  mqtt_client_ctx_delete                
2000687d  mqtt_client_lib_init                  
200068fd  mqtt_client_lib_exit                  
200069c5  vAssertCalled                         
200069cf  vApplicationIdleHook                  
200069d1  vApplicationMallocFailedHook          
200069d3  vApplicationStackOverflowHook         
200069dd  SimpleLinkWlanEventHandler            
20006ba1  SimpleLinkNetAppEventHandler          
20006c19  SimpleLinkGeneralEventHandler         
20006c39  SimpleLinkSockEventHandler            
20006e77  SimpleLinkHttpServerCallback          
200070c5  InitializeAppVariables                
20007101  ConfigureSimpleLinkToDefaultState     
200074a1  Network_IF_InitDriver                 
20007605  Network_IF_DeInitDriver               
200077a5  Network_IF_ConnectAP                  
20007983  Network_IF_DisconnectFromAP           
200079c1  Network_IF_IpConfigGet                
20007a35  Network_IF_GetHostIP                  
20007aa1  Network_IF_ResetMCUStateMachine       
20007aa9  Network_IF_CurrentMCUState            
20007aaf  Network_IF_SetMCUMachineState         
20007acb  Network_IF_UnsetMCUMachineState       
20007b65  itoa                                  
20007ca5  xTaskGenericCreate                    
20007db3  vTaskDelete                           
20007e43  vTaskDelayUntil                       
20007edf  vTaskDelay                            
20007f35  eTaskGetState                         
20007fc9  uxTaskPriorityGet                     
20008001  vTaskPrioritySet                      
20008105  vTaskSuspend                          
200081f9  vTaskResume                           
2000826d  xTaskResumeFromISR                    
200082e7  vTaskStartScheduler                   
20008331  vTaskEndScheduler                     
20008343  vTaskSuspendAll                       
20008355  xTaskResumeAll                        
20008421  xTaskGetTickCount                     
20008435  xTaskGetTickCountFromISR              
2000844d  uxTaskGetNumberOfTasks                
20008459  pcTaskGetTaskName                     
2000847d  uxTaskGetSystemState                  
2000853b  xTaskGetIdleTaskHandle                
20008559  xTaskIncrementTick                    
20008675  vTaskSwitchContext                    
200086f5  vTaskPlaceOnEventList                 
20008759  vTaskPlaceOnUnorderedEventList        
200087c9  xTaskRemoveFromEventList              
20008851  xTaskRemoveFromUnorderedEventList     
200088bf  vTaskSetTimeOutState                  
200088e5  xTaskCheckForTimeOut                  
2000895f  vTaskMissedYield                      
2000896d  uxTaskGetTaskNumber                   
2000898d  vTaskSetTaskNumber                    
20008d35  xTaskGetCurrentTaskHandle             
20008d49  xTaskGetSchedulerState                
20008d81  vTaskPriorityInherit                  
20008e3b  vTaskPriorityDisinherit               
20008ec5  uxTaskResetEventItemValue             
20009c9d  __TI_printfi                          
20009fa5  xQueueGenericReset                    
2000a035  xQueueGenericCreate                   
2000a0ab  xQueueCreateMutex                     
2000a129  xQueueCreateCountingSemaphore         
2000a149  xQueueGenericSend                     
2000a255  xQueueAltGenericSend                  
2000a301  xQueueAltGenericReceive               
2000a3ff  xQueueGenericSendFromISR              
2000a49b  xQueueGenericReceive                  
2000a5dd  xQueueReceiveFromISR                  
2000a655  xQueuePeekFromISR                     
2000a699  uxQueueMessagesWaiting                
2000a6af  uxQueueSpacesAvailable                
2000a6cf  uxQueueMessagesWaitingFromISR         
2000a6e1  vQueueDelete                          
2000a705  uxQueueGetQueueNumber                 
2000a713  vQueueSetQueueNumber                  
2000a725  ucQueueGetQueueType                   
2000a8db  xQueueIsQueueEmptyFromISR             
2000a91d  xQueueIsQueueFullFromISR              
2000a93f  vQueueAddToRegistry                   
2000a981  vQueueUnregisterQueue                 
2000a9bb  xQueueCreateSet                       
2000a9cf  xQueueAddToSet                        
2000aa03  xQueueRemoveFromSet                   
2000aa45  xQueueSelectFromSet                   
2000aa5f  xQueueSelectFromSetFromISR            
2000ac6b  pushButtonInterruptHandler2           
2000ac7f  pushButtonInterruptHandler3           
2000ac93  ToggleLedState                        
2000ad15  TimerPeriodicIntHandler               
2000ad49  LedTimerConfigNStart                  
2000ad71  LedTimerDeinitStop                    
2000ad85  BoardInit                             
2000aec5  MqttClient                            
2000b399  SomeTask                              
2000b5ff  mqp_free                              
2000b63f  mqp_reset                             
2000b64b  mqp_init                              
2000b6a5  mqp_buf_wr_utf8                       
2000b717  mqp_buf_tail_wr_remlen                
2000b787  mqp_buf_rd_remlen                     
2000b797  mqp_pub_append_topic                  
2000b847  mqp_pub_append_data                   
2000b917  mqp_proc_vh_msg_id_rx                 
2000b923  mqp_proc_msg_id_ack_rx                
2000b959  mqp_proc_pub_rx                       
2000b9fb  mqp_ack_wlist_append                  
2000ba31  mqp_ack_wlist_remove                  
2000baa1  mqp_ack_wlist_purge                   
2000bad3  secure_conn_struct_init               
2000baf3  mqp_prep_fh                           
2000bb69  mqp_recv                              
2000bce9  qos2_pub_cq_reset                     
2000bd0b  qos2_pub_cq_logup                     
2000bd49  qos2_pub_cq_unlog                     
2000bd8d  qos2_pub_cq_check                     
2000bdfd  cl_ctx_reset                          
2000be2d  cl_ctx_timeout_insert                 
2000be9d  cl_ctx_remove                         
2000bef3  cl_ctx_timeout_update                 
2000c0df  VMqttRecvTask                         
2000c179  sl_ExtLib_MqttClientCtxCreate         
2000c297  sl_ExtLib_MqttClientCtxDelete         
2000c2d1  mutex_lockup                          
2000c2e1  mutex_unlock                          
2000c2f1  sl_ExtLib_MqttClientInit              
2000c3b9  sl_ExtLib_MqttClientExit              
2000c40d  sl_ExtLib_MqttClientSet               
2000c469  sl_ExtLib_MqttClientConnect           
2000c5c9  sl_ExtLib_MqttClientDisconnect        
2000c635  sl_ExtLib_MqttClientSub               
2000c71d  sl_ExtLib_MqttClientUnsub             
2000c7e9  sl_ExtLib_MqttClientSend              
2000cac9  comm_open                             
2000cbd3  tcp_send                              
2000cbf9  tcp_recv                              
2000cc59  comm_close                            
2000cc6b  rtc_secs                              
2000cc73  tcp_listen                            
2000ccff  tcp_select                            
2000cddb  tcp_accept                            
2000ce49  send_dest                             
2000cec9  recv_from                             
2000cf69  _SlDrvMsgRead                         
2000d555  osi_InterruptRegister                 
2000d57b  osi_InterruptDeRegister               
2000d58d  osi_SyncObjCreate                     
2000d5bd  osi_SyncObjDelete                     
2000d5d7  osi_SyncObjSignal                     
2000d5ff  osi_SyncObjSignalFromISR              
2000d637  osi_SyncObjWait                       
2000d663  osi_SyncObjClear                      
2000d685  osi_LockObjCreate                     
2000d6ab  osi_TaskCreate                        
2000d6eb  osi_TaskDelete                        
2000d6f9  osi_LockObjDelete                     
2000d709  osi_LockObjLock                       
2000d735  osi_LockObjUnlock                     
2000d75f  osi_Spawn                             
2000d7cd  VStartSimpleLinkSpawnTask             
2000d81d  VDeleteSimpleLinkSpawnTask            
2000d849  osi_MsgQCreate                        
2000d88d  osi_MsgQDelete                        
2000d8a7  osi_MsgQWrite                         
2000d8d9  osi_MsgQRead                          
2000d915  mem_Malloc                            
2000d921  mem_Free                              
2000d92d  mem_set                               
2000d941  mem_copy                              
2000d955  osi_EnterCritical                     
2000d95f  osi_ExitCritical                      
2000d969  osi_start                             
2000d971  osi_Sleep                             
2000d981  osi_TaskDisable                       
2000d98b  osi_TaskEnable                        
2000d995  osi_ContextSave                       
2000d997  osi_ContextRestore                    
2000d9b1  minit                                 
2000da3f  malloc                                
2000daa7  free                                  
2000db69  realloc                               
2000dc75  memalign                              
2000dd59  calloc                                
2000ddc9  GPIO_IF_LedConfigure                  
2000de07  GPIO_IF_LedOn                         
2000debb  GPIO_IF_LedOff                        
2000df6f  GPIO_IF_LedStatus                     
2000dfd9  GPIO_IF_LedToggle                     
2000e007  GPIO_IF_GetPortNPin                   
2000e04d  GPIO_IF_ConfigureNIntEnable           
2000e08f  GPIO_IF_Set                           
2000e0c9  GPIO_IF_Get                           
2000e121  InitTerm                              
2000e13f  Message                               
2000e161  ClearTerm                             
2000e16b  Error                                 
2000e1a3  GetCmd                                
2000e259  TrimSpace                             
2000e2f1  Report                                
2000e3b1  _SlDrvRxHdrRead                       
2000e5f9  sl_WlanConnect                        
2000e83d  __aeabi_uldivmod                      
2000ea31  _SlDrvReleasePoolObj                  
2000ec01  _SlDrvMsgWrite                        
2000ee4d  Timer_IF_Init                         
2000ee7f  Timer_IF_IntSetup                     
2000eef1  Timer_IF_InterruptClear               
2000ef09  Timer_IF_Start                        
2000ef29  Timer_IF_Stop                         
2000ef39  Timer_IF_DeInit                       
2000ef53  Timer_IF_ReLoad                       
2000ef6b  Timer_IF_GetCount                     
2000ef8d  __aeabi_dsub                          
2000ef97  __aeabi_dadd                          
2000f145  _SlDrvWaitForPoolObj                  
2000f2d5  _SlDrvDriverCBInit                    
2000f449  _SlFindAndSetActiveObj                
2000f5b9  GPIOs3IntHandler                      
2000f5d9  GPIOs2IntHandler                      
2000f5f9  Button_IF_Init                        
2000f65d  Button_IF_EnableInterrupt             
2000f6ad  Button_IF_DisableInterrupt            
2000f709  spi_Open                              
2000f855  sl_Select                             
2000f991  sl_Accept                             
2000fac9  __aeabi_ddiv                          
2000fc01  PRCMCC3200MCUInit                     
2000fd35  vListInitialise                       
2000fd65  vListInitialiseItem                   
2000fd75  vListInsertEnd                        
2000fdb1  vListInsert                           
2000fe17  uxListRemove                          
2000fe61  _SlDrvDataReadOp                      
2000ff89  sl_SendTo                             
200100a1  pxPortInitialiseStack                 
200100f1  xPortStartScheduler                   
2001011d  vPortEndScheduler                     
2001011f  vPortYield                            
20010131  vPortEnterCritical                    
20010149  vPortExitCritical                     
20010161  xPortSysTickHandler                   
2001017d  vPortSetupTimerInterrupt              
200101b1  _Dscale                               
200102c1  sl_RecvFrom                           
200103cd  sl_Connect                            
200104d5  sl_Send                               
200105dd  _SlDrvDataWriteOp                     
200106e1  sl_NetAppDnsGetHostByName             
200107e5  _SlDrvNetAppEventHandler              
200108e3  __aeabi_dmul                          
200109e1  _SlDrvDriverCBDeinit                  
20010ad5  uDMAChannelTransferSet                
20010bc5  main                                  
20010cad  spi_Read                              
20010d89  _SlDrvClassifyRxMsg                   
20010e61  sl_Stop                               
20010f35  _sl_HandleAsync_DnsGetHostByService   
20010ffd  _SlRemoveFromList                     
200110bd  _Dnorm                                
2001117d  _SlDrvMsgReadCmdCtx                   
20011239  sl_Start                              
200112f9  ulPortSetInterruptMask                
2001130f  vPortClearInterruptMask               
2001131d  xPortPendSVHandler                    
20011369  vPortSVCHandler                       
20011391  prvPortStartFirstTask                 
200113a9  portCLZ                               
200113b1  _SlAsyncEventGenericHandler           
20011469  sl_NetAppMDNSRegisterUnregisterService
2001151d  IntDisable                            
200115c5  IntEnable                             
2001166d  sl_NetCfgGet                          
20011715  SPIConfigSetExpClk                    
200117b5  _SlDrvMsgReadSpawnCtx                 
20011851  __aeabi_memcpy                        
20011851  __aeabi_memcpy4                       
20011851  __aeabi_memcpy8                       
20011851  memcpy                                
200118ed  sl_DevGet                             
20011989  PinMuxConfig                          
20011a21  PRCMPeripheralClockGet                
20011bcd  _sl_HandleAsync_DnsGetHostByName      
20011c59  _sl_HandleAsync_PingResponse          
20011ce5  spi_Write                             
20011d71  PinConfigSet                          
20011df9  vsnprintf                             
20011e81  sl_Bind                               
20011f09  __aeabi_cdcmpeq                       
20011f09  __aeabi_cdcmple                       
20011f8f  __aeabi_cdrcmple                      
20012015  NwpPowerOnPreamble                    
20012099  GPIOIntTypeSet                        
2001211d  _SlDrvCmdOp                           
2001229d  PRCMRTCGet                            
20012319  _sl_HandleAsync_InitComplete          
20012395  __aeabi_memclr                        
20012395  __aeabi_memclr4                       
20012395  __aeabi_memclr8                       
20012397  __aeabi_memset                        
20012397  __aeabi_memset4                       
20012397  __aeabi_memset8                       
2001239d  memset                                
20012411  _sl_HandleAsync_Connect               
20012489  spi_Close                             
20012501  UARTConfigSetExpClk                   
20012579  sl_Recv                               
200125ed  _SlDrvCmdSend                         
20012659  __TI_auto_init                        
20012731  TimerIntUnregister                    
20012799  _sl_NetAppSendTokenValue              
20012801  sl_NetCfgSet                          
20012869  sl_SetSockOpt                         
200128d1  sl_WlanSet                            
20012939  _Dunscale                             
200129a1  uDMAChannelAttributeDisable           
20012a05  uDMAChannelAttributeEnable            
20012a69  _sl_HandleAsync_Accept                
20012ac9  sl_WlanPolicySet                      
20012b29  sl_Socket                             
20012b85  IntPendClear                          
20012bdd  PRCMPeripheralReset                   
20012c35  ltoa                                  
20012c8d  IntPrioritySet                        
20012ce1  _sl_HandleAsync_Select                
20012d35  sl_WlanRxFilterSet                    
20012d89  PRCMSlowClkCtrGet                     
20012dd9  _sl_HandleAsync_Stop                  
20012e29  SPIIntEnable                          
20012e75  _SlDrvProtectAsyncRespSetting         
20012ec1  _SlDrvRxIrqHandler                    
20012f0d  _sl_BuildAddress                      
20012f59  atoi                                  
20012fa5  copy_in                               
20012ff1  uDMAChannelAssign                     
2001303d  SPIIntClear                           
20013085  _SlDrvBasicCmd                        
200130cd  __aeabi_d2iz                          
20013115  ldexp                                 
200131a1  TimerConfigure                        
20013229  C$$EXIT                               
2001322d  abort                                 
20013235  exit                                  
2001326d  sl_Htonl                              
200132b1  PinModeSet                            
200132f1  signal                                
20013331  strtok                                
20013371  CopyPingResultsToReport               
200133ad  PRCMPeripheralClkEnable               
200133e9  _sl_TruncatePayloadByProtocol         
20013425  _c_int00                              
20013461  sl_Htons                              
2001349d  sl_Listen                             
200134d9  uDMAChannelControlSet                 
20013515  NwpPowerOff                           
2001354d  pvPortMalloc                          
2001356d  vPortFree                             
20013585  GPIODirModeSet                        
200135bb  sl_NetAppMDNSUnRegisterService        
200135f1  PRCMPeripheralStatusGet               
20013625  SPIFIFOLevelSet                       
20013659  feraiseexcept                         
2001368d  PinTypeGPIO                           
200136bd  UARTDisable                           
200136ed  _SlDrvDeviceEventHandler              
2001371d  strncpy                               
2001374d  _Feraise                              
2001377d  sl_Close                              
200137ad  sl_WlanProfileDel                     
200137dd  sl_WlanSetMode                        
2001380d  __aeabi_i2d                           
2001383b  raise                                 
20013869  DmaSpiSwIntHandler                    
20013895  NwpPowerOn                            
200138c1  PRCMSysResetCauseGet                  
200138ed  TimerLoadSet                          
20013917  TimerPrescaleSet                      
20013941  strspn                                
2001396b  _Dclass                               
200139bd  PRCMPeripheralClkDisable              
200139e5  SL_FD_ISSET                           
20013a0d  NwpRegisterInterruptHandler           
20013a33  strncmp                               
20013a59  IntUnregister                         
20013ac5  UARTEnable                            
20013ae9  _SlDrvProtectionObjLockWaitForever    
20013b0d  memmove                               
20013b31  strcspn                               
20013b55  GPIOIntStatus                         
20013b77  SL_FD_SET                             
20013b99  SPIReset                              
20013bbb  SPIWordCountSet                       
20013bdd  frexp                                 
20013bff  GPIOPinWrite                          
20013c21  IntRegister                           
20013c41  _SlDrvProtectionObjUnLock             
20013c61  platform_timer_init                   
20013c69  platform_get_time_in_secs             
20013c81  TimerDisable                          
20013c9f  TimerEnable                           
20013cbd  TimerIntStatus                        
20013cdb  UARTCharPut                           
20013d17  TimerValueGet                         
20013d33  UARTCharGetNonBlocking                
20013d4f  _SlDrvObjLockWaitForever              
20013d6b  _SlDrvSyncObjWaitForever              
20013d87  memccpy                               
20013da5  uDMAChannelEnable                     
20013dc1  GPIOIntDisable                        
20013ddb  GPIOIntEnable                         
20013df5  PinTypeUART                           
20013e0f  SPIDmaDisable                         
20013e29  SPIDmaEnable                          
20013e43  SPIFIFODisable                        
20013e5d  SPIFIFOEnable                         
20013e77  GPIOPinRead                           
20013e8f  SPICSDisable                          
20013ea7  SPICSEnable                           
20013ebf  SPIDisable                            
20013ed7  SPIEnable                             
20013eef  TimerIntDisable                       
20013f07  TimerIntEnable                        
20013f1f  UARTCharsAvail                        
20013f37  _SlDrvObjUnLock                       
20013f4f  _SlDrvSyncObjSignal                   
20013f69  _sl_GetStartResponseConvert           
20013f81  _args_main                            
20013f99  PRCMHIBRegRead                        
20013faf  PRCMHIBRegWrite                       
20013fc5  _SlDrvMemZero                         
20013fdb  strchr                                
20013ff1  CPUcpsie                              
20014005  GPIOIntClear                          
20014019  IntVTableBaseSet                      
2001402d  _register_unlock                      
20014033  _register_lock                        
2001403b  _nop                                  
20014041  strcpy                                
20014055  strlen                                
20014069  TimerIntClear                         
2001408d  SL_FD_ZERO                            
2001409d  _SlDrvResetCmdExt                     
200140ab  __TI_decompress_none                  
200140b9  ResetISR                              
200140c9  NwpMaskInterrupt                      
200140d5  NwpUnMaskInterrupt                    
200140e1  __TI_zero_init                        
200140ed  sl_WlanDisconnect                     
200140f9  IntMasterEnable                       
20014103  PRCMRTCInUseSet                       
2001410b  UtilsDelay                            
20014111  __TI_decompress_rle24                 
20014117  _system_pre_init                      
20014224  _ctypes_                              
200146d4  pcDigits                              
20014736  OpcodeTranslateTable                  
20014772  _SlPolicySetCmdCtrl                   
20014776  _SlPolicyGetCmdCtrl                   
2001477a  _SlProfileGetCmdCtrl                  
2001477e  _SlProfileDelCmdCtrl                  
20014782  _SlWlanGetNetworkListCtrl             
20014786  _SlRxFilterAddtCmdCtrl                
2001478a  _SlRxFilterSetCmdCtrl                 
2001478e  _SlRxFilterGetCmdCtrl                 
20014792  _SlSmartConfigStartCmdCtrl            
20014796  _SlWlanSetModeCmdCtrl                 
2001479a  _SlWlanCfgSetCmdCtrl                  
2001479e  _SlWlanCfgGetCmdCtrl                  
200147b0  _SlActionLookupTable                  
200147e8  g_H2NSyncPattern                      
200147f0  g_H2NCnysPattern                      
200147f8  RxMsgClassLUT                         
2001481c  _SlSockSocketCmdCtrl                  
20014820  _SlSockCloseCmdCtrl                   
20014824  _SlRecvfomCmdCtrl                     
20014828  _SlSendCmdCtrl                        
2001482c  _SlListenCmdCtrl                      
20014830  _SlAcceptCmdCtrl                      
20014834  _SlRecvCmdCtrl                        
20014838  _SlSetSockOptCmdCtrl                  
2001483c  _SlGetSockOptCmdCtrl                  
20014840  _SlSelectCmdCtrl                      
2001487c  _SlNetAppStartCtrl                    
20014880  _SlNetAppStopCtrl                     
20014884  _SlGetServiceListeCtrl                
20014888  _SlRegisterServiceCtrl                
2001488c  _SlGetHostByServiceCtrl               
20014890  _SlGetHostByNameCtrl                  
20014894  _SlNetAppSetCmdCtrl                   
20014898  _SlNetAppSendTokenValueCmdCtrl        
2001489c  _SlNetAppGetCmdCtrl                   
20014924  _SlStopCmdCtrl                        
20014928  _SlEventMaskSetCmdCtrl                
2001492c  _SlEventMaskGetCmdCtrl                
20014930  _SlDeviceGetCmdCtrl                   
20014934  _SlDeviceSetCmdCtrl                   
20014938  _SlPayloadByProtocolLUT               
20014953  StartResponseLUT                      
2001495c  _SlNetCfgSetCmdCtrl                   
20014960  _SlNetCfgGetCmdCtrl                   
20014970  __TI_static_base__                    
20014aa8  __TI_Handler_Table_Base               
20014ab4  __TI_Handler_Table_Limit              
20014ac0  __TI_CINIT_Base                       
20014ad0  __TI_CINIT_Limit                      
2001b000  _sys_memory                           
20023ad0  g_StatMem                             
20023e00  g_ucDinDout                           
20023e50  xQueueRegistry                        
20023ee8  g_ucConnectionSSID                    
20023f88  g_ucConnectionBSSID                   
20023f90  DMAMsgQ                               
20023f98  g_PBQueue                             
20023f9c  g_S2InterruptHdl                      
20023fa0  g_S3InterruptHdl                      
20023fa4  g_cDummy                              
20023fa8  g_rx_task_hndl                        
20023fac  g_rx_tx_sync_obj                      
20023fb0  g_wait_secs                           
20023fb4  mqtt_lib_lockobj                      
20023fc0  g_usConnectIndex                      
20023fc2  g_usTimerInts                         
20023fc4  RxIrqCnt                              
20023fc5  g_ucLED1Pin                           
20023fc6  g_ucLED2Pin                           
20023fc7  g_ucLED3Pin                           
20024078  _Denorm                               
20024088  _Eps                                  
20024098  _Hugeval                              
200240a8  _Inf                                  
200240b8  _Nan                                  
200240c8  _Snan                                 
200240d8  _Rteps                                
200240e8  _Xbig                                 
200240f0  _Zero                                 
200240f8  usr_connect_config                    
2002416c  debug_printf                          
200241a8  pxCurrentTCB                          
200241dc  SecurityParams                        
200241e8  Mqtt_Client                           
200241fc  pub_topic_sw2                         
20024200  pub_topic_sw3                         
20024204  data_sw2                              
20024208  data_sw3                              
2002420c  app_hndl                              
20024210  net                                   
2002424c  g_uiLED1Port                          
20024250  g_uiLED2Port                          
20024254  g_uiLED3Port                          
20024258  xHigherPriorityTaskWoken              
2002425c  xSimpleLinkSpawnQueue                 
20024260  xSimpleLinkSpawnTaskHndl              
20024264  g_ulStatus                            
20024268  g_ulStaIp                             
2002426c  g_ulGatewayIP                         
2002427c  g_SpiFd                               
20024280  g_pHostIntHdl                         
20024284  g_ucDMAEnabled                        
20024285  g_multi_srvr_conn                     
20024288  g_pCB                                 
2002428c  pPingCallBackFunc                     
20024290  gFirstCmdMode                         
20024294  _lock                                 
20024298  _unlock                               
2002429c  __TI_cleanup_ptr                      
200242a0  __TI_dtors_ptr                        
200242a4  _Fenv                                 
200242a8  _Tls_setup__Fenv                      
200242b0  _Errno                                
200242b4  main_func_sp                          
2002b000  __stack                               
20030000  __STACK_END                           
ffffffff  __binit__                             
ffffffff  __c_args__                            
ffffffff  binit                                 
UNDEFED   SHT$$INIT_ARRAY$$Base                 
UNDEFED   SHT$$INIT_ARRAY$$Limit                
UNDEFED   System_flush                          
UNDEFED   System_printf                         

[606 symbols]
