<?xml version="1.0"?>
<link_info>
   <banner>TI ARM Linker Unix v5.2.7</banner>
   <copyright>Copyright (c) 1996-2015 Texas Instruments Incorporated</copyright>
   <link_time>0x5710dcc3</link_time>
   <link_errors>0x0</link_errors>
   <output_file>PlantMqtt.out</output_file>
   <entry_point>
      <name>_c_int00</name>
      <address>0x20013489</address>
   </entry_point>
   <input_file_list>
      <input_file id="fl-2">
         <path>./</path>
         <kind>object</kind>
         <file>button_if.obj</file>
         <name>button_if.obj</name>
      </input_file>
      <input_file id="fl-3">
         <path>./</path>
         <kind>object</kind>
         <file>gpio_if.obj</file>
         <name>gpio_if.obj</name>
      </input_file>
      <input_file id="fl-4">
         <path>./</path>
         <kind>object</kind>
         <file>main.obj</file>
         <name>main.obj</name>
      </input_file>
      <input_file id="fl-5">
         <path>./</path>
         <kind>object</kind>
         <file>network_if.obj</file>
         <name>network_if.obj</name>
      </input_file>
      <input_file id="fl-6">
         <path>./</path>
         <kind>object</kind>
         <file>pinmux.obj</file>
         <name>pinmux.obj</name>
      </input_file>
      <input_file id="fl-7">
         <path>./</path>
         <kind>object</kind>
         <file>startup_ccs.obj</file>
         <name>startup_ccs.obj</name>
      </input_file>
      <input_file id="fl-8">
         <path>./</path>
         <kind>object</kind>
         <file>timer_if.obj</file>
         <name>timer_if.obj</name>
      </input_file>
      <input_file id="fl-9">
         <path>./</path>
         <kind>object</kind>
         <file>uart_if.obj</file>
         <name>uart_if.obj</name>
      </input_file>
      <input_file id="fl-133">
         <path>/opt/ti/ccsv6/tools/compiler/ti-cgt-arm_5.2.7/lib/</path>
         <kind>archive</kind>
         <file>rtsv7M4_T_le_eabi.lib</file>
         <name>boot.obj</name>
      </input_file>
      <input_file id="fl-134">
         <path>/opt/ti/ccsv6/tools/compiler/ti-cgt-arm_5.2.7/lib/</path>
         <kind>archive</kind>
         <file>rtsv7M4_T_le_eabi.lib</file>
         <name>copy_decompress_none.obj</name>
      </input_file>
      <input_file id="fl-135">
         <path>/opt/ti/ccsv6/tools/compiler/ti-cgt-arm_5.2.7/lib/</path>
         <kind>archive</kind>
         <file>rtsv7M4_T_le_eabi.lib</file>
         <name>copy_decompress_rle.obj</name>
      </input_file>
      <input_file id="fl-136">
         <path>/opt/ti/ccsv6/tools/compiler/ti-cgt-arm_5.2.7/lib/</path>
         <kind>archive</kind>
         <file>rtsv7M4_T_le_eabi.lib</file>
         <name>copy_zero_init.obj</name>
      </input_file>
      <input_file id="fl-137">
         <path>/opt/ti/ccsv6/tools/compiler/ti-cgt-arm_5.2.7/lib/</path>
         <kind>archive</kind>
         <file>rtsv7M4_T_le_eabi.lib</file>
         <name>exit.obj</name>
      </input_file>
      <input_file id="fl-138">
         <path>/opt/ti/ccsv6/tools/compiler/ti-cgt-arm_5.2.7/lib/</path>
         <kind>archive</kind>
         <file>rtsv7M4_T_le_eabi.lib</file>
         <name>memcpy_t2.obj</name>
      </input_file>
      <input_file id="fl-139">
         <path>/opt/ti/ccsv6/tools/compiler/ti-cgt-arm_5.2.7/lib/</path>
         <kind>archive</kind>
         <file>rtsv7M4_T_le_eabi.lib</file>
         <name>memmov.obj</name>
      </input_file>
      <input_file id="fl-13a">
         <path>/opt/ti/ccsv6/tools/compiler/ti-cgt-arm_5.2.7/lib/</path>
         <kind>archive</kind>
         <file>rtsv7M4_T_le_eabi.lib</file>
         <name>memory.obj</name>
      </input_file>
      <input_file id="fl-13b">
         <path>/opt/ti/ccsv6/tools/compiler/ti-cgt-arm_5.2.7/lib/</path>
         <kind>archive</kind>
         <file>rtsv7M4_T_le_eabi.lib</file>
         <name>memset_t2.obj</name>
      </input_file>
      <input_file id="fl-13c">
         <path>/opt/ti/ccsv6/tools/compiler/ti-cgt-arm_5.2.7/lib/</path>
         <kind>archive</kind>
         <file>rtsv7M4_T_le_eabi.lib</file>
         <name>pre_init.obj</name>
      </input_file>
      <input_file id="fl-13d">
         <path>/opt/ti/ccsv6/tools/compiler/ti-cgt-arm_5.2.7/lib/</path>
         <kind>archive</kind>
         <file>rtsv7M4_T_le_eabi.lib</file>
         <name>stkdepth_vars.obj</name>
      </input_file>
      <input_file id="fl-13e">
         <path>/opt/ti/ccsv6/tools/compiler/ti-cgt-arm_5.2.7/lib/</path>
         <kind>archive</kind>
         <file>rtsv7M4_T_le_eabi.lib</file>
         <name>strlen.obj</name>
      </input_file>
      <input_file id="fl-13f">
         <path>/opt/ti/ccsv6/tools/compiler/ti-cgt-arm_5.2.7/lib/</path>
         <kind>archive</kind>
         <file>rtsv7M4_T_le_eabi.lib</file>
         <name>strncmp.obj</name>
      </input_file>
      <input_file id="fl-140">
         <path>/opt/ti/ccsv6/tools/compiler/ti-cgt-arm_5.2.7/lib/</path>
         <kind>archive</kind>
         <file>rtsv7M4_T_le_eabi.lib</file>
         <name>strncpy.obj</name>
      </input_file>
      <input_file id="fl-141">
         <path>/opt/ti/ccsv6/tools/compiler/ti-cgt-arm_5.2.7/lib/</path>
         <kind>archive</kind>
         <file>rtsv7M4_T_le_eabi.lib</file>
         <name>vsnprintf.obj</name>
      </input_file>
      <input_file id="fl-142">
         <path>/opt/ti/ccsv6/tools/compiler/ti-cgt-arm_5.2.7/lib/</path>
         <kind>archive</kind>
         <file>rtsv7M4_T_le_eabi.lib</file>
         <name>_lock.obj</name>
      </input_file>
      <input_file id="fl-143">
         <path>/opt/ti/ccsv6/tools/compiler/ti-cgt-arm_5.2.7/lib/</path>
         <kind>archive</kind>
         <file>rtsv7M4_T_le_eabi.lib</file>
         <name>_printfi.obj</name>
      </input_file>
      <input_file id="fl-144">
         <path>/opt/ti/ccsv6/tools/compiler/ti-cgt-arm_5.2.7/lib/</path>
         <kind>archive</kind>
         <file>rtsv7M4_T_le_eabi.lib</file>
         <name>args_main.obj</name>
      </input_file>
      <input_file id="fl-145">
         <path>/opt/ti/ccsv6/tools/compiler/ti-cgt-arm_5.2.7/lib/</path>
         <kind>archive</kind>
         <file>rtsv7M4_T_le_eabi.lib</file>
         <name>atoi.obj</name>
      </input_file>
      <input_file id="fl-146">
         <path>/opt/ti/ccsv6/tools/compiler/ti-cgt-arm_5.2.7/lib/</path>
         <kind>archive</kind>
         <file>rtsv7M4_T_le_eabi.lib</file>
         <name>autoinit.obj</name>
      </input_file>
      <input_file id="fl-147">
         <path>/opt/ti/ccsv6/tools/compiler/ti-cgt-arm_5.2.7/lib/</path>
         <kind>archive</kind>
         <file>rtsv7M4_T_le_eabi.lib</file>
         <name>cpy_tbl.obj</name>
      </input_file>
      <input_file id="fl-148">
         <path>/opt/ti/ccsv6/tools/compiler/ti-cgt-arm_5.2.7/lib/</path>
         <kind>archive</kind>
         <file>rtsv7M4_T_le_eabi.lib</file>
         <name>ctype.obj</name>
      </input_file>
      <input_file id="fl-149">
         <path>/opt/ti/ccsv6/tools/compiler/ti-cgt-arm_5.2.7/lib/</path>
         <kind>archive</kind>
         <file>rtsv7M4_T_le_eabi.lib</file>
         <name>fd_add_t2.obj</name>
      </input_file>
      <input_file id="fl-14a">
         <path>/opt/ti/ccsv6/tools/compiler/ti-cgt-arm_5.2.7/lib/</path>
         <kind>archive</kind>
         <file>rtsv7M4_T_le_eabi.lib</file>
         <name>fd_cmp_t2.obj</name>
      </input_file>
      <input_file id="fl-14b">
         <path>/opt/ti/ccsv6/tools/compiler/ti-cgt-arm_5.2.7/lib/</path>
         <kind>archive</kind>
         <file>rtsv7M4_T_le_eabi.lib</file>
         <name>fd_div_t2.obj</name>
      </input_file>
      <input_file id="fl-14c">
         <path>/opt/ti/ccsv6/tools/compiler/ti-cgt-arm_5.2.7/lib/</path>
         <kind>archive</kind>
         <file>rtsv7M4_T_le_eabi.lib</file>
         <name>fd_mul_t2.obj</name>
      </input_file>
      <input_file id="fl-14d">
         <path>/opt/ti/ccsv6/tools/compiler/ti-cgt-arm_5.2.7/lib/</path>
         <kind>archive</kind>
         <file>rtsv7M4_T_le_eabi.lib</file>
         <name>fd_toi_t2.obj</name>
      </input_file>
      <input_file id="fl-14e">
         <path>/opt/ti/ccsv6/tools/compiler/ti-cgt-arm_5.2.7/lib/</path>
         <kind>archive</kind>
         <file>rtsv7M4_T_le_eabi.lib</file>
         <name>frexp.obj</name>
      </input_file>
      <input_file id="fl-14f">
         <path>/opt/ti/ccsv6/tools/compiler/ti-cgt-arm_5.2.7/lib/</path>
         <kind>archive</kind>
         <file>rtsv7M4_T_le_eabi.lib</file>
         <name>i_tofd_t2.obj</name>
      </input_file>
      <input_file id="fl-150">
         <path>/opt/ti/ccsv6/tools/compiler/ti-cgt-arm_5.2.7/lib/</path>
         <kind>archive</kind>
         <file>rtsv7M4_T_le_eabi.lib</file>
         <name>ldexp.obj</name>
      </input_file>
      <input_file id="fl-151">
         <path>/opt/ti/ccsv6/tools/compiler/ti-cgt-arm_5.2.7/lib/</path>
         <kind>archive</kind>
         <file>rtsv7M4_T_le_eabi.lib</file>
         <name>ltoa.obj</name>
      </input_file>
      <input_file id="fl-152">
         <path>/opt/ti/ccsv6/tools/compiler/ti-cgt-arm_5.2.7/lib/</path>
         <kind>archive</kind>
         <file>rtsv7M4_T_le_eabi.lib</file>
         <name>memccpy.obj</name>
      </input_file>
      <input_file id="fl-153">
         <path>/opt/ti/ccsv6/tools/compiler/ti-cgt-arm_5.2.7/lib/</path>
         <kind>archive</kind>
         <file>rtsv7M4_T_le_eabi.lib</file>
         <name>strchr.obj</name>
      </input_file>
      <input_file id="fl-154">
         <path>/opt/ti/ccsv6/tools/compiler/ti-cgt-arm_5.2.7/lib/</path>
         <kind>archive</kind>
         <file>rtsv7M4_T_le_eabi.lib</file>
         <name>ull_div_t2.obj</name>
      </input_file>
      <input_file id="fl-155">
         <path>/opt/ti/ccsv6/tools/compiler/ti-cgt-arm_5.2.7/lib/</path>
         <kind>archive</kind>
         <file>rtsv7M4_T_le_eabi.lib</file>
         <name>xdclass.obj</name>
      </input_file>
      <input_file id="fl-156">
         <path>/opt/ti/ccsv6/tools/compiler/ti-cgt-arm_5.2.7/lib/</path>
         <kind>archive</kind>
         <file>rtsv7M4_T_le_eabi.lib</file>
         <name>xdscale.obj</name>
      </input_file>
      <input_file id="fl-157">
         <path>/opt/ti/ccsv6/tools/compiler/ti-cgt-arm_5.2.7/lib/</path>
         <kind>archive</kind>
         <file>rtsv7M4_T_le_eabi.lib</file>
         <name>xdunscal.obj</name>
      </input_file>
      <input_file id="fl-158">
         <path>/opt/ti/ccsv6/tools/compiler/ti-cgt-arm_5.2.7/lib/</path>
         <kind>archive</kind>
         <file>rtsv7M4_T_le_eabi.lib</file>
         <name>xferaise.obj</name>
      </input_file>
      <input_file id="fl-159">
         <path>/opt/ti/ccsv6/tools/compiler/ti-cgt-arm_5.2.7/lib/</path>
         <kind>archive</kind>
         <file>rtsv7M4_T_le_eabi.lib</file>
         <name>xvalues.obj</name>
      </input_file>
      <input_file id="fl-15a">
         <path>/opt/ti/ccsv6/tools/compiler/ti-cgt-arm_5.2.7/lib/</path>
         <kind>archive</kind>
         <file>rtsv7M4_T_le_eabi.lib</file>
         <name>errno.obj</name>
      </input_file>
      <input_file id="fl-15b">
         <path>/opt/ti/ccsv6/tools/compiler/ti-cgt-arm_5.2.7/lib/</path>
         <kind>archive</kind>
         <file>rtsv7M4_T_le_eabi.lib</file>
         <name>feraiseexcept.obj</name>
      </input_file>
      <input_file id="fl-15c">
         <path>/opt/ti/ccsv6/tools/compiler/ti-cgt-arm_5.2.7/lib/</path>
         <kind>archive</kind>
         <file>rtsv7M4_T_le_eabi.lib</file>
         <name>raise.obj</name>
      </input_file>
      <input_file id="fl-15d">
         <path>/opt/ti/ccsv6/tools/compiler/ti-cgt-arm_5.2.7/lib/</path>
         <kind>archive</kind>
         <file>rtsv7M4_T_le_eabi.lib</file>
         <name>signal.obj</name>
      </input_file>
      <input_file id="fl-15e">
         <path>/opt/ti/ccsv6/tools/compiler/ti-cgt-arm_5.2.7/lib/</path>
         <kind>archive</kind>
         <file>rtsv7M4_T_le_eabi.lib</file>
         <name>xdnorm.obj</name>
      </input_file>
      <input_file id="fl-15f">
         <path>/opt/CC3200SDK_1.1.0/cc3200-sdk/example/mqtt_client/ccs/../../../oslib/ccs/free_rtos/</path>
         <kind>archive</kind>
         <file>free_rtos.a</file>
         <name>osi_freertos.obj</name>
      </input_file>
      <input_file id="fl-160">
         <path>/opt/CC3200SDK_1.1.0/cc3200-sdk/example/mqtt_client/ccs/../../../oslib/ccs/free_rtos/</path>
         <kind>archive</kind>
         <file>free_rtos.a</file>
         <name>port.obj</name>
      </input_file>
      <input_file id="fl-161">
         <path>/opt/CC3200SDK_1.1.0/cc3200-sdk/example/mqtt_client/ccs/../../../oslib/ccs/free_rtos/</path>
         <kind>archive</kind>
         <file>free_rtos.a</file>
         <name>portasm.obj</name>
      </input_file>
      <input_file id="fl-162">
         <path>/opt/CC3200SDK_1.1.0/cc3200-sdk/example/mqtt_client/ccs/../../../oslib/ccs/free_rtos/</path>
         <kind>archive</kind>
         <file>free_rtos.a</file>
         <name>queue.obj</name>
      </input_file>
      <input_file id="fl-163">
         <path>/opt/CC3200SDK_1.1.0/cc3200-sdk/example/mqtt_client/ccs/../../../oslib/ccs/free_rtos/</path>
         <kind>archive</kind>
         <file>free_rtos.a</file>
         <name>tasks.obj</name>
      </input_file>
      <input_file id="fl-164">
         <path>/opt/CC3200SDK_1.1.0/cc3200-sdk/example/mqtt_client/ccs/../../../oslib/ccs/free_rtos/</path>
         <kind>archive</kind>
         <file>free_rtos.a</file>
         <name>heap_3.obj</name>
      </input_file>
      <input_file id="fl-165">
         <path>/opt/CC3200SDK_1.1.0/cc3200-sdk/example/mqtt_client/ccs/../../../oslib/ccs/free_rtos/</path>
         <kind>archive</kind>
         <file>free_rtos.a</file>
         <name>list.obj</name>
      </input_file>
      <input_file id="fl-166">
         <path>/opt/CC3200SDK_1.1.0/cc3200-sdk/example/mqtt_client/ccs/../../../simplelink/ccs/OS/</path>
         <kind>archive</kind>
         <file>simplelink.a</file>
         <name>device.obj</name>
      </input_file>
      <input_file id="fl-167">
         <path>/opt/CC3200SDK_1.1.0/cc3200-sdk/example/mqtt_client/ccs/../../../simplelink/ccs/OS/</path>
         <kind>archive</kind>
         <file>simplelink.a</file>
         <name>driver.obj</name>
      </input_file>
      <input_file id="fl-168">
         <path>/opt/CC3200SDK_1.1.0/cc3200-sdk/example/mqtt_client/ccs/../../../simplelink/ccs/OS/</path>
         <kind>archive</kind>
         <file>simplelink.a</file>
         <name>netapp.obj</name>
      </input_file>
      <input_file id="fl-169">
         <path>/opt/CC3200SDK_1.1.0/cc3200-sdk/example/mqtt_client/ccs/../../../simplelink/ccs/OS/</path>
         <kind>archive</kind>
         <file>simplelink.a</file>
         <name>netcfg.obj</name>
      </input_file>
      <input_file id="fl-16a">
         <path>/opt/CC3200SDK_1.1.0/cc3200-sdk/example/mqtt_client/ccs/../../../simplelink/ccs/OS/</path>
         <kind>archive</kind>
         <file>simplelink.a</file>
         <name>socket.obj</name>
      </input_file>
      <input_file id="fl-16b">
         <path>/opt/CC3200SDK_1.1.0/cc3200-sdk/example/mqtt_client/ccs/../../../simplelink/ccs/OS/</path>
         <kind>archive</kind>
         <file>simplelink.a</file>
         <name>wlan.obj</name>
      </input_file>
      <input_file id="fl-16c">
         <path>/opt/CC3200SDK_1.1.0/cc3200-sdk/example/mqtt_client/ccs/../../../simplelink/ccs/OS/</path>
         <kind>archive</kind>
         <file>simplelink.a</file>
         <name>cc_pal.obj</name>
      </input_file>
      <input_file id="fl-16d">
         <path>/opt/CC3200SDK_1.1.0/cc3200-sdk/example/mqtt_client/ccs/../../../netapps/mqtt/ccs/client/</path>
         <kind>archive</kind>
         <file>mqtt.a</file>
         <name>sl_mqtt_client.obj</name>
      </input_file>
      <input_file id="fl-16e">
         <path>/opt/CC3200SDK_1.1.0/cc3200-sdk/example/mqtt_client/ccs/../../../netapps/mqtt/ccs/client/</path>
         <kind>archive</kind>
         <file>mqtt.a</file>
         <name>cc31xx_sl_net.obj</name>
      </input_file>
      <input_file id="fl-16f">
         <path>/opt/CC3200SDK_1.1.0/cc3200-sdk/example/mqtt_client/ccs/../../../netapps/mqtt/ccs/client/</path>
         <kind>archive</kind>
         <file>mqtt.a</file>
         <name>cc3200_platform.obj</name>
      </input_file>
      <input_file id="fl-170">
         <path>/opt/CC3200SDK_1.1.0/cc3200-sdk/example/mqtt_client/ccs/../../../netapps/mqtt/ccs/client/</path>
         <kind>archive</kind>
         <file>mqtt.a</file>
         <name>mqtt_client.obj</name>
      </input_file>
      <input_file id="fl-171">
         <path>/opt/CC3200SDK_1.1.0/cc3200-sdk/example/mqtt_client/ccs/../../../netapps/mqtt/ccs/client/</path>
         <kind>archive</kind>
         <file>mqtt.a</file>
         <name>mqtt_common.obj</name>
      </input_file>
      <input_file id="fl-172">
         <path>/opt/CC3200SDK_1.1.0/cc3200-sdk/example/mqtt_client/ccs/../../../driverlib/ccs/Release/</path>
         <kind>archive</kind>
         <file>driverlib.a</file>
         <name>gpio.obj</name>
      </input_file>
      <input_file id="fl-173">
         <path>/opt/CC3200SDK_1.1.0/cc3200-sdk/example/mqtt_client/ccs/../../../driverlib/ccs/Release/</path>
         <kind>archive</kind>
         <file>driverlib.a</file>
         <name>interrupt.obj</name>
      </input_file>
      <input_file id="fl-174">
         <path>/opt/CC3200SDK_1.1.0/cc3200-sdk/example/mqtt_client/ccs/../../../driverlib/ccs/Release/</path>
         <kind>archive</kind>
         <file>driverlib.a</file>
         <name>pin.obj</name>
      </input_file>
      <input_file id="fl-175">
         <path>/opt/CC3200SDK_1.1.0/cc3200-sdk/example/mqtt_client/ccs/../../../driverlib/ccs/Release/</path>
         <kind>archive</kind>
         <file>driverlib.a</file>
         <name>prcm.obj</name>
      </input_file>
      <input_file id="fl-176">
         <path>/opt/CC3200SDK_1.1.0/cc3200-sdk/example/mqtt_client/ccs/../../../driverlib/ccs/Release/</path>
         <kind>archive</kind>
         <file>driverlib.a</file>
         <name>spi.obj</name>
      </input_file>
      <input_file id="fl-177">
         <path>/opt/CC3200SDK_1.1.0/cc3200-sdk/example/mqtt_client/ccs/../../../driverlib/ccs/Release/</path>
         <kind>archive</kind>
         <file>driverlib.a</file>
         <name>timer.obj</name>
      </input_file>
      <input_file id="fl-178">
         <path>/opt/CC3200SDK_1.1.0/cc3200-sdk/example/mqtt_client/ccs/../../../driverlib/ccs/Release/</path>
         <kind>archive</kind>
         <file>driverlib.a</file>
         <name>uart.obj</name>
      </input_file>
      <input_file id="fl-179">
         <path>/opt/CC3200SDK_1.1.0/cc3200-sdk/example/mqtt_client/ccs/../../../driverlib/ccs/Release/</path>
         <kind>archive</kind>
         <file>driverlib.a</file>
         <name>udma.obj</name>
      </input_file>
      <input_file id="fl-17a">
         <path>/opt/CC3200SDK_1.1.0/cc3200-sdk/example/mqtt_client/ccs/../../../driverlib/ccs/Release/</path>
         <kind>archive</kind>
         <file>driverlib.a</file>
         <name>utils.obj</name>
      </input_file>
      <input_file id="fl-17b">
         <path>/opt/CC3200SDK_1.1.0/cc3200-sdk/example/mqtt_client/ccs/../../../driverlib/ccs/Release/</path>
         <kind>archive</kind>
         <file>driverlib.a</file>
         <name>cpu.obj</name>
      </input_file>
      <input_file id="fl-17c">
         <path>/opt/CC3200SDK_1.1.0/cc3200-sdk/example/mqtt_client/ccs/../../../driverlib/ccs/Release/</path>
         <kind>archive</kind>
         <file>driverlib.a</file>
         <name>flash.obj</name>
      </input_file>
      <input_file id="fl-17d">
         <path>/opt/ti/ccsv6/tools/compiler/ti-cgt-arm_5.2.7/lib/</path>
         <kind>archive</kind>
         <file>rtsv7M4_T_le_eabi.lib</file>
         <name>ll_lsr_t2.obj</name>
      </input_file>
      <input_file id="fl-17e">
         <path>/opt/ti/ccsv6/tools/compiler/ti-cgt-arm_5.2.7/lib/</path>
         <kind>archive</kind>
         <file>rtsv7M4_T_le_eabi.lib</file>
         <name>strcpy.obj</name>
      </input_file>
      <input_file id="fl-17f">
         <path>/opt/ti/ccsv6/tools/compiler/ti-cgt-arm_5.2.7/lib/</path>
         <kind>archive</kind>
         <file>rtsv7M4_T_le_eabi.lib</file>
         <name>strtok.obj</name>
      </input_file>
      <input_file id="fl-180">
         <path>/opt/ti/ccsv6/tools/compiler/ti-cgt-arm_5.2.7/lib/</path>
         <kind>archive</kind>
         <file>rtsv7M4_T_le_eabi.lib</file>
         <name>strcspn.obj</name>
      </input_file>
      <input_file id="fl-181">
         <path>/opt/ti/ccsv6/tools/compiler/ti-cgt-arm_5.2.7/lib/</path>
         <kind>archive</kind>
         <file>rtsv7M4_T_le_eabi.lib</file>
         <name>strspn.obj</name>
      </input_file>
   </input_file_list>
   <object_component_list>
      <object_component id="oc-f">
         <name>.intvecs</name>
         <load_address>0x20004000</load_address>
         <run_address>0x20004000</run_address>
         <size>0x400</size>
         <input_file_ref idref="fl-7"/>
      </object_component>
      <object_component id="oc-2aa">
         <name>.text</name>
         <load_address>0x20004400</load_address>
         <run_address>0x20004400</run_address>
         <size>0x25c4</size>
         <input_file_ref idref="fl-170"/>
      </object_component>
      <object_component id="oc-f2">
         <name>.text</name>
         <load_address>0x200069c4</load_address>
         <run_address>0x200069c4</run_address>
         <size>0x12e0</size>
         <input_file_ref idref="fl-5"/>
      </object_component>
      <object_component id="oc-87">
         <name>.text</name>
         <load_address>0x20007ca4</load_address>
         <run_address>0x20007ca4</run_address>
         <size>0x1258</size>
         <input_file_ref idref="fl-163"/>
      </object_component>
      <object_component id="oc-4c6">
         <name>.text</name>
         <load_address>0x20008efc</load_address>
         <run_address>0x20008efc</run_address>
         <size>0x10a6</size>
         <input_file_ref idref="fl-143"/>
      </object_component>
      <object_component id="oc-516">
         <name>.text:IntDefaultHandler</name>
         <load_address>0x20009fa2</load_address>
         <run_address>0x20009fa2</run_address>
         <size>0x2</size>
         <input_file_ref idref="fl-173"/>
      </object_component>
      <object_component id="oc-c3">
         <name>.text</name>
         <load_address>0x20009fa4</load_address>
         <run_address>0x20009fa4</run_address>
         <size>0xbac</size>
         <input_file_ref idref="fl-4"/>
      </object_component>
      <object_component id="oc-2f5">
         <name>.text</name>
         <load_address>0x2000ab50</load_address>
         <run_address>0x2000ab50</run_address>
         <size>0xb24</size>
         <input_file_ref idref="fl-162"/>
      </object_component>
      <object_component id="oc-4de">
         <name>.text</name>
         <load_address>0x2000b674</load_address>
         <run_address>0x2000b674</run_address>
         <size>0xa0a</size>
         <input_file_ref idref="fl-171"/>
      </object_component>
      <object_component id="oc-13d">
         <name>.text</name>
         <load_address>0x2000c080</load_address>
         <run_address>0x2000c080</run_address>
         <size>0x978</size>
         <input_file_ref idref="fl-16d"/>
      </object_component>
      <object_component id="oc-505">
         <name>.text</name>
         <load_address>0x2000c9f8</load_address>
         <run_address>0x2000c9f8</run_address>
         <size>0x6bc</size>
         <input_file_ref idref="fl-16e"/>
      </object_component>
      <object_component id="oc-779">
         <name>.text:_SlDrvMsgRead</name>
         <load_address>0x2000d0b4</load_address>
         <run_address>0x2000d0b4</run_address>
         <size>0x5ec</size>
         <input_file_ref idref="fl-167"/>
      </object_component>
      <object_component id="oc-143">
         <name>.text</name>
         <load_address>0x2000d6a0</load_address>
         <run_address>0x2000d6a0</run_address>
         <size>0x45c</size>
         <input_file_ref idref="fl-15f"/>
      </object_component>
      <object_component id="oc-125">
         <name>.text</name>
         <load_address>0x2000dafc</load_address>
         <run_address>0x2000dafc</run_address>
         <size>0x3dc</size>
         <input_file_ref idref="fl-13a"/>
      </object_component>
      <object_component id="oc-149">
         <name>.text</name>
         <load_address>0x2000ded8</load_address>
         <run_address>0x2000ded8</run_address>
         <size>0x394</size>
         <input_file_ref idref="fl-3"/>
      </object_component>
      <object_component id="oc-137">
         <name>.text</name>
         <load_address>0x2000e26c</load_address>
         <run_address>0x2000e26c</run_address>
         <size>0x290</size>
         <input_file_ref idref="fl-9"/>
      </object_component>
      <object_component id="oc-82e">
         <name>.text:_SlDrvRxHdrRead</name>
         <load_address>0x2000e4fc</load_address>
         <run_address>0x2000e4fc</run_address>
         <size>0x248</size>
         <input_file_ref idref="fl-167"/>
      </object_component>
      <object_component id="oc-223">
         <name>.text:sl_WlanConnect</name>
         <load_address>0x2000e744</load_address>
         <run_address>0x2000e744</run_address>
         <size>0x244</size>
         <input_file_ref idref="fl-16b"/>
      </object_component>
      <object_component id="oc-63c">
         <name>.text</name>
         <load_address>0x2000e988</load_address>
         <run_address>0x2000e988</run_address>
         <size>0x1f4</size>
         <input_file_ref idref="fl-154"/>
      </object_component>
      <object_component id="oc-419">
         <name>.text:_SlDrvReleasePoolObj</name>
         <load_address>0x2000eb7c</load_address>
         <run_address>0x2000eb7c</run_address>
         <size>0x1d0</size>
         <input_file_ref idref="fl-167"/>
      </object_component>
      <object_component id="oc-5fa">
         <name>.text:_SlDrvMsgWrite</name>
         <load_address>0x2000ed4c</load_address>
         <run_address>0x2000ed4c</run_address>
         <size>0x1cc</size>
         <input_file_ref idref="fl-167"/>
      </object_component>
      <object_component id="oc-15b">
         <name>.text</name>
         <load_address>0x2000ef18</load_address>
         <run_address>0x2000ef18</run_address>
         <size>0x1c0</size>
         <input_file_ref idref="fl-8"/>
      </object_component>
      <object_component id="oc-665">
         <name>.text</name>
         <load_address>0x2000f0d8</load_address>
         <run_address>0x2000f0d8</run_address>
         <size>0x1b6</size>
         <input_file_ref idref="fl-149"/>
      </object_component>
      <object_component id="oc-494">
         <name>.text:_SlDrvWaitForPoolObj</name>
         <load_address>0x2000f290</load_address>
         <run_address>0x2000f290</run_address>
         <size>0x190</size>
         <input_file_ref idref="fl-167"/>
      </object_component>
      <object_component id="oc-3ef">
         <name>.text:_SlDrvDriverCBInit</name>
         <load_address>0x2000f420</load_address>
         <run_address>0x2000f420</run_address>
         <size>0x174</size>
         <input_file_ref idref="fl-167"/>
      </object_component>
      <object_component id="oc-840">
         <name>.text:_SlFindAndSetActiveObj</name>
         <load_address>0x2000f594</load_address>
         <run_address>0x2000f594</run_address>
         <size>0x170</size>
         <input_file_ref idref="fl-167"/>
      </object_component>
      <object_component id="oc-17e">
         <name>.text</name>
         <load_address>0x2000f704</load_address>
         <run_address>0x2000f704</run_address>
         <size>0x150</size>
         <input_file_ref idref="fl-2"/>
      </object_component>
      <object_component id="oc-3f5">
         <name>.text:spi_Open</name>
         <load_address>0x2000f854</load_address>
         <run_address>0x2000f854</run_address>
         <size>0x14c</size>
         <input_file_ref idref="fl-16c"/>
      </object_component>
      <object_component id="oc-707">
         <name>.text:sl_Select</name>
         <load_address>0x2000f9a0</load_address>
         <run_address>0x2000f9a0</run_address>
         <size>0x13c</size>
         <input_file_ref idref="fl-16a"/>
      </object_component>
      <object_component id="oc-713">
         <name>.text:sl_Accept</name>
         <load_address>0x2000fadc</load_address>
         <run_address>0x2000fadc</run_address>
         <size>0x138</size>
         <input_file_ref idref="fl-16a"/>
      </object_component>
      <object_component id="oc-64b">
         <name>.text</name>
         <load_address>0x2000fc14</load_address>
         <run_address>0x2000fc14</run_address>
         <size>0x136</size>
         <input_file_ref idref="fl-14b"/>
      </object_component>
      <object_component id="oc-173">
         <name>.text:PRCMCC3200MCUInit</name>
         <load_address>0x2000fd4c</load_address>
         <run_address>0x2000fd4c</run_address>
         <size>0x134</size>
         <input_file_ref idref="fl-175"/>
      </object_component>
      <object_component id="oc-e2">
         <name>.text</name>
         <load_address>0x2000fe80</load_address>
         <run_address>0x2000fe80</run_address>
         <size>0x12a</size>
         <input_file_ref idref="fl-165"/>
      </object_component>
      <object_component id="oc-811">
         <name>.text:_SlDrvDataReadOp</name>
         <load_address>0x2000ffac</load_address>
         <run_address>0x2000ffac</run_address>
         <size>0x128</size>
         <input_file_ref idref="fl-167"/>
      </object_component>
      <object_component id="oc-719">
         <name>.text:sl_SendTo</name>
         <load_address>0x200100d4</load_address>
         <run_address>0x200100d4</run_address>
         <size>0x118</size>
         <input_file_ref idref="fl-16a"/>
      </object_component>
      <object_component id="oc-38">
         <name>.text</name>
         <load_address>0x200101ec</load_address>
         <run_address>0x200101ec</run_address>
         <size>0x110</size>
         <input_file_ref idref="fl-160"/>
      </object_component>
      <object_component id="oc-7ac">
         <name>.text</name>
         <load_address>0x200102fc</load_address>
         <run_address>0x200102fc</run_address>
         <size>0x110</size>
         <input_file_ref idref="fl-156"/>
      </object_component>
      <object_component id="oc-71f">
         <name>.text:sl_RecvFrom</name>
         <load_address>0x2001040c</load_address>
         <run_address>0x2001040c</run_address>
         <size>0x10c</size>
         <input_file_ref idref="fl-16a"/>
      </object_component>
      <object_component id="oc-6dd">
         <name>.text:sl_Connect</name>
         <load_address>0x20010518</load_address>
         <run_address>0x20010518</run_address>
         <size>0x108</size>
         <input_file_ref idref="fl-16a"/>
      </object_component>
      <object_component id="oc-6e9">
         <name>.text:sl_Send</name>
         <load_address>0x20010620</load_address>
         <run_address>0x20010620</run_address>
         <size>0x108</size>
         <input_file_ref idref="fl-16a"/>
      </object_component>
      <object_component id="oc-80a">
         <name>.text:_SlDrvDataWriteOp</name>
         <load_address>0x20010728</load_address>
         <run_address>0x20010728</run_address>
         <size>0x104</size>
         <input_file_ref idref="fl-167"/>
      </object_component>
      <object_component id="oc-230">
         <name>.text:sl_NetAppDnsGetHostByName</name>
         <load_address>0x2001082c</load_address>
         <run_address>0x2001082c</run_address>
         <size>0x104</size>
         <input_file_ref idref="fl-168"/>
      </object_component>
      <object_component id="oc-8d4">
         <name>.text:_SlDrvNetAppEventHandler</name>
         <load_address>0x20010930</load_address>
         <run_address>0x20010930</run_address>
         <size>0xfe</size>
         <input_file_ref idref="fl-168"/>
      </object_component>
      <object_component id="oc-646">
         <name>.text</name>
         <load_address>0x20010a2e</load_address>
         <run_address>0x20010a2e</run_address>
         <size>0xfc</size>
         <input_file_ref idref="fl-14c"/>
      </object_component>
      <object_component id="oc-44b">
         <name>.text:_SlDrvDriverCBDeinit</name>
         <load_address>0x20010b2c</load_address>
         <run_address>0x20010b2c</run_address>
         <size>0xf4</size>
         <input_file_ref idref="fl-167"/>
      </object_component>
      <object_component id="oc-964">
         <name>.text:uDMAChannelTransferSet</name>
         <load_address>0x20010c20</load_address>
         <run_address>0x20010c20</run_address>
         <size>0xf0</size>
         <input_file_ref idref="fl-179"/>
      </object_component>
      <object_component id="oc-83a">
         <name>.text:spi_Read</name>
         <load_address>0x20010d10</load_address>
         <run_address>0x20010d10</run_address>
         <size>0xdc</size>
         <input_file_ref idref="fl-16c"/>
      </object_component>
      <object_component id="oc-834">
         <name>.text:_SlDrvClassifyRxMsg</name>
         <load_address>0x20010dec</load_address>
         <run_address>0x20010dec</run_address>
         <size>0xd8</size>
         <input_file_ref idref="fl-167"/>
      </object_component>
      <object_component id="oc-1e3">
         <name>.text:sl_Stop</name>
         <load_address>0x20010ec4</load_address>
         <run_address>0x20010ec4</run_address>
         <size>0xd4</size>
         <input_file_ref idref="fl-166"/>
      </object_component>
      <object_component id="oc-92e">
         <name>.text:_sl_HandleAsync_DnsGetHostByService</name>
         <load_address>0x20010f98</load_address>
         <run_address>0x20010f98</run_address>
         <size>0xc8</size>
         <input_file_ref idref="fl-168"/>
      </object_component>
      <object_component id="oc-5d3">
         <name>.text:_SlRemoveFromList</name>
         <load_address>0x20011060</load_address>
         <run_address>0x20011060</run_address>
         <size>0xc0</size>
         <input_file_ref idref="fl-167"/>
      </object_component>
      <object_component id="oc-873">
         <name>.text</name>
         <load_address>0x20011120</load_address>
         <run_address>0x20011120</run_address>
         <size>0xbe</size>
         <input_file_ref idref="fl-15e"/>
      </object_component>
      <object_component id="oc-600">
         <name>.text:_SlDrvMsgReadCmdCtx</name>
         <load_address>0x200111e0</load_address>
         <run_address>0x200111e0</run_address>
         <size>0xbc</size>
         <input_file_ref idref="fl-167"/>
      </object_component>
      <object_component id="oc-1d7">
         <name>.text:sl_Start</name>
         <load_address>0x2001129c</load_address>
         <run_address>0x2001129c</run_address>
         <size>0xbc</size>
         <input_file_ref idref="fl-166"/>
      </object_component>
      <object_component id="oc-33">
         <name>.text</name>
         <load_address>0x20011358</load_address>
         <run_address>0x20011358</run_address>
         <size>0xba</size>
         <input_file_ref idref="fl-161"/>
      </object_component>
      <object_component id="oc-77f">
         <name>.text:_SlAsyncEventGenericHandler</name>
         <load_address>0x20011414</load_address>
         <run_address>0x20011414</run_address>
         <size>0xb8</size>
         <input_file_ref idref="fl-167"/>
      </object_component>
      <object_component id="oc-47a">
         <name>.text:sl_NetAppMDNSRegisterUnregisterService</name>
         <load_address>0x200114cc</load_address>
         <run_address>0x200114cc</run_address>
         <size>0xb4</size>
         <input_file_ref idref="fl-168"/>
      </object_component>
      <object_component id="oc-2e9">
         <name>.text:IntDisable</name>
         <load_address>0x20011580</load_address>
         <run_address>0x20011580</run_address>
         <size>0xa8</size>
         <input_file_ref idref="fl-173"/>
      </object_component>
      <object_component id="oc-16d">
         <name>.text:IntEnable</name>
         <load_address>0x20011628</load_address>
         <run_address>0x20011628</run_address>
         <size>0xa8</size>
         <input_file_ref idref="fl-173"/>
      </object_component>
      <object_component id="oc-22a">
         <name>.text:sl_NetCfgGet</name>
         <load_address>0x200116d0</load_address>
         <run_address>0x200116d0</run_address>
         <size>0xa8</size>
         <input_file_ref idref="fl-169"/>
      </object_component>
      <object_component id="oc-57d">
         <name>.text:SPIConfigSetExpClk</name>
         <load_address>0x20011778</load_address>
         <run_address>0x20011778</run_address>
         <size>0xa0</size>
         <input_file_ref idref="fl-176"/>
      </object_component>
      <object_component id="oc-5e6">
         <name>.text:_SlDrvMsgReadSpawnCtx</name>
         <load_address>0x20011818</load_address>
         <run_address>0x20011818</run_address>
         <size>0x9c</size>
         <input_file_ref idref="fl-167"/>
      </object_component>
      <object_component id="oc-41">
         <name>.text</name>
         <load_address>0x200118b4</load_address>
         <run_address>0x200118b4</run_address>
         <size>0x9c</size>
         <input_file_ref idref="fl-138"/>
      </object_component>
      <object_component id="oc-1e9">
         <name>.text:sl_DevGet</name>
         <load_address>0x20011950</load_address>
         <run_address>0x20011950</run_address>
         <size>0x9c</size>
         <input_file_ref idref="fl-166"/>
      </object_component>
      <object_component id="oc-18d">
         <name>.text</name>
         <load_address>0x200119ec</load_address>
         <run_address>0x200119ec</run_address>
         <size>0x98</size>
         <input_file_ref idref="fl-6"/>
      </object_component>
      <object_component id="oc-272">
         <name>.text:PRCMPeripheralClockGet</name>
         <load_address>0x20011a84</load_address>
         <run_address>0x20011a84</run_address>
         <size>0x94</size>
         <input_file_ref idref="fl-175"/>
      </object_component>
      <object_component id="oc-8e1">
         <name>.text:SetupDMAReceive</name>
         <load_address>0x20011b18</load_address>
         <run_address>0x20011b18</run_address>
         <size>0x8c</size>
         <input_file_ref idref="fl-16c"/>
      </object_component>
      <object_component id="oc-84b">
         <name>.text:SetupDMASend</name>
         <load_address>0x20011ba4</load_address>
         <run_address>0x20011ba4</run_address>
         <size>0x8c</size>
         <input_file_ref idref="fl-16c"/>
      </object_component>
      <object_component id="oc-928">
         <name>.text:_sl_HandleAsync_DnsGetHostByName</name>
         <load_address>0x20011c30</load_address>
         <run_address>0x20011c30</run_address>
         <size>0x8c</size>
         <input_file_ref idref="fl-168"/>
      </object_component>
      <object_component id="oc-8da">
         <name>.text:_sl_HandleAsync_PingResponse</name>
         <load_address>0x20011cbc</load_address>
         <run_address>0x20011cbc</run_address>
         <size>0x8c</size>
         <input_file_ref idref="fl-168"/>
      </object_component>
      <object_component id="oc-787">
         <name>.text:spi_Write</name>
         <load_address>0x20011d48</load_address>
         <run_address>0x20011d48</run_address>
         <size>0x8c</size>
         <input_file_ref idref="fl-16c"/>
      </object_component>
      <object_component id="oc-54d">
         <name>.text:PinConfigSet</name>
         <load_address>0x20011dd4</load_address>
         <run_address>0x20011dd4</run_address>
         <size>0x88</size>
         <input_file_ref idref="fl-174"/>
      </object_component>
      <object_component id="oc-284">
         <name>.text</name>
         <load_address>0x20011e5c</load_address>
         <run_address>0x20011e5c</run_address>
         <size>0x88</size>
         <input_file_ref idref="fl-141"/>
      </object_component>
      <object_component id="oc-6d1">
         <name>.text:sl_Bind</name>
         <load_address>0x20011ee4</load_address>
         <run_address>0x20011ee4</run_address>
         <size>0x88</size>
         <input_file_ref idref="fl-16a"/>
      </object_component>
      <object_component id="oc-641">
         <name>.text:__aeabi_cdcmple</name>
         <load_address>0x20011f6c</load_address>
         <run_address>0x20011f6c</run_address>
         <size>0x86</size>
         <input_file_ref idref="fl-14a"/>
      </object_component>
      <object_component id="oc-650">
         <name>.text:__aeabi_cdrcmple</name>
         <load_address>0x20011ff2</load_address>
         <run_address>0x20011ff2</run_address>
         <size>0x86</size>
         <input_file_ref idref="fl-14a"/>
      </object_component>
      <object_component id="oc-3e9">
         <name>.text:NwpPowerOnPreamble</name>
         <load_address>0x20012078</load_address>
         <run_address>0x20012078</run_address>
         <size>0x84</size>
         <input_file_ref idref="fl-16c"/>
      </object_component>
      <object_component id="oc-2ff">
         <name>.text:GPIOIntTypeSet</name>
         <load_address>0x200120fc</load_address>
         <run_address>0x200120fc</run_address>
         <size>0x82</size>
         <input_file_ref idref="fl-172"/>
      </object_component>
      <object_component id="oc-435">
         <name>.text:_SlDrvCmdOp</name>
         <load_address>0x20012180</load_address>
         <run_address>0x20012180</run_address>
         <size>0x80</size>
         <input_file_ref idref="fl-167"/>
      </object_component>
      <object_component id="oc-8e7">
         <name>.text:spi_Read_CPU</name>
         <load_address>0x20012200</load_address>
         <run_address>0x20012200</run_address>
         <size>0x80</size>
         <input_file_ref idref="fl-16c"/>
      </object_component>
      <object_component id="oc-85d">
         <name>.text:spi_Write_CPU</name>
         <load_address>0x20012280</load_address>
         <run_address>0x20012280</run_address>
         <size>0x80</size>
         <input_file_ref idref="fl-16c"/>
      </object_component>
      <object_component id="oc-7fd">
         <name>.text:PRCMRTCGet</name>
         <load_address>0x20012300</load_address>
         <run_address>0x20012300</run_address>
         <size>0x7c</size>
         <input_file_ref idref="fl-175"/>
      </object_component>
      <object_component id="oc-864">
         <name>.text:_sl_HandleAsync_InitComplete</name>
         <load_address>0x2001237c</load_address>
         <run_address>0x2001237c</run_address>
         <size>0x7c</size>
         <input_file_ref idref="fl-166"/>
      </object_component>
      <object_component id="oc-5a">
         <name>.text</name>
         <load_address>0x200123f8</load_address>
         <run_address>0x200123f8</run_address>
         <size>0x7a</size>
         <input_file_ref idref="fl-13b"/>
      </object_component>
      <object_component id="oc-94a">
         <name>.text:_sl_HandleAsync_Connect</name>
         <load_address>0x20012474</load_address>
         <run_address>0x20012474</run_address>
         <size>0x78</size>
         <input_file_ref idref="fl-16a"/>
      </object_component>
      <object_component id="oc-445">
         <name>.text:spi_Close</name>
         <load_address>0x200124ec</load_address>
         <run_address>0x200124ec</run_address>
         <size>0x78</size>
         <input_file_ref idref="fl-16c"/>
      </object_component>
      <object_component id="oc-278">
         <name>.text:UARTConfigSetExpClk</name>
         <load_address>0x20012564</load_address>
         <run_address>0x20012564</run_address>
         <size>0x76</size>
         <input_file_ref idref="fl-178"/>
      </object_component>
      <object_component id="oc-6ef">
         <name>.text:sl_Recv</name>
         <load_address>0x200125dc</load_address>
         <run_address>0x200125dc</run_address>
         <size>0x74</size>
         <input_file_ref idref="fl-16a"/>
      </object_component>
      <object_component id="oc-986">
         <name>.text:_SlDrvCmdSend</name>
         <load_address>0x20012650</load_address>
         <run_address>0x20012650</run_address>
         <size>0x6c</size>
         <input_file_ref idref="fl-167"/>
      </object_component>
      <object_component id="oc-6c">
         <name>.text</name>
         <load_address>0x200126bc</load_address>
         <run_address>0x200126bc</run_address>
         <size>0x6c</size>
         <input_file_ref idref="fl-146"/>
      </object_component>
      <object_component id="oc-4d">
         <name>.text</name>
         <load_address>0x20012728</load_address>
         <run_address>0x20012728</run_address>
         <size>0x6a</size>
         <input_file_ref idref="fl-135"/>
      </object_component>
      <object_component id="oc-363">
         <name>.text:TimerIntUnregister</name>
         <load_address>0x20012794</load_address>
         <run_address>0x20012794</run_address>
         <size>0x68</size>
         <input_file_ref idref="fl-177"/>
      </object_component>
      <object_component id="oc-934">
         <name>.text:_sl_NetAppSendTokenValue</name>
         <load_address>0x200127fc</load_address>
         <run_address>0x200127fc</run_address>
         <size>0x68</size>
         <input_file_ref idref="fl-168"/>
      </object_component>
      <object_component id="oc-201">
         <name>.text:sl_NetCfgSet</name>
         <load_address>0x20012864</load_address>
         <run_address>0x20012864</run_address>
         <size>0x68</size>
         <input_file_ref idref="fl-169"/>
      </object_component>
      <object_component id="oc-6b3">
         <name>.text:sl_SetSockOpt</name>
         <load_address>0x200128cc</load_address>
         <run_address>0x200128cc</run_address>
         <size>0x68</size>
         <input_file_ref idref="fl-16a"/>
      </object_component>
      <object_component id="oc-207">
         <name>.text:sl_WlanSet</name>
         <load_address>0x20012934</load_address>
         <run_address>0x20012934</run_address>
         <size>0x68</size>
         <input_file_ref idref="fl-16b"/>
      </object_component>
      <object_component id="oc-7a4">
         <name>.text</name>
         <load_address>0x2001299c</load_address>
         <run_address>0x2001299c</run_address>
         <size>0x66</size>
         <input_file_ref idref="fl-157"/>
      </object_component>
      <object_component id="oc-74e">
         <name>.text:uDMAChannelAttributeDisable</name>
         <load_address>0x20012a04</load_address>
         <run_address>0x20012a04</run_address>
         <size>0x64</size>
         <input_file_ref idref="fl-179"/>
      </object_component>
      <object_component id="oc-95e">
         <name>.text:uDMAChannelAttributeEnable</name>
         <load_address>0x20012a68</load_address>
         <run_address>0x20012a68</run_address>
         <size>0x64</size>
         <input_file_ref idref="fl-179"/>
      </object_component>
      <object_component id="oc-944">
         <name>.text:_sl_HandleAsync_Accept</name>
         <load_address>0x20012acc</load_address>
         <run_address>0x20012acc</run_address>
         <size>0x60</size>
         <input_file_ref idref="fl-16a"/>
      </object_component>
      <object_component id="oc-1ef">
         <name>.text:sl_WlanPolicySet</name>
         <load_address>0x20012b2c</load_address>
         <run_address>0x20012b2c</run_address>
         <size>0x60</size>
         <input_file_ref idref="fl-16b"/>
      </object_component>
      <object_component id="oc-6ad">
         <name>.text:sl_Socket</name>
         <load_address>0x20012b8c</load_address>
         <run_address>0x20012b8c</run_address>
         <size>0x5c</size>
         <input_file_ref idref="fl-16a"/>
      </object_component>
      <object_component id="oc-3ad">
         <name>.text:IntPendClear</name>
         <load_address>0x20012be8</load_address>
         <run_address>0x20012be8</run_address>
         <size>0x58</size>
         <input_file_ref idref="fl-173"/>
      </object_component>
      <object_component id="oc-333">
         <name>.text:PRCMPeripheralReset</name>
         <load_address>0x20012c40</load_address>
         <run_address>0x20012c40</run_address>
         <size>0x58</size>
         <input_file_ref idref="fl-175"/>
      </object_component>
      <object_component id="oc-65a">
         <name>.text</name>
         <load_address>0x20012c98</load_address>
         <run_address>0x20012c98</run_address>
         <size>0x56</size>
         <input_file_ref idref="fl-151"/>
      </object_component>
      <object_component id="oc-2e3">
         <name>.text:IntPrioritySet</name>
         <load_address>0x20012cf0</load_address>
         <run_address>0x20012cf0</run_address>
         <size>0x54</size>
         <input_file_ref idref="fl-173"/>
      </object_component>
      <object_component id="oc-950">
         <name>.text:_sl_HandleAsync_Select</name>
         <load_address>0x20012d44</load_address>
         <run_address>0x20012d44</run_address>
         <size>0x54</size>
         <input_file_ref idref="fl-16a"/>
      </object_component>
      <object_component id="oc-219">
         <name>.text:sl_WlanRxFilterSet</name>
         <load_address>0x20012d98</load_address>
         <run_address>0x20012d98</run_address>
         <size>0x54</size>
         <input_file_ref idref="fl-16b"/>
      </object_component>
      <object_component id="oc-8c1">
         <name>.text:PRCMSlowClkCtrGet</name>
         <load_address>0x20012dec</load_address>
         <run_address>0x20012dec</run_address>
         <size>0x50</size>
         <input_file_ref idref="fl-175"/>
      </object_component>
      <object_component id="oc-86a">
         <name>.text:_sl_HandleAsync_Stop</name>
         <load_address>0x20012e3c</load_address>
         <run_address>0x20012e3c</run_address>
         <size>0x50</size>
         <input_file_ref idref="fl-166"/>
      </object_component>
      <object_component id="oc-5a1">
         <name>.text:SPIIntEnable</name>
         <load_address>0x20012e8c</load_address>
         <run_address>0x20012e8c</run_address>
         <size>0x4c</size>
         <input_file_ref idref="fl-176"/>
      </object_component>
      <object_component id="oc-3fb">
         <name>.text:_SlDrvProtectAsyncRespSetting</name>
         <load_address>0x20012ed8</load_address>
         <run_address>0x20012ed8</run_address>
         <size>0x4c</size>
         <input_file_ref idref="fl-167"/>
      </object_component>
      <object_component id="oc-428">
         <name>.text:_SlDrvRxIrqHandler</name>
         <load_address>0x20012f24</load_address>
         <run_address>0x20012f24</run_address>
         <size>0x4c</size>
         <input_file_ref idref="fl-167"/>
      </object_component>
      <object_component id="oc-7ee">
         <name>.text:_sl_BuildAddress</name>
         <load_address>0x20012f70</load_address>
         <run_address>0x20012f70</run_address>
         <size>0x4c</size>
         <input_file_ref idref="fl-16a"/>
      </object_component>
      <object_component id="oc-688">
         <name>.text</name>
         <load_address>0x20012fbc</load_address>
         <run_address>0x20012fbc</run_address>
         <size>0x4c</size>
         <input_file_ref idref="fl-145"/>
      </object_component>
      <object_component id="oc-bb">
         <name>.text</name>
         <load_address>0x20013008</load_address>
         <run_address>0x20013008</run_address>
         <size>0x4c</size>
         <input_file_ref idref="fl-147"/>
      </object_component>
      <object_component id="oc-748">
         <name>.text:uDMAChannelAssign</name>
         <load_address>0x20013054</load_address>
         <run_address>0x20013054</run_address>
         <size>0x4c</size>
         <input_file_ref idref="fl-179"/>
      </object_component>
      <object_component id="oc-764">
         <name>.text:SPIIntClear</name>
         <load_address>0x200130a0</load_address>
         <run_address>0x200130a0</run_address>
         <size>0x48</size>
         <input_file_ref idref="fl-176"/>
      </object_component>
      <object_component id="oc-468">
         <name>.text:_SlDrvBasicCmd</name>
         <load_address>0x200130e8</load_address>
         <run_address>0x200130e8</run_address>
         <size>0x48</size>
         <input_file_ref idref="fl-167"/>
      </object_component>
      <object_component id="oc-655">
         <name>.text</name>
         <load_address>0x20013130</load_address>
         <run_address>0x20013130</run_address>
         <size>0x48</size>
         <input_file_ref idref="fl-14d"/>
      </object_component>
      <object_component id="oc-670">
         <name>.text</name>
         <load_address>0x20013178</load_address>
         <run_address>0x20013178</run_address>
         <size>0x46</size>
         <input_file_ref idref="fl-150"/>
      </object_component>
      <object_component id="oc-758">
         <name>.text:SPIDmaMaskGet</name>
         <load_address>0x200131c0</load_address>
         <run_address>0x200131c0</run_address>
         <size>0x44</size>
         <input_file_ref idref="fl-176"/>
      </object_component>
      <object_component id="oc-339">
         <name>.text:TimerConfigure</name>
         <load_address>0x20013204</load_address>
         <run_address>0x20013204</run_address>
         <size>0x44</size>
         <input_file_ref idref="fl-177"/>
      </object_component>
      <object_component id="oc-8f4">
         <name>.text:cc_SetupTransfer</name>
         <load_address>0x20013248</load_address>
         <run_address>0x20013248</run_address>
         <size>0x44</size>
         <input_file_ref idref="fl-16c"/>
      </object_component>
      <object_component id="oc-78">
         <name>.text</name>
         <load_address>0x2001328c</load_address>
         <run_address>0x2001328c</run_address>
         <size>0x44</size>
         <input_file_ref idref="fl-137"/>
      </object_component>
      <object_component id="oc-6d7">
         <name>.text:sl_Htonl</name>
         <load_address>0x200132d0</load_address>
         <run_address>0x200132d0</run_address>
         <size>0x42</size>
         <input_file_ref idref="fl-16a"/>
      </object_component>
      <object_component id="oc-553">
         <name>.text:PinModeSet</name>
         <load_address>0x20013314</load_address>
         <run_address>0x20013314</run_address>
         <size>0x40</size>
         <input_file_ref idref="fl-174"/>
      </object_component>
      <object_component id="oc-973">
         <name>.text</name>
         <load_address>0x20013354</load_address>
         <run_address>0x20013354</run_address>
         <size>0x40</size>
         <input_file_ref idref="fl-15d"/>
      </object_component>
      <object_component id="oc-6c5">
         <name>.text</name>
         <load_address>0x20013394</load_address>
         <run_address>0x20013394</run_address>
         <size>0x40</size>
         <input_file_ref idref="fl-17f"/>
      </object_component>
      <object_component id="oc-93b">
         <name>.text:CopyPingResultsToReport</name>
         <load_address>0x200133d4</load_address>
         <run_address>0x200133d4</run_address>
         <size>0x3c</size>
         <input_file_ref idref="fl-168"/>
      </object_component>
      <object_component id="oc-32d">
         <name>.text:PRCMPeripheralClkEnable</name>
         <load_address>0x20013410</load_address>
         <run_address>0x20013410</run_address>
         <size>0x3c</size>
         <input_file_ref idref="fl-175"/>
      </object_component>
      <object_component id="oc-804">
         <name>.text:_sl_TruncatePayloadByProtocol</name>
         <load_address>0x2001344c</load_address>
         <run_address>0x2001344c</run_address>
         <size>0x3c</size>
         <input_file_ref idref="fl-16a"/>
      </object_component>
      <object_component id="oc-24">
         <name>.text</name>
         <load_address>0x20013488</load_address>
         <run_address>0x20013488</run_address>
         <size>0x3c</size>
         <input_file_ref idref="fl-133"/>
      </object_component>
      <object_component id="oc-6cb">
         <name>.text:sl_Htons</name>
         <load_address>0x200134c4</load_address>
         <run_address>0x200134c4</run_address>
         <size>0x3c</size>
         <input_file_ref idref="fl-16a"/>
      </object_component>
      <object_component id="oc-6f5">
         <name>.text:sl_Listen</name>
         <load_address>0x20013500</load_address>
         <run_address>0x20013500</run_address>
         <size>0x3c</size>
         <input_file_ref idref="fl-16a"/>
      </object_component>
      <object_component id="oc-958">
         <name>.text:uDMAChannelControlSet</name>
         <load_address>0x2001353c</load_address>
         <run_address>0x2001353c</run_address>
         <size>0x3c</size>
         <input_file_ref idref="fl-179"/>
      </object_component>
      <object_component id="oc-401">
         <name>.text:NwpPowerOff</name>
         <load_address>0x20013578</load_address>
         <run_address>0x20013578</run_address>
         <size>0x38</size>
         <input_file_ref idref="fl-16c"/>
      </object_component>
      <object_component id="oc-f8">
         <name>.text</name>
         <load_address>0x200135b0</load_address>
         <run_address>0x200135b0</run_address>
         <size>0x38</size>
         <input_file_ref idref="fl-164"/>
      </object_component>
      <object_component id="oc-3cb">
         <name>.text:GPIODirModeSet</name>
         <load_address>0x200135e8</load_address>
         <run_address>0x200135e8</run_address>
         <size>0x36</size>
         <input_file_ref idref="fl-172"/>
      </object_component>
      <object_component id="oc-20d">
         <name>.text:sl_NetAppMDNSUnRegisterService</name>
         <load_address>0x2001361e</load_address>
         <run_address>0x2001361e</run_address>
         <size>0x36</size>
         <input_file_ref idref="fl-168"/>
      </object_component>
      <object_component id="oc-583">
         <name>.text:PRCMPeripheralStatusGet</name>
         <load_address>0x20013654</load_address>
         <run_address>0x20013654</run_address>
         <size>0x34</size>
         <input_file_ref idref="fl-175"/>
      </object_component>
      <object_component id="oc-59b">
         <name>.text:SPIFIFOLevelSet</name>
         <load_address>0x20013688</load_address>
         <run_address>0x20013688</run_address>
         <size>0x34</size>
         <input_file_ref idref="fl-176"/>
      </object_component>
      <object_component id="oc-882">
         <name>.text</name>
         <load_address>0x200136bc</load_address>
         <run_address>0x200136bc</run_address>
         <size>0x34</size>
         <input_file_ref idref="fl-15b"/>
      </object_component>
      <object_component id="oc-3c5">
         <name>.text:PinTypeGPIO</name>
         <load_address>0x200136f0</load_address>
         <run_address>0x200136f0</run_address>
         <size>0x30</size>
         <input_file_ref idref="fl-174"/>
      </object_component>
      <object_component id="oc-4b8">
         <name>.text:UARTDisable</name>
         <load_address>0x20013720</load_address>
         <run_address>0x20013720</run_address>
         <size>0x30</size>
         <input_file_ref idref="fl-178"/>
      </object_component>
      <object_component id="oc-792">
         <name>.text:_SlDrvDeviceEventHandler</name>
         <load_address>0x20013750</load_address>
         <run_address>0x20013750</run_address>
         <size>0x30</size>
         <input_file_ref idref="fl-166"/>
      </object_component>
      <object_component id="oc-12b">
         <name>.text</name>
         <load_address>0x20013780</load_address>
         <run_address>0x20013780</run_address>
         <size>0x30</size>
         <input_file_ref idref="fl-140"/>
      </object_component>
      <object_component id="oc-7b2">
         <name>.text</name>
         <load_address>0x200137b0</load_address>
         <run_address>0x200137b0</run_address>
         <size>0x30</size>
         <input_file_ref idref="fl-158"/>
      </object_component>
      <object_component id="oc-6b9">
         <name>.text:sl_Close</name>
         <load_address>0x200137e0</load_address>
         <run_address>0x200137e0</run_address>
         <size>0x30</size>
         <input_file_ref idref="fl-16a"/>
      </object_component>
      <object_component id="oc-1f5">
         <name>.text:sl_WlanProfileDel</name>
         <load_address>0x20013810</load_address>
         <run_address>0x20013810</run_address>
         <size>0x30</size>
         <input_file_ref idref="fl-16b"/>
      </object_component>
      <object_component id="oc-1dd">
         <name>.text:sl_WlanSetMode</name>
         <load_address>0x20013840</load_address>
         <run_address>0x20013840</run_address>
         <size>0x30</size>
         <input_file_ref idref="fl-16b"/>
      </object_component>
      <object_component id="oc-660">
         <name>.text</name>
         <load_address>0x20013870</load_address>
         <run_address>0x20013870</run_address>
         <size>0x2e</size>
         <input_file_ref idref="fl-14f"/>
      </object_component>
      <object_component id="oc-90d">
         <name>.text</name>
         <load_address>0x2001389e</load_address>
         <run_address>0x2001389e</run_address>
         <size>0x2e</size>
         <input_file_ref idref="fl-15c"/>
      </object_component>
      <object_component id="oc-5b3">
         <name>.text:DmaSpiSwIntHandler</name>
         <load_address>0x200138cc</load_address>
         <run_address>0x200138cc</run_address>
         <size>0x2c</size>
         <input_file_ref idref="fl-16c"/>
      </object_component>
      <object_component id="oc-40d">
         <name>.text:NwpPowerOn</name>
         <load_address>0x200138f8</load_address>
         <run_address>0x200138f8</run_address>
         <size>0x2c</size>
         <input_file_ref idref="fl-16c"/>
      </object_component>
      <object_component id="oc-38f">
         <name>.text:PRCMSysResetCauseGet</name>
         <load_address>0x20013924</load_address>
         <run_address>0x20013924</run_address>
         <size>0x2c</size>
         <input_file_ref idref="fl-175"/>
      </object_component>
      <object_component id="oc-34b">
         <name>.text:TimerLoadSet</name>
         <load_address>0x20013950</load_address>
         <run_address>0x20013950</run_address>
         <size>0x2a</size>
         <input_file_ref idref="fl-177"/>
      </object_component>
      <object_component id="oc-33f">
         <name>.text:TimerPrescaleSet</name>
         <load_address>0x2001397a</load_address>
         <run_address>0x2001397a</run_address>
         <size>0x2a</size>
         <input_file_ref idref="fl-177"/>
      </object_component>
      <object_component id="oc-7dc">
         <name>.text</name>
         <load_address>0x200139a4</load_address>
         <run_address>0x200139a4</run_address>
         <size>0x2a</size>
         <input_file_ref idref="fl-181"/>
      </object_component>
      <object_component id="oc-67c">
         <name>.text</name>
         <load_address>0x200139ce</load_address>
         <run_address>0x200139ce</run_address>
         <size>0x2a</size>
         <input_file_ref idref="fl-155"/>
      </object_component>
      <object_component id="oc-8af">
         <name>.text:IsRTCUsed</name>
         <load_address>0x200139f8</load_address>
         <run_address>0x200139f8</run_address>
         <size>0x28</size>
         <input_file_ref idref="fl-175"/>
      </object_component>
      <object_component id="oc-389">
         <name>.text:PRCMPeripheralClkDisable</name>
         <load_address>0x20013a20</load_address>
         <run_address>0x20013a20</run_address>
         <size>0x28</size>
         <input_file_ref idref="fl-175"/>
      </object_component>
      <object_component id="oc-70d">
         <name>.text:SL_FD_ISSET</name>
         <load_address>0x20013a48</load_address>
         <run_address>0x20013a48</run_address>
         <size>0x28</size>
         <input_file_ref idref="fl-16a"/>
      </object_component>
      <object_component id="oc-407">
         <name>.text:NwpRegisterInterruptHandler</name>
         <load_address>0x20013a70</load_address>
         <run_address>0x20013a70</run_address>
         <size>0x26</size>
         <input_file_ref idref="fl-16c"/>
      </object_component>
      <object_component id="oc-131">
         <name>.text</name>
         <load_address>0x20013a96</load_address>
         <run_address>0x20013a96</run_address>
         <size>0x26</size>
         <input_file_ref idref="fl-13f"/>
      </object_component>
      <object_component id="oc-2ef">
         <name>.text:IntUnregister</name>
         <load_address>0x20013abc</load_address>
         <run_address>0x20013abc</run_address>
         <size>0x24</size>
         <input_file_ref idref="fl-173"/>
      </object_component>
      <object_component id="oc-8bb">
         <name>.text:RTCU16MSecRegRead</name>
         <load_address>0x20013ae0</load_address>
         <run_address>0x20013ae0</run_address>
         <size>0x24</size>
         <input_file_ref idref="fl-175"/>
      </object_component>
      <object_component id="oc-8a8">
         <name>.text:RTCUseSet</name>
         <load_address>0x20013b04</load_address>
         <run_address>0x20013b04</run_address>
         <size>0x24</size>
         <input_file_ref idref="fl-175"/>
      </object_component>
      <object_component id="oc-4be">
         <name>.text:UARTEnable</name>
         <load_address>0x20013b28</load_address>
         <run_address>0x20013b28</run_address>
         <size>0x24</size>
         <input_file_ref idref="fl-178"/>
      </object_component>
      <object_component id="oc-49a">
         <name>.text:_SlDrvProtectionObjLockWaitForever</name>
         <load_address>0x20013b4c</load_address>
         <run_address>0x20013b4c</run_address>
         <size>0x24</size>
         <input_file_ref idref="fl-167"/>
      </object_component>
      <object_component id="oc-296">
         <name>.text</name>
         <load_address>0x20013b70</load_address>
         <run_address>0x20013b70</run_address>
         <size>0x24</size>
         <input_file_ref idref="fl-139"/>
      </object_component>
      <object_component id="oc-7e2">
         <name>.text</name>
         <load_address>0x20013b94</load_address>
         <run_address>0x20013b94</run_address>
         <size>0x24</size>
         <input_file_ref idref="fl-180"/>
      </object_component>
      <object_component id="oc-3a7">
         <name>.text:GPIOIntStatus</name>
         <load_address>0x20013bb8</load_address>
         <run_address>0x20013bb8</run_address>
         <size>0x22</size>
         <input_file_ref idref="fl-172"/>
      </object_component>
      <object_component id="oc-701">
         <name>.text:SL_FD_SET</name>
         <load_address>0x20013bda</load_address>
         <run_address>0x20013bda</run_address>
         <size>0x22</size>
         <input_file_ref idref="fl-16a"/>
      </object_component>
      <object_component id="oc-577">
         <name>.text:SPIReset</name>
         <load_address>0x20013bfc</load_address>
         <run_address>0x20013bfc</run_address>
         <size>0x22</size>
         <input_file_ref idref="fl-176"/>
      </object_component>
      <object_component id="oc-857">
         <name>.text:SPIWordCountSet</name>
         <load_address>0x20013c1e</load_address>
         <run_address>0x20013c1e</run_address>
         <size>0x22</size>
         <input_file_ref idref="fl-176"/>
      </object_component>
      <object_component id="oc-66a">
         <name>.text</name>
         <load_address>0x20013c40</load_address>
         <run_address>0x20013c40</run_address>
         <size>0x22</size>
         <input_file_ref idref="fl-14e"/>
      </object_component>
      <object_component id="oc-311">
         <name>.text:GPIOPinWrite</name>
         <load_address>0x20013c62</load_address>
         <run_address>0x20013c62</run_address>
         <size>0x20</size>
         <input_file_ref idref="fl-172"/>
      </object_component>
      <object_component id="oc-2dd">
         <name>.text:IntRegister</name>
         <load_address>0x20013c84</load_address>
         <run_address>0x20013c84</run_address>
         <size>0x20</size>
         <input_file_ref idref="fl-173"/>
      </object_component>
      <object_component id="oc-4a0">
         <name>.text:_SlDrvProtectionObjUnLock</name>
         <load_address>0x20013ca4</load_address>
         <run_address>0x20013ca4</run_address>
         <size>0x20</size>
         <input_file_ref idref="fl-167"/>
      </object_component>
      <object_component id="oc-6e3">
         <name>.text</name>
         <load_address>0x20013cc4</load_address>
         <run_address>0x20013cc4</run_address>
         <size>0x20</size>
         <input_file_ref idref="fl-16f"/>
      </object_component>
      <object_component id="oc-357">
         <name>.text:TimerDisable</name>
         <load_address>0x20013ce4</load_address>
         <run_address>0x20013ce4</run_address>
         <size>0x1e</size>
         <input_file_ref idref="fl-177"/>
      </object_component>
      <object_component id="oc-351">
         <name>.text:TimerEnable</name>
         <load_address>0x20013d02</load_address>
         <run_address>0x20013d02</run_address>
         <size>0x1e</size>
         <input_file_ref idref="fl-177"/>
      </object_component>
      <object_component id="oc-14f">
         <name>.text:TimerIntStatus</name>
         <load_address>0x20013d20</load_address>
         <run_address>0x20013d20</run_address>
         <size>0x1e</size>
         <input_file_ref idref="fl-177"/>
      </object_component>
      <object_component id="oc-27e">
         <name>.text:UARTCharPut</name>
         <load_address>0x20013d3e</load_address>
         <run_address>0x20013d3e</run_address>
         <size>0x1e</size>
         <input_file_ref idref="fl-178"/>
      </object_component>
      <object_component id="oc-589">
         <name>.text:cc_UDMAChannelSelect</name>
         <load_address>0x20013d5c</load_address>
         <run_address>0x20013d5c</run_address>
         <size>0x1e</size>
         <input_file_ref idref="fl-16c"/>
      </object_component>
      <object_component id="oc-369">
         <name>.text:TimerValueGet</name>
         <load_address>0x20013d7a</load_address>
         <run_address>0x20013d7a</run_address>
         <size>0x1c</size>
         <input_file_ref idref="fl-177"/>
      </object_component>
      <object_component id="oc-290">
         <name>.text:UARTCharGetNonBlocking</name>
         <load_address>0x20013d96</load_address>
         <run_address>0x20013d96</run_address>
         <size>0x1c</size>
         <input_file_ref idref="fl-178"/>
      </object_component>
      <object_component id="oc-5f4">
         <name>.text:_SlDrvObjLockWaitForever</name>
         <load_address>0x20013db2</load_address>
         <run_address>0x20013db2</run_address>
         <size>0x1c</size>
         <input_file_ref idref="fl-167"/>
      </object_component>
      <object_component id="oc-413">
         <name>.text:_SlDrvSyncObjWaitForever</name>
         <load_address>0x20013dce</load_address>
         <run_address>0x20013dce</run_address>
         <size>0x1c</size>
         <input_file_ref idref="fl-167"/>
      </object_component>
      <object_component id="oc-682">
         <name>.text</name>
         <load_address>0x20013dea</load_address>
         <run_address>0x20013dea</run_address>
         <size>0x1c</size>
         <input_file_ref idref="fl-152"/>
      </object_component>
      <object_component id="oc-96a">
         <name>.text:uDMAChannelEnable</name>
         <load_address>0x20013e08</load_address>
         <run_address>0x20013e08</run_address>
         <size>0x1c</size>
         <input_file_ref idref="fl-179"/>
      </object_component>
      <object_component id="oc-3b3">
         <name>.text:GPIOIntDisable</name>
         <load_address>0x20013e24</load_address>
         <run_address>0x20013e24</run_address>
         <size>0x1a</size>
         <input_file_ref idref="fl-172"/>
      </object_component>
      <object_component id="oc-30b">
         <name>.text:GPIOIntEnable</name>
         <load_address>0x20013e3e</load_address>
         <run_address>0x20013e3e</run_address>
         <size>0x1a</size>
         <input_file_ref idref="fl-172"/>
      </object_component>
      <object_component id="oc-3d1">
         <name>.text:PinTypeUART</name>
         <load_address>0x20013e58</load_address>
         <run_address>0x20013e58</run_address>
         <size>0x1a</size>
         <input_file_ref idref="fl-174"/>
      </object_component>
      <object_component id="oc-617">
         <name>.text:SPIDmaDisable</name>
         <load_address>0x20013e72</load_address>
         <run_address>0x20013e72</run_address>
         <size>0x1a</size>
         <input_file_ref idref="fl-176"/>
      </object_component>
      <object_component id="oc-595">
         <name>.text:SPIDmaEnable</name>
         <load_address>0x20013e8c</load_address>
         <run_address>0x20013e8c</run_address>
         <size>0x1a</size>
         <input_file_ref idref="fl-176"/>
      </object_component>
      <object_component id="oc-611">
         <name>.text:SPIFIFODisable</name>
         <load_address>0x20013ea6</load_address>
         <run_address>0x20013ea6</run_address>
         <size>0x1a</size>
         <input_file_ref idref="fl-176"/>
      </object_component>
      <object_component id="oc-58f">
         <name>.text:SPIFIFOEnable</name>
         <load_address>0x20013ec0</load_address>
         <run_address>0x20013ec0</run_address>
         <size>0x1a</size>
         <input_file_ref idref="fl-176"/>
      </object_component>
      <object_component id="oc-317">
         <name>.text:GPIOPinRead</name>
         <load_address>0x20013eda</load_address>
         <run_address>0x20013eda</run_address>
         <size>0x18</size>
         <input_file_ref idref="fl-172"/>
      </object_component>
      <object_component id="oc-56b">
         <name>.text:SPICSDisable</name>
         <load_address>0x20013ef2</load_address>
         <run_address>0x20013ef2</run_address>
         <size>0x18</size>
         <input_file_ref idref="fl-176"/>
      </object_component>
      <object_component id="oc-851">
         <name>.text:SPICSEnable</name>
         <load_address>0x20013f0a</load_address>
         <run_address>0x20013f0a</run_address>
         <size>0x18</size>
         <input_file_ref idref="fl-176"/>
      </object_component>
      <object_component id="oc-571">
         <name>.text:SPIDisable</name>
         <load_address>0x20013f22</load_address>
         <run_address>0x20013f22</run_address>
         <size>0x18</size>
         <input_file_ref idref="fl-176"/>
      </object_component>
      <object_component id="oc-5a7">
         <name>.text:SPIEnable</name>
         <load_address>0x20013f3a</load_address>
         <run_address>0x20013f3a</run_address>
         <size>0x18</size>
         <input_file_ref idref="fl-176"/>
      </object_component>
      <object_component id="oc-35d">
         <name>.text:TimerIntDisable</name>
         <load_address>0x20013f52</load_address>
         <run_address>0x20013f52</run_address>
         <size>0x18</size>
         <input_file_ref idref="fl-177"/>
      </object_component>
      <object_component id="oc-345">
         <name>.text:TimerIntEnable</name>
         <load_address>0x20013f6a</load_address>
         <run_address>0x20013f6a</run_address>
         <size>0x18</size>
         <input_file_ref idref="fl-177"/>
      </object_component>
      <object_component id="oc-28a">
         <name>.text:UARTCharsAvail</name>
         <load_address>0x20013f82</load_address>
         <run_address>0x20013f82</run_address>
         <size>0x18</size>
         <input_file_ref idref="fl-178"/>
      </object_component>
      <object_component id="oc-606">
         <name>.text:_SlDrvObjUnLock</name>
         <load_address>0x20013f9a</load_address>
         <run_address>0x20013f9a</run_address>
         <size>0x18</size>
         <input_file_ref idref="fl-167"/>
      </object_component>
      <object_component id="oc-5d9">
         <name>.text:_SlDrvSyncObjSignal</name>
         <load_address>0x20013fb2</load_address>
         <run_address>0x20013fb2</run_address>
         <size>0x18</size>
         <input_file_ref idref="fl-167"/>
      </object_component>
      <object_component id="oc-41f">
         <name>.text:_sl_GetStartResponseConvert</name>
         <load_address>0x20013fcc</load_address>
         <run_address>0x20013fcc</run_address>
         <size>0x18</size>
         <input_file_ref idref="fl-166"/>
      </object_component>
      <object_component id="oc-72">
         <name>.text</name>
         <load_address>0x20013fe4</load_address>
         <run_address>0x20013fe4</run_address>
         <size>0x18</size>
         <input_file_ref idref="fl-144"/>
      </object_component>
      <object_component id="oc-37d">
         <name>.text:PRCMHIBRegRead</name>
         <load_address>0x20013ffc</load_address>
         <run_address>0x20013ffc</run_address>
         <size>0x16</size>
         <input_file_ref idref="fl-175"/>
      </object_component>
      <object_component id="oc-383">
         <name>.text:PRCMHIBRegWrite</name>
         <load_address>0x20014012</load_address>
         <run_address>0x20014012</run_address>
         <size>0x16</size>
         <input_file_ref idref="fl-175"/>
      </object_component>
      <object_component id="oc-489">
         <name>.text:_SlDrvMemZero</name>
         <load_address>0x20014028</load_address>
         <run_address>0x20014028</run_address>
         <size>0x16</size>
         <input_file_ref idref="fl-167"/>
      </object_component>
      <object_component id="oc-676">
         <name>.text</name>
         <load_address>0x2001403e</load_address>
         <run_address>0x2001403e</run_address>
         <size>0x16</size>
         <input_file_ref idref="fl-153"/>
      </object_component>
      <object_component id="oc-372">
         <name>.text:CPUcpsie</name>
         <load_address>0x20014054</load_address>
         <run_address>0x20014054</run_address>
         <size>0x14</size>
         <input_file_ref idref="fl-17b"/>
      </object_component>
      <object_component id="oc-305">
         <name>.text:GPIOIntClear</name>
         <load_address>0x20014068</load_address>
         <run_address>0x20014068</run_address>
         <size>0x14</size>
         <input_file_ref idref="fl-172"/>
      </object_component>
      <object_component id="oc-161">
         <name>.text:IntVTableBaseSet</name>
         <load_address>0x2001407c</load_address>
         <run_address>0x2001407c</run_address>
         <size>0x14</size>
         <input_file_ref idref="fl-173"/>
      </object_component>
      <object_component id="oc-1ab">
         <name>.text</name>
         <load_address>0x20014090</load_address>
         <run_address>0x20014090</run_address>
         <size>0x14</size>
         <input_file_ref idref="fl-142"/>
      </object_component>
      <object_component id="oc-6bf">
         <name>.text</name>
         <load_address>0x200140a4</load_address>
         <run_address>0x200140a4</run_address>
         <size>0x14</size>
         <input_file_ref idref="fl-17e"/>
      </object_component>
[...]
      </symbol>
      <symbol id="sm-17d2">
         <name>mqp_client_alloc</name>
         <value>0x2000648d</value>
         <object_component_ref idref="oc-2aa"/>
      </symbol>
      <symbol id="sm-17d3">
         <name>mqtt_client_ctx_info_register</name>
         <value>0x200065ed</value>
         <object_component_ref idref="oc-2aa"/>
      </symbol>
      <symbol id="sm-17d4">
         <name>mqtt_client_pub_dispatch</name>
         <value>0x2000521f</value>
         <object_component_ref idref="oc-2aa"/>
      </symbol>
      <symbol id="sm-17d5">
         <name>mqtt_unsub_msg_send</name>
         <value>0x2000547b</value>
         <object_component_ref idref="oc-2aa"/>
      </symbol>
      <symbol id="sm-17d6">
         <name>mqtt_client_net_svc_register</name>
         <value>0x2000666d</value>
         <object_component_ref idref="oc-2aa"/>
      </symbol>
      <symbol id="sm-17d7">
         <name>mqtt_client_ctx_run</name>
         <value>0x200060c7</value>
         <object_component_ref idref="oc-2aa"/>
      </symbol>
      <symbol id="sm-17d8">
         <name>mqtt_client_ctx_will_register</name>
         <value>0x20006565</value>
         <object_component_ref idref="oc-2aa"/>
      </symbol>
      <symbol id="sm-17d9">
         <name>mqtt_connect_msg_send</name>
         <value>0x20005041</value>
         <object_component_ref idref="oc-2aa"/>
      </symbol>
      <symbol id="sm-17da">
         <name>mqtt_sub_dispatch</name>
         <value>0x20005467</value>
         <object_component_ref idref="oc-2aa"/>
      </symbol>
      <symbol id="sm-17db">
         <name>mqtt_client_is_connected</name>
         <value>0x20004a49</value>
         <object_component_ref idref="oc-2aa"/>
      </symbol>
      <symbol id="sm-17dc">
         <name>mqtt_pingreq_send</name>
         <value>0x2000554f</value>
         <object_component_ref idref="oc-2aa"/>
      </symbol>
      <symbol id="sm-17dd">
         <name>mqtt_client_ctx_create</name>
         <value>0x20006769</value>
         <object_component_ref idref="oc-2aa"/>
      </symbol>
      <symbol id="sm-17de">
         <name>mqtt_client_send_progress</name>
         <value>0x20004c01</value>
         <object_component_ref idref="oc-2aa"/>
      </symbol>
      <symbol id="sm-17df">
         <name>mqtt_sub_msg_send</name>
         <value>0x20005451</value>
         <object_component_ref idref="oc-2aa"/>
      </symbol>
      <symbol id="sm-17e0">
         <name>mqtt_client_new_msg_id</name>
         <value>0x20004a41</value>
         <object_component_ref idref="oc-2aa"/>
      </symbol>
      <symbol id="sm-17e1">
         <name>mqtt_client_run</name>
         <value>0x200063e9</value>
         <object_component_ref idref="oc-2aa"/>
      </symbol>
      <symbol id="sm-17e2">
         <name>mqtt_client_lib_exit</name>
         <value>0x200068fd</value>
         <object_component_ref idref="oc-2aa"/>
      </symbol>
      <symbol id="sm-17e3">
         <name>mqtt_client_buffers_register</name>
         <value>0x200064e1</value>
         <object_component_ref idref="oc-2aa"/>
      </symbol>
      <symbol id="sm-1867">
         <name>mqp_free</name>
         <value>0x2000b74b</value>
         <object_component_ref idref="oc-4de"/>
      </symbol>
      <symbol id="sm-1868">
         <name>qos2_pub_cq_unlog</name>
         <value>0x2000be95</value>
         <object_component_ref idref="oc-4de"/>
      </symbol>
      <symbol id="sm-1869">
         <name>mqp_ack_wlist_append</name>
         <value>0x2000bb47</value>
         <object_component_ref idref="oc-4de"/>
      </symbol>
      <symbol id="sm-186a">
         <name>cl_ctx_remove</name>
         <value>0x2000bfe9</value>
         <object_component_ref idref="oc-4de"/>
      </symbol>
      <symbol id="sm-186b">
         <name>mqp_init</name>
         <value>0x2000b797</value>
         <object_component_ref idref="oc-4de"/>
      </symbol>
      <symbol id="sm-186c">
         <name>mqp_pub_append_data</name>
         <value>0x2000b993</value>
         <object_component_ref idref="oc-4de"/>
      </symbol>
      <symbol id="sm-186d">
         <name>secure_conn_struct_init</name>
         <value>0x2000bc1f</value>
         <object_component_ref idref="oc-4de"/>
      </symbol>
      <symbol id="sm-186e">
         <name>mqp_ack_wlist_remove</name>
         <value>0x2000bb7d</value>
         <object_component_ref idref="oc-4de"/>
      </symbol>
      <symbol id="sm-186f">
         <name>mqp_buf_wr_utf8</name>
         <value>0x2000b7f1</value>
         <object_component_ref idref="oc-4de"/>
      </symbol>
      <symbol id="sm-1870">
         <name>qos2_pub_cq_reset</name>
         <value>0x2000be35</value>
         <object_component_ref idref="oc-4de"/>
      </symbol>
      <symbol id="sm-1871">
         <name>cl_ctx_timeout_insert</name>
         <value>0x2000bf79</value>
         <object_component_ref idref="oc-4de"/>
      </symbol>
      <symbol id="sm-1872">
         <name>mqp_buf_rd_remlen</name>
         <value>0x2000b8d3</value>
         <object_component_ref idref="oc-4de"/>
      </symbol>
      <symbol id="sm-1873">
         <name>mqp_prep_fh</name>
         <value>0x2000bc3f</value>
         <object_component_ref idref="oc-4de"/>
      </symbol>
      <symbol id="sm-1874">
         <name>mqp_reset</name>
         <value>0x2000b78b</value>
         <object_component_ref idref="oc-4de"/>
      </symbol>
      <symbol id="sm-1875">
         <name>mqp_ack_wlist_purge</name>
         <value>0x2000bbed</value>
         <object_component_ref idref="oc-4de"/>
      </symbol>
      <symbol id="sm-1876">
         <name>mqp_buf_tail_wr_remlen</name>
         <value>0x2000b863</value>
         <object_component_ref idref="oc-4de"/>
      </symbol>
      <symbol id="sm-1877">
         <name>mqp_proc_pub_rx</name>
         <value>0x2000baa5</value>
         <object_component_ref idref="oc-4de"/>
      </symbol>
      <symbol id="sm-1878">
         <name>mqp_recv</name>
         <value>0x2000bcb5</value>
         <object_component_ref idref="oc-4de"/>
      </symbol>
      <symbol id="sm-1879">
         <name>cl_ctx_timeout_update</name>
         <value>0x2000c03f</value>
         <object_component_ref idref="oc-4de"/>
      </symbol>
      <symbol id="sm-187a">
         <name>mqp_pub_append_topic</name>
         <value>0x2000b8e3</value>
         <object_component_ref idref="oc-4de"/>
      </symbol>
      <symbol id="sm-187b">
         <name>mqp_proc_msg_id_ack_rx</name>
         <value>0x2000ba6f</value>
         <object_component_ref idref="oc-4de"/>
      </symbol>
      <symbol id="sm-187c">
         <name>mqp_proc_vh_msg_id_rx</name>
         <value>0x2000ba63</value>
         <object_component_ref idref="oc-4de"/>
      </symbol>
      <symbol id="sm-187d">
         <name>qos2_pub_cq_logup</name>
         <value>0x2000be57</value>
         <object_component_ref idref="oc-4de"/>
      </symbol>
      <symbol id="sm-187e">
         <name>cl_ctx_reset</name>
         <value>0x2000bf49</value>
         <object_component_ref idref="oc-4de"/>
      </symbol>
      <symbol id="sm-187f">
         <name>qos2_pub_cq_check</name>
         <value>0x2000bed9</value>
         <object_component_ref idref="oc-4de"/>
      </symbol>
      <symbol id="sm-18cb">
         <name>GPIOIntDisable</name>
         <value>0x20013e25</value>
         <object_component_ref idref="oc-3b3"/>
      </symbol>
      <symbol id="sm-18cc">
         <name>GPIOIntEnable</name>
         <value>0x20013e3f</value>
         <object_component_ref idref="oc-30b"/>
      </symbol>
      <symbol id="sm-18cd">
         <name>GPIOIntTypeSet</name>
         <value>0x200120fd</value>
         <object_component_ref idref="oc-2ff"/>
      </symbol>
      <symbol id="sm-18ce">
         <name>GPIOIntClear</name>
         <value>0x20014069</value>
         <object_component_ref idref="oc-305"/>
      </symbol>
      <symbol id="sm-18cf">
         <name>GPIOIntStatus</name>
         <value>0x20013bb9</value>
         <object_component_ref idref="oc-3a7"/>
      </symbol>
      <symbol id="sm-18d0">
         <name>GPIOPinRead</name>
         <value>0x20013edb</value>
         <object_component_ref idref="oc-317"/>
      </symbol>
      <symbol id="sm-18d1">
         <name>GPIODirModeSet</name>
         <value>0x200135e9</value>
         <object_component_ref idref="oc-3cb"/>
      </symbol>
      <symbol id="sm-18d2">
         <name>GPIOPinWrite</name>
         <value>0x20013c63</value>
         <object_component_ref idref="oc-311"/>
      </symbol>
      <symbol id="sm-1958">
         <name>IntPendClear</name>
         <value>0x20012be9</value>
         <object_component_ref idref="oc-3ad"/>
      </symbol>
      <symbol id="sm-1959">
         <name>IntPrioritySet</name>
         <value>0x20012cf1</value>
         <object_component_ref idref="oc-2e3"/>
      </symbol>
      <symbol id="sm-195a">
         <name>IntVTableBaseSet</name>
         <value>0x2001407d</value>
         <object_component_ref idref="oc-161"/>
      </symbol>
      <symbol id="sm-195b">
         <name>IntEnable</name>
         <value>0x20011629</value>
         <object_component_ref idref="oc-16d"/>
      </symbol>
      <symbol id="sm-195c">
         <name>IntDisable</name>
         <value>0x20011581</value>
         <object_component_ref idref="oc-2e9"/>
      </symbol>
      <symbol id="sm-195d">
         <name>IntRegister</name>
         <value>0x20013c85</value>
         <object_component_ref idref="oc-2dd"/>
      </symbol>
      <symbol id="sm-195e">
         <name>IntUnregister</name>
         <value>0x20013abd</value>
         <object_component_ref idref="oc-2ef"/>
      </symbol>
      <symbol id="sm-195f">
         <name>IntMasterEnable</name>
         <value>0x2001415d</value>
         <object_component_ref idref="oc-167"/>
      </symbol>
      <symbol id="sm-1996">
         <name>PinTypeUART</name>
         <value>0x20013e59</value>
         <object_component_ref idref="oc-3d1"/>
      </symbol>
      <symbol id="sm-1997">
         <name>PinTypeGPIO</name>
         <value>0x200136f1</value>
         <object_component_ref idref="oc-3c5"/>
      </symbol>
      <symbol id="sm-1998">
         <name>PinConfigSet</name>
         <value>0x20011dd5</value>
         <object_component_ref idref="oc-54d"/>
      </symbol>
      <symbol id="sm-1999">
         <name>PinModeSet</name>
         <value>0x20013315</value>
         <object_component_ref idref="oc-553"/>
      </symbol>
      <symbol id="sm-1a73">
         <name>PRCMSlowClkCtrGet</name>
         <value>0x20012ded</value>
         <object_component_ref idref="oc-8c1"/>
      </symbol>
      <symbol id="sm-1a74">
         <name>PRCMPeripheralReset</name>
         <value>0x20012c41</value>
         <object_component_ref idref="oc-333"/>
      </symbol>
      <symbol id="sm-1a75">
         <name>PRCMRTCInUseSet</name>
         <value>0x20014167</value>
         <object_component_ref idref="oc-7f7"/>
      </symbol>
      <symbol id="sm-1a76">
         <name>PRCMPeripheralClkEnable</name>
         <value>0x20013411</value>
         <object_component_ref idref="oc-32d"/>
      </symbol>
      <symbol id="sm-1a77">
         <name>PRCMPeripheralClockGet</name>
         <value>0x20011a85</value>
         <object_component_ref idref="oc-272"/>
      </symbol>
      <symbol id="sm-1a78">
         <name>PRCMCC3200MCUInit</name>
         <value>0x2000fd4d</value>
         <object_component_ref idref="oc-173"/>
      </symbol>
      <symbol id="sm-1a79">
         <name>PRCMHIBRegWrite</name>
         <value>0x20014013</value>
         <object_component_ref idref="oc-383"/>
      </symbol>
      <symbol id="sm-1a7a">
         <name>PRCMSysResetCauseGet</name>
         <value>0x20013925</value>
         <object_component_ref idref="oc-38f"/>
      </symbol>
      <symbol id="sm-1a7b">
         <name>PRCMRTCGet</name>
         <value>0x20012301</value>
         <object_component_ref idref="oc-7fd"/>
      </symbol>
      <symbol id="sm-1a7c">
         <name>PRCMPeripheralStatusGet</name>
         <value>0x20013655</value>
         <object_component_ref idref="oc-583"/>
      </symbol>
      <symbol id="sm-1a7d">
         <name>PRCMPeripheralClkDisable</name>
         <value>0x20013a21</value>
         <object_component_ref idref="oc-389"/>
      </symbol>
      <symbol id="sm-1a7e">
         <name>PRCMHIBRegRead</name>
         <value>0x20013ffd</value>
         <object_component_ref idref="oc-37d"/>
      </symbol>
      <symbol id="sm-1b1a">
         <name>SPIFIFODisable</name>
         <value>0x20013ea7</value>
         <object_component_ref idref="oc-611"/>
      </symbol>
      <symbol id="sm-1b1b">
         <name>SPICSEnable</name>
         <value>0x20013f0b</value>
         <object_component_ref idref="oc-851"/>
      </symbol>
      <symbol id="sm-1b1c">
         <name>SPIDisable</name>
         <value>0x20013f23</value>
         <object_component_ref idref="oc-571"/>
      </symbol>
      <symbol id="sm-1b1d">
         <name>SPIFIFOEnable</name>
         <value>0x20013ec1</value>
         <object_component_ref idref="oc-58f"/>
      </symbol>
      <symbol id="sm-1b1e">
         <name>SPIWordCountSet</name>
         <value>0x20013c1f</value>
         <object_component_ref idref="oc-857"/>
      </symbol>
      <symbol id="sm-1b1f">
         <name>SPIEnable</name>
         <value>0x20013f3b</value>
         <object_component_ref idref="oc-5a7"/>
      </symbol>
      <symbol id="sm-1b20">
         <name>SPIDmaEnable</name>
         <value>0x20013e8d</value>
         <object_component_ref idref="oc-595"/>
      </symbol>
      <symbol id="sm-1b21">
         <name>SPIConfigSetExpClk</name>
         <value>0x20011779</value>
         <object_component_ref idref="oc-57d"/>
      </symbol>
      <symbol id="sm-1b22">
         <name>SPIFIFOLevelSet</name>
         <value>0x20013689</value>
         <object_component_ref idref="oc-59b"/>
      </symbol>
      <symbol id="sm-1b23">
         <name>SPIDmaDisable</name>
         <value>0x20013e73</value>
         <object_component_ref idref="oc-617"/>
      </symbol>
      <symbol id="sm-1b24">
         <name>SPIReset</name>
         <value>0x20013bfd</value>
         <object_component_ref idref="oc-577"/>
      </symbol>
      <symbol id="sm-1b25">
         <name>SPIIntEnable</name>
         <value>0x20012e8d</value>
         <object_component_ref idref="oc-5a1"/>
      </symbol>
      <symbol id="sm-1b26">
         <name>SPIIntClear</name>
         <value>0x200130a1</value>
         <object_component_ref idref="oc-764"/>
      </symbol>
      <symbol id="sm-1b27">
         <name>SPICSDisable</name>
         <value>0x20013ef3</value>
         <object_component_ref idref="oc-56b"/>
      </symbol>
      <symbol id="sm-1b96">
         <name>TimerLoadSet</name>
         <value>0x20013951</value>
         <object_component_ref idref="oc-34b"/>
      </symbol>
      <symbol id="sm-1b97">
         <name>TimerDisable</name>
         <value>0x20013ce5</value>
         <object_component_ref idref="oc-357"/>
      </symbol>
      <symbol id="sm-1b98">
         <name>TimerEnable</name>
         <value>0x20013d03</value>
         <object_component_ref idref="oc-351"/>
      </symbol>
      <symbol id="sm-1b99">
         <name>TimerIntUnregister</name>
         <value>0x20012795</value>
         <object_component_ref idref="oc-363"/>
      </symbol>
      <symbol id="sm-1b9a">
         <name>TimerIntStatus</name>
         <value>0x20013d21</value>
         <object_component_ref idref="oc-14f"/>
      </symbol>
      <symbol id="sm-1b9b">
         <name>TimerIntDisable</name>
         <value>0x20013f53</value>
         <object_component_ref idref="oc-35d"/>
      </symbol>
      <symbol id="sm-1b9c">
         <name>TimerValueGet</name>
         <value>0x20013d7b</value>
         <object_component_ref idref="oc-369"/>
      </symbol>
      <symbol id="sm-1b9d">
         <name>TimerPrescaleSet</name>
         <value>0x2001397b</value>
         <object_component_ref idref="oc-33f"/>
      </symbol>
      <symbol id="sm-1b9e">
         <name>TimerIntEnable</name>
         <value>0x20013f6b</value>
         <object_component_ref idref="oc-345"/>
      </symbol>
      <symbol id="sm-1b9f">
         <name>TimerConfigure</name>
         <value>0x20013205</value>
         <object_component_ref idref="oc-339"/>
      </symbol>
      <symbol id="sm-1ba0">
         <name>TimerIntClear</name>
         <value>0x200140cd</value>
         <object_component_ref idref="oc-155"/>
      </symbol>
      <symbol id="sm-1bdc">
         <name>UARTConfigSetExpClk</name>
         <value>0x20012565</value>
         <object_component_ref idref="oc-278"/>
      </symbol>
      <symbol id="sm-1bdd">
         <name>UARTDisable</name>
         <value>0x20013721</value>
         <object_component_ref idref="oc-4b8"/>
      </symbol>
      <symbol id="sm-1bde">
         <name>UARTCharsAvail</name>
         <value>0x20013f83</value>
         <object_component_ref idref="oc-28a"/>
      </symbol>
      <symbol id="sm-1bdf">
         <name>UARTCharGetNonBlocking</name>
         <value>0x20013d97</value>
         <object_component_ref idref="oc-290"/>
      </symbol>
      <symbol id="sm-1be0">
         <name>UARTCharPut</name>
         <value>0x20013d3f</value>
         <object_component_ref idref="oc-27e"/>
      </symbol>
      <symbol id="sm-1be1">
         <name>UARTEnable</name>
         <value>0x20013b29</value>
         <object_component_ref idref="oc-4be"/>
      </symbol>
      <symbol id="sm-1c38">
         <name>uDMAChannelControlSet</name>
         <value>0x2001353d</value>
         <object_component_ref idref="oc-958"/>
      </symbol>
      <symbol id="sm-1c39">
         <name>uDMAChannelAttributeEnable</name>
         <value>0x20012a69</value>
         <object_component_ref idref="oc-95e"/>
      </symbol>
      <symbol id="sm-1c3a">
         <name>uDMAChannelTransferSet</name>
         <value>0x20010c21</value>
         <object_component_ref idref="oc-964"/>
      </symbol>
      <symbol id="sm-1c3b">
         <name>uDMAChannelAssign</name>
         <value>0x20013055</value>
         <object_component_ref idref="oc-748"/>
      </symbol>
      <symbol id="sm-1c3c">
         <name>uDMAChannelAttributeDisable</name>
         <value>0x20012a05</value>
         <object_component_ref idref="oc-74e"/>
      </symbol>
      <symbol id="sm-1c3d">
         <name>uDMAChannelEnable</name>
         <value>0x20013e09</value>
         <object_component_ref idref="oc-96a"/>
      </symbol>
      <symbol id="sm-1c41">
         <name>UtilsDelay</name>
         <value>0x2001416f</value>
         <object_component_ref idref="oc-17d"/>
      </symbol>
      <symbol id="sm-1c4b">
         <name>CPUcpsie</name>
         <value>0x20014055</value>
         <object_component_ref idref="oc-372"/>
      </symbol>
      <symbol id="sm-1c5e">
         <name>strcpy</name>
         <value>0x200140a5</value>
         <object_component_ref idref="oc-6bf"/>
      </symbol>
      <symbol id="sm-1c76">
         <name>strtok</name>
         <value>0x20013395</value>
         <object_component_ref idref="oc-6c5"/>
      </symbol>
      <symbol id="sm-1c87">
         <name>strcspn</name>
         <value>0x20013b95</value>
         <object_component_ref idref="oc-7e2"/>
      </symbol>
      <symbol id="sm-1c99">
         <name>strspn</name>
         <value>0x200139a5</value>
         <object_component_ref idref="oc-7dc"/>
      </symbol>
      <symbol id="sm-1c9a">
         <name>__TI_static_base__</name>
         <value>0x200149d0</value>
      </symbol>
      <symbol id="sm-1c9d">
         <name>SHT$$INIT_ARRAY$$Limit</name>
         <value>0x0</value>
      </symbol>
      <symbol id="sm-1c9e">
         <name>SHT$$INIT_ARRAY$$Base</name>
         <value>0x0</value>
      </symbol>
   </symbol_table>
   <title>Link successful</title>
</link_info>
